Archive member included to satisfy reference by file (symbol)

c:/progra~2/gnuarm~1/102021~1.10/bin/../lib/gcc/arm-none-eabi/10.3.1/thumb/v6-m/nofp\libgcc.a(_dvmd_tls.o)
                              CMakeFiles/orcawhaletail_sensorloopdrive.dir/C_/Program_Files/Raspberry_Pi/Pico_SDK_v1.5.1/pico-sdk/src/rp2_common/pico_divider/divider.S.obj (__aeabi_idiv0)
c:/progra~2/gnuarm~1/102021~1.10/bin/../lib/gcc/arm-none-eabi/10.3.1/../../../../arm-none-eabi/lib/thumb/v6-m/nofp\libg.a(lib_a-calloc.o)
                              CMakeFiles/orcawhaletail_sensorloopdrive.dir/C_/Program_Files/Raspberry_Pi/Pico_SDK_v1.5.1/pico-sdk/src/rp2_common/pico_malloc/pico_malloc.c.obj (calloc)
c:/progra~2/gnuarm~1/102021~1.10/bin/../lib/gcc/arm-none-eabi/10.3.1/../../../../arm-none-eabi/lib/thumb/v6-m/nofp\libg.a(lib_a-callocr.o)
                              c:/progra~2/gnuarm~1/102021~1.10/bin/../lib/gcc/arm-none-eabi/10.3.1/../../../../arm-none-eabi/lib/thumb/v6-m/nofp\libg.a(lib_a-calloc.o) (_calloc_r)
c:/progra~2/gnuarm~1/102021~1.10/bin/../lib/gcc/arm-none-eabi/10.3.1/../../../../arm-none-eabi/lib/thumb/v6-m/nofp\libg.a(lib_a-errno.o)
                              c:/progra~2/gnuarm~1/102021~1.10/bin/../lib/gcc/arm-none-eabi/10.3.1/../../../../arm-none-eabi/lib/thumb/v6-m/nofp\libg.a(lib_a-callocr.o) (__errno)
c:/progra~2/gnuarm~1/102021~1.10/bin/../lib/gcc/arm-none-eabi/10.3.1/../../../../arm-none-eabi/lib/thumb/v6-m/nofp\libg.a(lib_a-impure.o)
                              c:/progra~2/gnuarm~1/102021~1.10/bin/../lib/gcc/arm-none-eabi/10.3.1/../../../../arm-none-eabi/lib/thumb/v6-m/nofp\libg.a(lib_a-calloc.o) (_impure_ptr)
c:/progra~2/gnuarm~1/102021~1.10/bin/../lib/gcc/arm-none-eabi/10.3.1/../../../../arm-none-eabi/lib/thumb/v6-m/nofp\libg.a(lib_a-init.o)
                              c:/progra~2/gnuarm~1/102021~1.10/bin/../lib/gcc/arm-none-eabi/10.3.1/../../../../arm-none-eabi/lib/thumb/v6-m/nofp/crt0.o (__libc_init_array)
c:/progra~2/gnuarm~1/102021~1.10/bin/../lib/gcc/arm-none-eabi/10.3.1/../../../../arm-none-eabi/lib/thumb/v6-m/nofp\libg.a(lib_a-malloc.o)
                              CMakeFiles/orcawhaletail_sensorloopdrive.dir/C_/Program_Files/Raspberry_Pi/Pico_SDK_v1.5.1/pico-sdk/src/rp2_common/pico_malloc/pico_malloc.c.obj (malloc)
c:/progra~2/gnuarm~1/102021~1.10/bin/../lib/gcc/arm-none-eabi/10.3.1/../../../../arm-none-eabi/lib/thumb/v6-m/nofp\libg.a(lib_a-mallocr.o)
                              c:/progra~2/gnuarm~1/102021~1.10/bin/../lib/gcc/arm-none-eabi/10.3.1/../../../../arm-none-eabi/lib/thumb/v6-m/nofp\libg.a(lib_a-callocr.o) (_malloc_r)
c:/progra~2/gnuarm~1/102021~1.10/bin/../lib/gcc/arm-none-eabi/10.3.1/../../../../arm-none-eabi/lib/thumb/v6-m/nofp\libg.a(lib_a-mlock.o)
                              c:/progra~2/gnuarm~1/102021~1.10/bin/../lib/gcc/arm-none-eabi/10.3.1/../../../../arm-none-eabi/lib/thumb/v6-m/nofp\libg.a(lib_a-mallocr.o) (__malloc_lock)
c:/progra~2/gnuarm~1/102021~1.10/bin/../lib/gcc/arm-none-eabi/10.3.1/../../../../arm-none-eabi/lib/thumb/v6-m/nofp\libg.a(lib_a-realloc.o)
                              CMakeFiles/orcawhaletail_sensorloopdrive.dir/C_/Program_Files/Raspberry_Pi/Pico_SDK_v1.5.1/pico-sdk/src/rp2_common/pico_malloc/pico_malloc.c.obj (realloc)
c:/progra~2/gnuarm~1/102021~1.10/bin/../lib/gcc/arm-none-eabi/10.3.1/../../../../arm-none-eabi/lib/thumb/v6-m/nofp\libg.a(lib_a-reallocr.o)
                              c:/progra~2/gnuarm~1/102021~1.10/bin/../lib/gcc/arm-none-eabi/10.3.1/../../../../arm-none-eabi/lib/thumb/v6-m/nofp\libg.a(lib_a-realloc.o) (_realloc_r)
c:/progra~2/gnuarm~1/102021~1.10/bin/../lib/gcc/arm-none-eabi/10.3.1/../../../../arm-none-eabi/lib/thumb/v6-m/nofp\libg.a(lib_a-sbrkr.o)
                              c:/progra~2/gnuarm~1/102021~1.10/bin/../lib/gcc/arm-none-eabi/10.3.1/../../../../arm-none-eabi/lib/thumb/v6-m/nofp\libg.a(lib_a-mallocr.o) (_sbrk_r)
c:/progra~2/gnuarm~1/102021~1.10/bin/../lib/gcc/arm-none-eabi/10.3.1/../../../../arm-none-eabi/lib/thumb/v6-m/nofp\libg.a(lib_a-strlen-stub.o)
                              CMakeFiles/orcawhaletail_sensorloopdrive.dir/C_/Program_Files/Raspberry_Pi/Pico_SDK_v1.5.1/pico-sdk/src/rp2_common/pico_stdio/stdio.c.obj (strlen)
c:/progra~2/gnuarm~1/102021~1.10/bin/../lib/gcc/arm-none-eabi/10.3.1/../../../../arm-none-eabi/lib/thumb/v6-m/nofp\libg.a(lib_a-freer.o)
                              c:/progra~2/gnuarm~1/102021~1.10/bin/../lib/gcc/arm-none-eabi/10.3.1/../../../../arm-none-eabi/lib/thumb/v6-m/nofp\libg.a(lib_a-malloc.o) (_free_r)
c:/progra~2/gnuarm~1/102021~1.10/bin/../lib/gcc/arm-none-eabi/10.3.1/../../../../arm-none-eabi/lib/thumb/v6-m/nofp\libg.a(lib_a-lock.o)
                              c:/progra~2/gnuarm~1/102021~1.10/bin/../lib/gcc/arm-none-eabi/10.3.1/../../../../arm-none-eabi/lib/thumb/v6-m/nofp\libg.a(lib_a-mlock.o) (__retarget_lock_acquire_recursive)
[...]
Memory Configuration

Name             Origin             Length             Attributes
FLASH            0x10000000         0x00200000         xr
RAM              0x20000000         0x00040000         xrw
SCRATCH_X        0x20040000         0x00001000         xrw
SCRATCH_Y        0x20041000         0x00001000         xrw
*default*        0x00000000         0xffffffff

Linker script and memory map

LOAD c:/progra~2/gnuarm~1/102021~1.10/bin/../lib/gcc/arm-none-eabi/10.3.1/thumb/v6-m/nofp/crti.o
LOAD c:/progra~2/gnuarm~1/102021~1.10/bin/../lib/gcc/arm-none-eabi/10.3.1/thumb/v6-m/nofp/crtbegin.o
LOAD c:/progra~2/gnuarm~1/102021~1.10/bin/../lib/gcc/arm-none-eabi/10.3.1/../../../../arm-none-eabi/lib/thumb/v6-m/nofp/crt0.o

.flash_begin    0x10000000        0x0
                0x10000000                __flash_binary_start = .

.boot2          0x10000000      0x100
                0x10000000                __boot2_start__ = .
 *(.boot2)
 .boot2         0x10000000      0x100 C:\Users\mvsmo\AppData\Local\Temp\ccW2VkXk.o
                0x10000100                __boot2_end__ = .
                0x00000001                ASSERT (((__boot2_end__ - __boot2_start__) == 0x100), ERROR: Pico second stage bootloader must be 256 bytes in size)

.text           0x10000100     0x7270
                0x10000100                __logical_binary_start = .
 *(.vectors)
 .vectors       0x10000100       0xd4 CMakeFiles/orcawhaletail_sensorloopdrive.dir/C_/Program_Files/Raspberry_Pi/Pico_SDK_v1.5.1/pico-sdk/src/rp2_common/pico_standard_link/crt0.S.obj
                0x10000100                __VECTOR_TABLE
                0x10000100                __vectors
                0x100001c0                isr_invalid
                0x100001c0                __default_isrs_start
                0x100001c2                isr_nmi
                0x100001c4                isr_hardfault
                0x100001c6                isr_svcall
                0x100001c8                isr_pendsv
                0x100001ca                isr_systick
                0x100001cc                isr_irq23
                0x100001cc                isr_irq18
                0x100001cc                isr_irq11
                0x100001cc                isr_irq28
                0x100001cc                isr_irq19
                0x100001cc                isr_irq0
                0x100001cc                isr_irq6
                0x100001cc                isr_irq5
                0x100001cc                isr_irq12
                0x100001cc                isr_irq22
                0x100001cc                isr_irq31
                0x100001cc                isr_irq17
                0x100001cc                isr_irq27
                0x100001cc                isr_irq30
                0x100001cc                isr_irq2
                0x100001cc                isr_irq10
                0x100001cc                isr_irq8
                0x100001cc                isr_irq24
                0x100001cc                isr_irq1
                0x100001cc                isr_irq7
                0x100001cc                isr_irq21
                0x100001cc                isr_irq20
                0x100001cc                isr_irq15
                0x100001cc                isr_irq25
                0x100001cc                isr_irq13
                0x100001cc                __unhandled_user_irq
                0x100001cc                isr_irq4
                0x100001cc                isr_irq16
                0x100001cc                isr_irq29
                0x100001cc                isr_irq26
                0x100001cc                __default_isrs_end
                0x100001cc                isr_irq3
                0x100001cc                isr_irq14
                0x100001cc                isr_irq9
                0x100001d2                unhandled_user_irq_num_in_r0
 *(.binary_info_header)
 .binary_info_header
                0x100001d4       0x14 CMakeFiles/orcawhaletail_sensorloopdrive.dir/C_/Program_Files/Raspberry_Pi/Pico_SDK_v1.5.1/pico-sdk/src/rp2_common/pico_standard_link/crt0.S.obj
                0x100001e8                __binary_info_header_end = .
 *(.reset)
 .reset         0x100001e8       0xa0 CMakeFiles/orcawhaletail_sensorloopdrive.dir/C_/Program_Files/Raspberry_Pi/Pico_SDK_v1.5.1/pico-sdk/src/rp2_common/pico_standard_link/crt0.S.obj
                0x100001e8                _entry_point
 .reset         0x10000288       0x30 CMakeFiles/orcawhaletail_sensorloopdrive.dir/C_/Program_Files/Raspberry_Pi/Pico_SDK_v1.5.1/pico-sdk/src/rp2_common/pico_standard_link/binary_info.c.obj
 *(.init)
 .init          0x100002b8        0x4 c:/progra~2/gnuarm~1/102021~1.10/bin/../lib/gcc/arm-none-eabi/10.3.1/thumb/v6-m/nofp/crti.o
                0x100002b8                _init
 *(EXCLUDE_FILE(*libm.a: *libc.a:*lib_a-mem*.o *libgcc.a:) .text*)
 .text          0x100002bc       0x48 c:/progra~2/gnuarm~1/102021~1.10/bin/../lib/gcc/arm-none-eabi/10.3.1/thumb/v6-m/nofp/crtbegin.o
 .text.main     0x10000304      0x1d0 CMakeFiles/orcawhaletail_sensorloopdrive.dir/main.cpp.obj
                0x10000304                main
 .text.dac161s997_spi_xfer
                0x100004d4       0x4c CMakeFiles/orcawhaletail_sensorloopdrive.dir/spi_port.c.obj
                0x100004d4                dac161s997_spi_xfer
 .text.dac161s997_set_output
                0x10000520       0x34 CMakeFiles/orcawhaletail_sensorloopdrive.dir/src/dac161s997.c.obj
                0x10000520                dac161s997_set_output
 .text.dac161s997_set_alarm
                0x10000554       0x60 CMakeFiles/orcawhaletail_sensorloopdrive.dir/src/dac161s997.c.obj
                0x10000554                dac161s997_set_alarm
 .text.dac161s997_init
                0x100005b4       0x70 CMakeFiles/orcawhaletail_sensorloopdrive.dir/src/dac161s997.c.obj
                0x100005b4                dac161s997_init
 .text.dac161s997_get_status
                0x10000624       0xb8 CMakeFiles/orcawhaletail_sensorloopdrive.dir/src/dac161s997.c.obj
                0x10000624                dac161s997_get_status
 .text._dac161s997_op_reg
                0x100006dc       0xa0 CMakeFiles/orcawhaletail_sensorloopdrive.dir/src/dac161s997_regs.c.obj
 .text.dac161s997_write_reg
                0x1000077c       0x26 CMakeFiles/orcawhaletail_sensorloopdrive.dir/src/dac161s997_regs.c.obj
                0x1000077c                dac161s997_write_reg
 .text.dac161s997_read_reg
                0x100007a2       0x10 CMakeFiles/orcawhaletail_sensorloopdrive.dir/src/dac161s997_regs.c.obj
                0x100007a2                dac161s997_read_reg
 *fill*         0x100007b2        0x2 
 .text.gpio_set_function
                0x100007b4       0x30 CMakeFiles/orcawhaletail_sensorloopdrive.dir/C_/Program_Files/Raspberry_Pi/Pico_SDK_v1.5.1/pico-sdk/src/rp2_common/hardware_gpio/gpio.c.obj
                0x100007b4                gpio_set_function
 .text.gpio_init
                0x100007e4       0x16 CMakeFiles/orcawhaletail_sensorloopdrive.dir/C_/Program_Files/Raspberry_Pi/Pico_SDK_v1.5.1/pico-sdk/src/rp2_common/hardware_gpio/gpio.c.obj
                0x100007e4                gpio_init
 *fill*         0x100007fa        0x2 
 .text.running_on_fpga
                0x100007fc       0x14 CMakeFiles/orcawhaletail_sensorloopdrive.dir/C_/Program_Files/Raspberry_Pi/Pico_SDK_v1.5.1/pico-sdk/src/rp2_common/pico_platform/platform.c.obj
                0x100007fc                running_on_fpga
 .text.hw_claim_lock
                0x10000810       0x18 CMakeFiles/orcawhaletail_sensorloopdrive.dir/C_/Program_Files/Raspberry_Pi/Pico_SDK_v1.5.1/pico-sdk/src/rp2_common/hardware_claim/claim.c.obj
                0x10000810                hw_claim_lock
 .text.hw_claim_unlock
                0x10000828       0x14 CMakeFiles/orcawhaletail_sensorloopdrive.dir/C_/Program_Files/Raspberry_Pi/Pico_SDK_v1.5.1/pico-sdk/src/rp2_common/hardware_claim/claim.c.obj
                0x10000828                hw_claim_unlock
 .text.hw_claim_or_assert
                0x1000083c       0x32 CMakeFiles/orcawhaletail_sensorloopdrive.dir/C_/Program_Files/Raspberry_Pi/Pico_SDK_v1.5.1/pico-sdk/src/rp2_common/hardware_claim/claim.c.obj
                0x1000083c                hw_claim_or_assert
 .text.hw_claim_unused_from_range
                0x1000086e       0x50 CMakeFiles/orcawhaletail_sensorloopdrive.dir/C_/Program_Files/Raspberry_Pi/Pico_SDK_v1.5.1/pico-sdk/src/rp2_common/hardware_claim/claim.c.obj
                0x1000086e                hw_claim_unused_from_range
 *fill*         0x100008be        0x2 
 .text.spin_locks_reset
                0x100008c0       0x20 CMakeFiles/orcawhaletail_sensorloopdrive.dir/C_/Program_Files/Raspberry_Pi/Pico_SDK_v1.5.1/pico-sdk/src/rp2_common/hardware_sync/sync.c.obj
                0x100008c0                spin_locks_reset
 .text.next_striped_spin_lock_num
                0x100008e0       0x1c CMakeFiles/orcawhaletail_sensorloopdrive.dir/C_/Program_Files/Raspberry_Pi/Pico_SDK_v1.5.1/pico-sdk/src/rp2_common/hardware_sync/sync.c.obj
                0x100008e0                next_striped_spin_lock_num
 .text.spin_lock_claim_unused
                0x100008fc       0x20 CMakeFiles/orcawhaletail_sensorloopdrive.dir/C_/Program_Files/Raspberry_Pi/Pico_SDK_v1.5.1/pico-sdk/src/rp2_common/hardware_sync/sync.c.obj
                0x100008fc                spin_lock_claim_unused
 .text.set_raw_irq_handler_and_unlock
                0x1000091c       0x28 CMakeFiles/orcawhaletail_sensorloopdrive.dir/C_/Program_Files/Raspberry_Pi/Pico_SDK_v1.5.1/pico-sdk/src/rp2_common/hardware_irq/irq.c.obj
 .text.make_branch
                0x10000944       0x48 CMakeFiles/orcawhaletail_sensorloopdrive.dir/C_/Program_Files/Raspberry_Pi/Pico_SDK_v1.5.1/pico-sdk/src/rp2_common/hardware_irq/irq.c.obj
 .text.insert_branch_and_link
                0x1000098c       0x40 CMakeFiles/orcawhaletail_sensorloopdrive.dir/C_/Program_Files/Raspberry_Pi/Pico_SDK_v1.5.1/pico-sdk/src/rp2_common/hardware_irq/irq.c.obj
 .text.irq_is_enabled
                0x100009cc       0x18 CMakeFiles/orcawhaletail_sensorloopdrive.dir/C_/Program_Files/Raspberry_Pi/Pico_SDK_v1.5.1/pico-sdk/src/rp2_common/hardware_irq/irq.c.obj
                0x100009cc                irq_is_enabled
 .text.irq_set_mask_enabled
                0x100009e4       0x20 CMakeFiles/orcawhaletail_sensorloopdrive.dir/C_/Program_Files/Raspberry_Pi/Pico_SDK_v1.5.1/pico-sdk/src/rp2_common/hardware_irq/irq.c.obj
                0x100009e4                irq_set_mask_enabled
 .text.irq_set_enabled
                0x10000a04        0xe CMakeFiles/orcawhaletail_sensorloopdrive.dir/C_/Program_Files/Raspberry_Pi/Pico_SDK_v1.5.1/pico-sdk/src/rp2_common/hardware_irq/irq.c.obj
                0x10000a04                irq_set_enabled
 *fill*         0x10000a12        0x2 
 .text.irq_set_pending
                0x10000a14       0x10 CMakeFiles/orcawhaletail_sensorloopdrive.dir/C_/Program_Files/Raspberry_Pi/Pico_SDK_v1.5.1/pico-sdk/src/rp2_common/hardware_irq/irq.c.obj
                0x10000a14                irq_set_pending
 .text.irq_get_vtable_handler
                0x10000a24       0x10 CMakeFiles/orcawhaletail_sensorloopdrive.dir/C_/Program_Files/Raspberry_Pi/Pico_SDK_v1.5.1/pico-sdk/src/rp2_common/hardware_irq/irq.c.obj
                0x10000a24                irq_get_vtable_handler
 .text.irq_has_shared_handler
                0x10000a34       0x24 CMakeFiles/orcawhaletail_sensorloopdrive.dir/C_/Program_Files/Raspberry_Pi/Pico_SDK_v1.5.1/pico-sdk/src/rp2_common/hardware_irq/irq.c.obj
                0x10000a34                irq_has_shared_handler
 .text.irq_set_exclusive_handler
                0x10000a58       0x54 CMakeFiles/orcawhaletail_sensorloopdrive.dir/C_/Program_Files/Raspberry_Pi/Pico_SDK_v1.5.1/pico-sdk/src/rp2_common/hardware_irq/irq.c.obj
                0x10000a58                irq_set_exclusive_handler
 .text.irq_add_shared_handler
                0x10000aac      0x234 CMakeFiles/orcawhaletail_sensorloopdrive.dir/C_/Program_Files/Raspberry_Pi/Pico_SDK_v1.5.1/pico-sdk/src/rp2_common/hardware_irq/irq.c.obj
                0x10000aac                irq_add_shared_handler
 .text.irq_remove_handler
                0x10000ce0      0x1ac CMakeFiles/orcawhaletail_sensorloopdrive.dir/C_/Program_Files/Raspberry_Pi/Pico_SDK_v1.5.1/pico-sdk/src/rp2_common/hardware_irq/irq.c.obj
                0x10000ce0                irq_remove_handler
 .text.irq_add_tail_to_free_list
                0x10000e8c       0xf0 CMakeFiles/orcawhaletail_sensorloopdrive.dir/C_/Program_Files/Raspberry_Pi/Pico_SDK_v1.5.1/pico-sdk/src/rp2_common/hardware_irq/irq.c.obj
                0x10000e8c                irq_add_tail_to_free_list
 .text.irq_init_priorities
                0x10000f7c       0x1c CMakeFiles/orcawhaletail_sensorloopdrive.dir/C_/Program_Files/Raspberry_Pi/Pico_SDK_v1.5.1/pico-sdk/src/rp2_common/hardware_irq/irq.c.obj
                0x10000f7c                irq_init_priorities
 .text.user_irq_claim_unused
                0x10000f98       0x28 CMakeFiles/orcawhaletail_sensorloopdrive.dir/C_/Program_Files/Raspberry_Pi/Pico_SDK_v1.5.1/pico-sdk/src/rp2_common/hardware_irq/irq.c.obj
                0x10000f98                user_irq_claim_unused
 .text.lock_init
                0x10000fc0       0x10 CMakeFiles/orcawhaletail_sensorloopdrive.dir/C_/Program_Files/Raspberry_Pi/Pico_SDK_v1.5.1/pico-sdk/src/common/pico_sync/lock_core.c.obj
                0x10000fc0                lock_init
 .text.mutex_init
                0x10000fd0       0x1a CMakeFiles/orcawhaletail_sensorloopdrive.dir/C_/Program_Files/Raspberry_Pi/Pico_SDK_v1.5.1/pico-sdk/src/common/pico_sync/mutex.c.obj
                0x10000fd0                mutex_init
 .text.recursive_mutex_init
                0x10000fea       0x1e CMakeFiles/orcawhaletail_sensorloopdrive.dir/C_/Program_Files/Raspberry_Pi/Pico_SDK_v1.5.1/pico-sdk/src/common/pico_sync/mutex.c.obj
                0x10000fea                recursive_mutex_init
 .text.critical_section_init_with_lock_num
                0x10001008       0x14 CMakeFiles/orcawhaletail_sensorloopdrive.dir/C_/Program_Files/Raspberry_Pi/Pico_SDK_v1.5.1/pico-sdk/src/common/pico_sync/critical_section.c.obj
                0x10001008                critical_section_init_with_lock_num
 .text.critical_section_init
                0x1000101c       0x14 CMakeFiles/orcawhaletail_sensorloopdrive.dir/C_/Program_Files/Raspberry_Pi/Pico_SDK_v1.5.1/pico-sdk/src/common/pico_sync/critical_section.c.obj
                0x1000101c                critical_section_init
 .text.alarm_pool_post_alloc_init
                0x10001030       0x40 CMakeFiles/orcawhaletail_sensorloopdrive.dir/C_/Program_Files/Raspberry_Pi/Pico_SDK_v1.5.1/pico-sdk/src/common/pico_time/time.c.obj
 .text.sleep_until_callback
                0x10001070       0x30 CMakeFiles/orcawhaletail_sensorloopdrive.dir/C_/Program_Files/Raspberry_Pi/Pico_SDK_v1.5.1/pico-sdk/src/common/pico_time/time.c.obj
 .text.timer_pool_entry_comparator
                0x100010a0       0x7c CMakeFiles/orcawhaletail_sensorloopdrive.dir/C_/Program_Files/Raspberry_Pi/Pico_SDK_v1.5.1/pico-sdk/src/common/pico_time/time.c.obj
                0x100010a0                timer_pool_entry_comparator
 .text.ph_add_child_node
                0x1000111c       0xa4 CMakeFiles/orcawhaletail_sensorloopdrive.dir/C_/Program_Files/Raspberry_Pi/Pico_SDK_v1.5.1/pico-sdk/src/common/pico_time/time.c.obj
 .text.ph_merge_nodes
                0x100011c0       0x3e CMakeFiles/orcawhaletail_sensorloopdrive.dir/C_/Program_Files/Raspberry_Pi/Pico_SDK_v1.5.1/pico-sdk/src/common/pico_time/time.c.obj
 *fill*         0x100011fe        0x2 
 .text.add_alarm_under_lock
                0x10001200      0x174 CMakeFiles/orcawhaletail_sensorloopdrive.dir/C_/Program_Files/Raspberry_Pi/Pico_SDK_v1.5.1/pico-sdk/src/common/pico_time/time.c.obj
 .text.alarm_pool_alarm_callback
                0x10001374      0x33c CMakeFiles/orcawhaletail_sensorloopdrive.dir/C_/Program_Files/Raspberry_Pi/Pico_SDK_v1.5.1/pico-sdk/src/common/pico_time/time.c.obj
 .text.alarm_pool_init_default
                0x100016b0       0x40 CMakeFiles/orcawhaletail_sensorloopdrive.dir/C_/Program_Files/Raspberry_Pi/Pico_SDK_v1.5.1/pico-sdk/src/common/pico_time/time.c.obj
                0x100016b0                alarm_pool_init_default
 .text.alarm_pool_get_default
                0x100016f0       0x2c CMakeFiles/orcawhaletail_sensorloopdrive.dir/C_/Program_Files/Raspberry_Pi/Pico_SDK_v1.5.1/pico-sdk/src/common/pico_time/time.c.obj
                0x100016f0                alarm_pool_get_default
 .text.alarm_pool_add_alarm_at
                0x1000171c      0x168 CMakeFiles/orcawhaletail_sensorloopdrive.dir/C_/Program_Files/Raspberry_Pi/Pico_SDK_v1.5.1/pico-sdk/src/common/pico_time/time.c.obj
                0x1000171c                alarm_pool_add_alarm_at
 .text.alarm_pool_cancel_alarm
                0x10001884       0xf8 CMakeFiles/orcawhaletail_sensorloopdrive.dir/C_/Program_Files/Raspberry_Pi/Pico_SDK_v1.5.1/pico-sdk/src/common/pico_time/time.c.obj
                0x10001884                alarm_pool_cancel_alarm
 .text.alarm_pool_core_num
                0x1000197c        0x4 CMakeFiles/orcawhaletail_sensorloopdrive.dir/C_/Program_Files/Raspberry_Pi/Pico_SDK_v1.5.1/pico-sdk/src/common/pico_time/time.c.obj
                0x1000197c                alarm_pool_core_num
 .text.sleep_until
                0x10001980       0xfc CMakeFiles/orcawhaletail_sensorloopdrive.dir/C_/Program_Files/Raspberry_Pi/Pico_SDK_v1.5.1/pico-sdk/src/common/pico_time/time.c.obj
                0x10001980                sleep_until
 .text.sleep_us
                0x10001a7c       0x58 CMakeFiles/orcawhaletail_sensorloopdrive.dir/C_/Program_Files/Raspberry_Pi/Pico_SDK_v1.5.1/pico-sdk/src/common/pico_time/time.c.obj
                0x10001a7c                sleep_us
 .text.sleep_ms
                0x10001ad4       0x14 CMakeFiles/orcawhaletail_sensorloopdrive.dir/C_/Program_Files/Raspberry_Pi/Pico_SDK_v1.5.1/pico-sdk/src/common/pico_time/time.c.obj
                0x10001ad4                sleep_ms
 .text.best_effort_wfe_or_timeout
                0x10001ae8       0xac CMakeFiles/orcawhaletail_sensorloopdrive.dir/C_/Program_Files/Raspberry_Pi/Pico_SDK_v1.5.1/pico-sdk/src/common/pico_time/time.c.obj
                0x10001ae8                best_effort_wfe_or_timeout
 .text.hardware_alarm_irq_handler
                0x10001b94       0x90 CMakeFiles/orcawhaletail_sensorloopdrive.dir/C_/Program_Files/Raspberry_Pi/Pico_SDK_v1.5.1/pico-sdk/src/rp2_common/hardware_timer/timer.c.obj
 .text.hardware_alarm_claim
                0x10001c24       0x18 CMakeFiles/orcawhaletail_sensorloopdrive.dir/C_/Program_Files/Raspberry_Pi/Pico_SDK_v1.5.1/pico-sdk/src/rp2_common/hardware_timer/timer.c.obj
                0x10001c24                hardware_alarm_claim
 .text.time_us_64
                0x10001c3c       0x18 CMakeFiles/orcawhaletail_sensorloopdrive.dir/C_/Program_Files/Raspberry_Pi/Pico_SDK_v1.5.1/pico-sdk/src/rp2_common/hardware_timer/timer.c.obj
                0x10001c3c                time_us_64
 .text.busy_wait_until
                0x10001c54       0x28 CMakeFiles/orcawhaletail_sensorloopdrive.dir/C_/Program_Files/Raspberry_Pi/Pico_SDK_v1.5.1/pico-sdk/src/rp2_common/hardware_timer/timer.c.obj
                0x10001c54                busy_wait_until
 .text.hardware_alarm_set_callback
                0x10001c7c       0x90 CMakeFiles/orcawhaletail_sensorloopdrive.dir/C_/Program_Files/Raspberry_Pi/Pico_SDK_v1.5.1/pico-sdk/src/rp2_common/hardware_timer/timer.c.obj
                0x10001c7c                hardware_alarm_set_callback
 .text.hardware_alarm_set_target
                0x10001d0c       0xe8 CMakeFiles/orcawhaletail_sensorloopdrive.dir/C_/Program_Files/Raspberry_Pi/Pico_SDK_v1.5.1/pico-sdk/src/rp2_common/hardware_timer/timer.c.obj
                0x10001d0c                hardware_alarm_set_target
 .text.hardware_alarm_cancel
                0x10001df4       0x40 CMakeFiles/orcawhaletail_sensorloopdrive.dir/C_/Program_Files/Raspberry_Pi/Pico_SDK_v1.5.1/pico-sdk/src/rp2_common/hardware_timer/timer.c.obj
                0x10001df4                hardware_alarm_cancel
 .text.ph_add_child_node
                0x10001e34       0xa4 CMakeFiles/orcawhaletail_sensorloopdrive.dir/C_/Program_Files/Raspberry_Pi/Pico_SDK_v1.5.1/pico-sdk/src/common/pico_util/pheap.c.obj
 .text.ph_merge_nodes
                0x10001ed8       0x3e CMakeFiles/orcawhaletail_sensorloopdrive.dir/C_/Program_Files/Raspberry_Pi/Pico_SDK_v1.5.1/pico-sdk/src/common/pico_util/pheap.c.obj
 *fill*         0x10001f16        0x2 
 .text.ph_clear
                0x10001f18       0x70 CMakeFiles/orcawhaletail_sensorloopdrive.dir/C_/Program_Files/Raspberry_Pi/Pico_SDK_v1.5.1/pico-sdk/src/common/pico_util/pheap.c.obj
                0x10001f18                ph_clear
 .text.ph_post_alloc_init
                0x10001f88        0xe CMakeFiles/orcawhaletail_sensorloopdrive.dir/C_/Program_Files/Raspberry_Pi/Pico_SDK_v1.5.1/pico-sdk/src/common/pico_util/pheap.c.obj
                0x10001f88                ph_post_alloc_init
 *fill*         0x10001f96        0x2 
 .text.ph_merge_two_pass
                0x10001f98       0xa8 CMakeFiles/orcawhaletail_sensorloopdrive.dir/C_/Program_Files/Raspberry_Pi/Pico_SDK_v1.5.1/pico-sdk/src/common/pico_util/pheap.c.obj
                0x10001f98                ph_merge_two_pass
 .text.ph_remove_any_head
                0x10002040      0x128 CMakeFiles/orcawhaletail_sensorloopdrive.dir/C_/Program_Files/Raspberry_Pi/Pico_SDK_v1.5.1/pico-sdk/src/common/pico_util/pheap.c.obj
 .text.ph_remove_head
                0x10002168       0x14 CMakeFiles/orcawhaletail_sensorloopdrive.dir/C_/Program_Files/Raspberry_Pi/Pico_SDK_v1.5.1/pico-sdk/src/common/pico_util/pheap.c.obj
                0x10002168                ph_remove_head
 .text.ph_remove_and_free_node
                0x1000217c       0xf8 CMakeFiles/orcawhaletail_sensorloopdrive.dir/C_/Program_Files/Raspberry_Pi/Pico_SDK_v1.5.1/pico-sdk/src/common/pico_util/pheap.c.obj
                0x1000217c                ph_remove_and_free_node
 .text.clock_configure
                0x10002274      0x108 CMakeFiles/orcawhaletail_sensorloopdrive.dir/C_/Program_Files/Raspberry_Pi/Pico_SDK_v1.5.1/pico-sdk/src/rp2_common/hardware_clocks/clocks.c.obj
                0x10002274                clock_configure
 .text.clocks_init
                0x1000237c      0x100 CMakeFiles/orcawhaletail_sensorloopdrive.dir/C_/Program_Files/Raspberry_Pi/Pico_SDK_v1.5.1/pico-sdk/src/rp2_common/hardware_clocks/clocks.c.obj
                0x1000237c                clocks_init
 .text.clock_get_hz
                0x1000247c        0xc CMakeFiles/orcawhaletail_sensorloopdrive.dir/C_/Program_Files/Raspberry_Pi/Pico_SDK_v1.5.1/pico-sdk/src/rp2_common/hardware_clocks/clocks.c.obj
                0x1000247c                clock_get_hz
 .text.pll_init
                0x10002488      0x120 CMakeFiles/orcawhaletail_sensorloopdrive.dir/C_/Program_Files/Raspberry_Pi/Pico_SDK_v1.5.1/pico-sdk/src/rp2_common/hardware_pll/pll.c.obj
                0x10002488                pll_init
 .text.watchdog_start_tick
                0x100025a8       0x10 CMakeFiles/orcawhaletail_sensorloopdrive.dir/C_/Program_Files/Raspberry_Pi/Pico_SDK_v1.5.1/pico-sdk/src/rp2_common/hardware_watchdog/watchdog.c.obj
                0x100025a8                watchdog_start_tick
 .text.watchdog_update
                0x100025b8       0x14 CMakeFiles/orcawhaletail_sensorloopdrive.dir/C_/Program_Files/Raspberry_Pi/Pico_SDK_v1.5.1/pico-sdk/src/rp2_common/hardware_watchdog/watchdog.c.obj
                0x100025b8                watchdog_update
 .text._watchdog_enable
                0x100025cc       0x78 CMakeFiles/orcawhaletail_sensorloopdrive.dir/C_/Program_Files/Raspberry_Pi/Pico_SDK_v1.5.1/pico-sdk/src/rp2_common/hardware_watchdog/watchdog.c.obj
                0x100025cc                _watchdog_enable
 .text.watchdog_reboot
                0x10002644       0x48 CMakeFiles/orcawhaletail_sensorloopdrive.dir/C_/Program_Files/Raspberry_Pi/Pico_SDK_v1.5.1/pico-sdk/src/rp2_common/hardware_watchdog/watchdog.c.obj
                0x10002644                watchdog_reboot
 .text.xosc_init
                0x1000268c       0x28 CMakeFiles/orcawhaletail_sensorloopdrive.dir/C_/Program_Files/Raspberry_Pi/Pico_SDK_v1.5.1/pico-sdk/src/rp2_common/hardware_xosc/xosc.c.obj
                0x1000268c                xosc_init
 .text._exit    0x100026b4        0x4 CMakeFiles/orcawhaletail_sensorloopdrive.dir/C_/Program_Files/Raspberry_Pi/Pico_SDK_v1.5.1/pico-sdk/src/rp2_common/pico_runtime/runtime.c.obj
                0x100026b4                _exit
 .text.exit     0x100026b8        0x6 CMakeFiles/orcawhaletail_sensorloopdrive.dir/C_/Program_Files/Raspberry_Pi/Pico_SDK_v1.5.1/pico-sdk/src/rp2_common/pico_runtime/runtime.c.obj
                0x100026b8                exit
 *fill*         0x100026be        0x2 
 .text.__assert_func
                0x100026c0       0x3c CMakeFiles/orcawhaletail_sensorloopdrive.dir/C_/Program_Files/Raspberry_Pi/Pico_SDK_v1.5.1/pico-sdk/src/rp2_common/pico_runtime/runtime.c.obj
                0x100026c0                __assert_func
 .text.runtime_init
                0x100026fc       0xf8 CMakeFiles/orcawhaletail_sensorloopdrive.dir/C_/Program_Files/Raspberry_Pi/Pico_SDK_v1.5.1/pico-sdk/src/rp2_common/pico_runtime/runtime.c.obj
                0x100026fc                runtime_init
 .text.panic    0x100027f4       0x30 CMakeFiles/orcawhaletail_sensorloopdrive.dir/C_/Program_Files/Raspberry_Pi/Pico_SDK_v1.5.1/pico-sdk/src/rp2_common/pico_runtime/runtime.c.obj
                0x100027f4                panic
 .text._out_null
                0x10002824        0x2 CMakeFiles/orcawhaletail_sensorloopdrive.dir/C_/Program_Files/Raspberry_Pi/Pico_SDK_v1.5.1/pico-sdk/src/rp2_common/pico_printf/printf.c.obj
 .text._out_fct
                0x10002826        0xe CMakeFiles/orcawhaletail_sensorloopdrive.dir/C_/Program_Files/Raspberry_Pi/Pico_SDK_v1.5.1/pico-sdk/src/rp2_common/pico_printf/printf.c.obj
 .text._atoi    0x10002834       0x24 CMakeFiles/orcawhaletail_sensorloopdrive.dir/C_/Program_Files/Raspberry_Pi/Pico_SDK_v1.5.1/pico-sdk/src/rp2_common/pico_printf/printf.c.obj
 .text._out_rev
                0x10002858       0xae CMakeFiles/orcawhaletail_sensorloopdrive.dir/C_/Program_Files/Raspberry_Pi/Pico_SDK_v1.5.1/pico-sdk/src/rp2_common/pico_printf/printf.c.obj
 .text._ntoa_format
                0x10002906      0x112 CMakeFiles/orcawhaletail_sensorloopdrive.dir/C_/Program_Files/Raspberry_Pi/Pico_SDK_v1.5.1/pico-sdk/src/rp2_common/pico_printf/printf.c.obj
 .text._ntoa_long
                0x10002a18       0xbc CMakeFiles/orcawhaletail_sensorloopdrive.dir/C_/Program_Files/Raspberry_Pi/Pico_SDK_v1.5.1/pico-sdk/src/rp2_common/pico_printf/printf.c.obj
 .text._ntoa_long_long
                0x10002ad4       0xe2 CMakeFiles/orcawhaletail_sensorloopdrive.dir/C_/Program_Files/Raspberry_Pi/Pico_SDK_v1.5.1/pico-sdk/src/rp2_common/pico_printf/printf.c.obj
 *fill*         0x10002bb6        0x2 
 .text._etoa    0x10002bb8      0x414 CMakeFiles/orcawhaletail_sensorloopdrive.dir/C_/Program_Files/Raspberry_Pi/Pico_SDK_v1.5.1/pico-sdk/src/rp2_common/pico_printf/printf.c.obj
 .text._ftoa    0x10002fcc      0x354 CMakeFiles/orcawhaletail_sensorloopdrive.dir/C_/Program_Files/Raspberry_Pi/Pico_SDK_v1.5.1/pico-sdk/src/rp2_common/pico_printf/printf.c.obj
 .text._vsnprintf
                0x10003320      0x624 CMakeFiles/orcawhaletail_sensorloopdrive.dir/C_/Program_Files/Raspberry_Pi/Pico_SDK_v1.5.1/pico-sdk/src/rp2_common/pico_printf/printf.c.obj
 .text.vfctprintf
                0x10003944       0x20 CMakeFiles/orcawhaletail_sensorloopdrive.dir/C_/Program_Files/Raspberry_Pi/Pico_SDK_v1.5.1/pico-sdk/src/rp2_common/pico_printf/printf.c.obj
                0x10003944                vfctprintf
 .text          0x10003964       0x10 CMakeFiles/orcawhaletail_sensorloopdrive.dir/C_/Program_Files/Raspberry_Pi/Pico_SDK_v1.5.1/pico-sdk/src/rp2_common/pico_bit_ops/bit_ops_aeabi.S.obj
 .text.rom_func_lookup
                0x10003974       0x10 CMakeFiles/orcawhaletail_sensorloopdrive.dir/C_/Program_Files/Raspberry_Pi/Pico_SDK_v1.5.1/pico-sdk/src/rp2_common/pico_bootrom/bootrom.c.obj
                0x10003974                rom_func_lookup
 .text.rom_data_lookup
                0x10003984       0x10 CMakeFiles/orcawhaletail_sensorloopdrive.dir/C_/Program_Files/Raspberry_Pi/Pico_SDK_v1.5.1/pico-sdk/src/rp2_common/pico_bootrom/bootrom.c.obj
                0x10003984                rom_data_lookup
 .text.rom_funcs_lookup
                0x10003994       0x36 CMakeFiles/orcawhaletail_sensorloopdrive.dir/C_/Program_Files/Raspberry_Pi/Pico_SDK_v1.5.1/pico-sdk/src/rp2_common/pico_bootrom/bootrom.c.obj
                0x10003994                rom_funcs_lookup
 *fill*         0x100039ca        0x2 
 .text.__wrap___aeabi_idiv
                0x100039cc       0x50 CMakeFiles/orcawhaletail_sensorloopdrive.dir/C_/Program_Files/Raspberry_Pi/Pico_SDK_v1.5.1/pico-sdk/src/rp2_common/pico_divider/divider.S.obj
                0x100039cc                __wrap___aeabi_idivmod
                0x100039cc                divmod_s32s32
                0x100039cc                div_s32s32
                0x100039cc                __wrap___aeabi_idiv
                0x100039d4                divmod_s32s32_unsafe
                0x10003a00                divmod_s32s32_savestate
 .text.__wrap___aeabi_uidiv
                0x10003a1c       0x4c CMakeFiles/orcawhaletail_sensorloopdrive.dir/C_/Program_Files/Raspberry_Pi/Pico_SDK_v1.5.1/pico-sdk/src/rp2_common/pico_divider/divider.S.obj
                0x10003a1c                __wrap___aeabi_uidiv
                0x10003a1c                __wrap___aeabi_uidivmod
                0x10003a1c                div_u32u32
                0x10003a1c                divmod_u32u32
                0x10003a24                divmod_u32u32_unsafe
                0x10003a4c                divmod_u32u32_savestate
 .text.__wrap___aeabi_ldiv
                0x10003a68      0x424 CMakeFiles/orcawhaletail_sensorloopdrive.dir/C_/Program_Files/Raspberry_Pi/Pico_SDK_v1.5.1/pico-sdk/src/rp2_common/pico_divider/divider.S.obj
                0x10003a68                div_s64s64
                0x10003a68                divmod_s64s64
                0x10003a68                __wrap___aeabi_ldivmod
                0x10003a98                divmod_u64u64
                0x10003a98                div_u64u64
                0x10003a98                __wrap___aeabi_uldivmod
                0x10003aa8                divmod_u64u64_savestate
                0x10003ac8                divmod_s64s64_unsafe
                0x10003b50                divmod_u64u64_unsafe
 .text.__wrap___aeabi_darithmetic
                0x10003e8c       0x80 CMakeFiles/orcawhaletail_sensorloopdrive.dir/C_/Program_Files/Raspberry_Pi/Pico_SDK_v1.5.1/pico-sdk/src/rp2_common/pico_double/double_aeabi.S.obj
                0x10003e8c                __wrap___aeabi_drsub
                0x10003e92                __wrap___aeabi_dsub
                0x10003ea4                __wrap___aeabi_dadd
                0x10003eb6                __wrap___aeabi_ddiv
                0x10003ef2                __wrap___aeabi_dmul
 .text.__wrap___aeabi_cdcmple
                0x10003f0c       0x6c CMakeFiles/orcawhaletail_sensorloopdrive.dir/C_/Program_Files/Raspberry_Pi/Pico_SDK_v1.5.1/pico-sdk/src/rp2_common/pico_double/double_aeabi.S.obj
                0x10003f0c                __wrap___aeabi_cdrcmple
                0x10003f1c                __wrap___aeabi_cdcmpeq
                0x10003f1c                __wrap___aeabi_cdcmple
 .text.__wrap___aeabi_dcmplt
                0x10003f78        0xc CMakeFiles/orcawhaletail_sensorloopdrive.dir/C_/Program_Files/Raspberry_Pi/Pico_SDK_v1.5.1/pico-sdk/src/rp2_common/pico_double/double_aeabi.S.obj
                0x10003f78                __wrap___aeabi_dcmplt
 .text.__wrap___aeabi_dcmple
                0x10003f84       0x10 CMakeFiles/orcawhaletail_sensorloopdrive.dir/C_/Program_Files/Raspberry_Pi/Pico_SDK_v1.5.1/pico-sdk/src/rp2_common/pico_double/double_aeabi.S.obj
                0x10003f84                __wrap___aeabi_dcmple
 .text.__wrap___aeabi_dcmpge
                0x10003f94       0x10 CMakeFiles/orcawhaletail_sensorloopdrive.dir/C_/Program_Files/Raspberry_Pi/Pico_SDK_v1.5.1/pico-sdk/src/rp2_common/pico_double/double_aeabi.S.obj
                0x10003f94                __wrap___aeabi_dcmpge
 .text.__wrap___aeabi_dcmpgt
                0x10003fa4        0xa CMakeFiles/orcawhaletail_sensorloopdrive.dir/C_/Program_Files/Raspberry_Pi/Pico_SDK_v1.5.1/pico-sdk/src/rp2_common/pico_double/double_aeabi.S.obj
                0x10003fa4                __wrap___aeabi_dcmpgt
 .text.__wrap___aeabi_dcmpun
                0x10003fae       0x1c CMakeFiles/orcawhaletail_sensorloopdrive.dir/C_/Program_Files/Raspberry_Pi/Pico_SDK_v1.5.1/pico-sdk/src/rp2_common/pico_double/double_aeabi.S.obj
                0x10003fae                __wrap___aeabi_dcmpun
 *fill*         0x10003fca        0x2 
 .text.__wrap___aeabi_i2d
                0x10003fcc       0x38 CMakeFiles/orcawhaletail_sensorloopdrive.dir/C_/Program_Files/Raspberry_Pi/Pico_SDK_v1.5.1/pico-sdk/src/rp2_common/pico_double/double_aeabi.S.obj
                0x10003fcc                __wrap___aeabi_ui2d
                0x10003fd4                __wrap___aeabi_i2d
 .text.__wrap___aeabi_d2iz
                0x10004004       0x48 CMakeFiles/orcawhaletail_sensorloopdrive.dir/C_/Program_Files/Raspberry_Pi/Pico_SDK_v1.5.1/pico-sdk/src/rp2_common/pico_double/double_aeabi.S.obj
                0x10004004                double2int_z
                0x10004004                __wrap___aeabi_d2iz
 .text.__wrap___aeabi_d2uiz
                0x1000404c       0x18 CMakeFiles/orcawhaletail_sensorloopdrive.dir/C_/Program_Files/Raspberry_Pi/Pico_SDK_v1.5.1/pico-sdk/src/rp2_common/pico_double/double_aeabi.S.obj
                0x1000404c                __wrap___aeabi_d2uiz
                0x1000404c                double2uint
 .text.__aeabi_double_init
                0x10004064       0xc8 CMakeFiles/orcawhaletail_sensorloopdrive.dir/C_/Program_Files/Raspberry_Pi/Pico_SDK_v1.5.1/pico-sdk/src/rp2_common/pico_double/double_init_rom.c.obj
                0x10004064                __aeabi_double_init
 .text.double_table_shim_on_use_helper
                0x1000412c       0x34 CMakeFiles/orcawhaletail_sensorloopdrive.dir/C_/Program_Files/Raspberry_Pi/Pico_SDK_v1.5.1/pico-sdk/src/rp2_common/pico_double/double_v1_rom_shim.S.obj
                0x1000412c                double_table_shim_on_use_helper
 .text.__wrap___aeabi_dsub
                0x10004160       0x10 CMakeFiles/orcawhaletail_sensorloopdrive.dir/C_/Program_Files/Raspberry_Pi/Pico_SDK_v1.5.1/pico-sdk/src/rp2_common/pico_double/double_v1_rom_shim.S.obj
                0x10004160                drsub_shim
                0x10004166                dsub_shim
 .text.dadd_shim
                0x10004170      0x15c CMakeFiles/orcawhaletail_sensorloopdrive.dir/C_/Program_Files/Raspberry_Pi/Pico_SDK_v1.5.1/pico-sdk/src/rp2_common/pico_double/double_v1_rom_shim.S.obj
                0x10004170                dadd_shim
 .text.dmul_shim
                0x100042cc      0x15c CMakeFiles/orcawhaletail_sensorloopdrive.dir/C_/Program_Files/Raspberry_Pi/Pico_SDK_v1.5.1/pico-sdk/src/rp2_common/pico_double/double_v1_rom_shim.S.obj
                0x100042cc                dmul_shim
 .text.ddiv_shim
                0x10004428      0x1b0 CMakeFiles/orcawhaletail_sensorloopdrive.dir/C_/Program_Files/Raspberry_Pi/Pico_SDK_v1.5.1/pico-sdk/src/rp2_common/pico_double/double_v1_rom_shim.S.obj
                0x10004428                ddiv_shim
 .text.double2uint_shim
                0x100045d8        0xe CMakeFiles/orcawhaletail_sensorloopdrive.dir/C_/Program_Files/Raspberry_Pi/Pico_SDK_v1.5.1/pico-sdk/src/rp2_common/pico_double/double_v1_rom_shim.S.obj
                0x100045d8                double2uint_shim
                0x100045da                double2ufix_shim
 *fill*         0x100045e6        0x2 
 .text.double2uint64_shim
                0x100045e8       0x70 CMakeFiles/orcawhaletail_sensorloopdrive.dir/C_/Program_Files/Raspberry_Pi/Pico_SDK_v1.5.1/pico-sdk/src/rp2_common/pico_double/double_v1_rom_shim.S.obj
                0x100045e8                double2uint64_shim
                0x100045ea                double2ufix64_shim
                0x1000460a                d2fix_a
 .text.dunpacks
                0x10004658       0x3c CMakeFiles/orcawhaletail_sensorloopdrive.dir/C_/Program_Files/Raspberry_Pi/Pico_SDK_v1.5.1/pico-sdk/src/rp2_common/pico_double/double_v1_rom_shim.S.obj
                0x10004658                dunpacks
 .text.__aeabi_lmul
                0x10004694       0x32 CMakeFiles/orcawhaletail_sensorloopdrive.dir/C_/Program_Files/Raspberry_Pi/Pico_SDK_v1.5.1/pico-sdk/src/rp2_common/pico_int64_ops/pico_int64_ops_aeabi.S.obj
                0x10004694                __wrap___aeabi_lmul
 *fill*         0x100046c6        0x2 
 .text.__aeabi_float_init
                0x100046c8       0xfc CMakeFiles/orcawhaletail_sensorloopdrive.dir/C_/Program_Files/Raspberry_Pi/Pico_SDK_v1.5.1/pico-sdk/src/rp2_common/pico_float/float_init_rom.c.obj
                0x100046c8                __aeabi_float_init
 .text.float_table_shim_on_use_helper
                0x100047c4       0x34 CMakeFiles/orcawhaletail_sensorloopdrive.dir/C_/Program_Files/Raspberry_Pi/Pico_SDK_v1.5.1/pico-sdk/src/rp2_common/pico_float/float_v1_rom_shim.S.obj
                0x100047c4                float_table_shim_on_use_helper
 .text          0x100047f8       0x10 CMakeFiles/orcawhaletail_sensorloopdrive.dir/C_/Program_Files/Raspberry_Pi/Pico_SDK_v1.5.1/pico-sdk/src/rp2_common/pico_mem_ops/mem_ops_aeabi.S.obj
                0x100047f8                __aeabi_mem_init
 .text.memset   0x10004808        0xc CMakeFiles/orcawhaletail_sensorloopdrive.dir/C_/Program_Files/Raspberry_Pi/Pico_SDK_v1.5.1/pico-sdk/src/rp2_common/pico_mem_ops/mem_ops_aeabi.S.obj
                0x10004808                __wrap_memset
 .text.memcpy   0x10004814        0xc CMakeFiles/orcawhaletail_sensorloopdrive.dir/C_/Program_Files/Raspberry_Pi/Pico_SDK_v1.5.1/pico-sdk/src/rp2_common/pico_mem_ops/mem_ops_aeabi.S.obj
                0x10004814                __wrap_memcpy
                0x10004814                __wrap___aeabi_memcpy
 .text.stdio_out_chars_no_crlf
                0x10004820        0xe CMakeFiles/orcawhaletail_sensorloopdrive.dir/C_/Program_Files/Raspberry_Pi/Pico_SDK_v1.5.1/pico-sdk/src/rp2_common/pico_stdio/stdio.c.obj
 *fill*         0x1000482e        0x2 
 .text.stdio_out_chars_crlf
                0x10004830       0x80 CMakeFiles/orcawhaletail_sensorloopdrive.dir/C_/Program_Files/Raspberry_Pi/Pico_SDK_v1.5.1/pico-sdk/src/rp2_common/pico_stdio/stdio.c.obj
 .text.stdio_stack_buffer_flush
                0x100048b0       0x44 CMakeFiles/orcawhaletail_sensorloopdrive.dir/C_/Program_Files/Raspberry_Pi/Pico_SDK_v1.5.1/pico-sdk/src/rp2_common/pico_stdio/stdio.c.obj
 .text.stdio_buffered_printer
                0x100048f4       0x20 CMakeFiles/orcawhaletail_sensorloopdrive.dir/C_/Program_Files/Raspberry_Pi/Pico_SDK_v1.5.1/pico-sdk/src/rp2_common/pico_stdio/stdio.c.obj
 .text.stdout_serialize_begin
                0x10004914       0x5c CMakeFiles/orcawhaletail_sensorloopdrive.dir/C_/Program_Files/Raspberry_Pi/Pico_SDK_v1.5.1/pico-sdk/src/rp2_common/pico_stdio/stdio.c.obj
                0x10004914                stdout_serialize_begin
 .text.stdout_serialize_end
                0x10004970       0x10 CMakeFiles/orcawhaletail_sensorloopdrive.dir/C_/Program_Files/Raspberry_Pi/Pico_SDK_v1.5.1/pico-sdk/src/rp2_common/pico_stdio/stdio.c.obj
                0x10004970                stdout_serialize_end
 .text.stdio_put_string
                0x10004980       0x98 CMakeFiles/orcawhaletail_sensorloopdrive.dir/C_/Program_Files/Raspberry_Pi/Pico_SDK_v1.5.1/pico-sdk/src/rp2_common/pico_stdio/stdio.c.obj
 .text.stdio_set_driver_enabled
                0x10004a18       0x2c CMakeFiles/orcawhaletail_sensorloopdrive.dir/C_/Program_Files/Raspberry_Pi/Pico_SDK_v1.5.1/pico-sdk/src/rp2_common/pico_stdio/stdio.c.obj
                0x10004a18                stdio_set_driver_enabled
 .text.stdio_flush
                0x10004a44       0x20 CMakeFiles/orcawhaletail_sensorloopdrive.dir/C_/Program_Files/Raspberry_Pi/Pico_SDK_v1.5.1/pico-sdk/src/rp2_common/pico_stdio/stdio.c.obj
                0x10004a44                stdio_flush
 .text.__wrap_puts
                0x10004a64       0x1e CMakeFiles/orcawhaletail_sensorloopdrive.dir/C_/Program_Files/Raspberry_Pi/Pico_SDK_v1.5.1/pico-sdk/src/rp2_common/pico_stdio/stdio.c.obj
                0x10004a64                __wrap_puts
 *fill*         0x10004a82        0x2 
 .text.__wrap_vprintf
                0x10004a84       0x40 CMakeFiles/orcawhaletail_sensorloopdrive.dir/C_/Program_Files/Raspberry_Pi/Pico_SDK_v1.5.1/pico-sdk/src/rp2_common/pico_stdio/stdio.c.obj
                0x10004a84                __wrap_vprintf
 .text.__wrap_printf
                0x10004ac4       0x18 CMakeFiles/orcawhaletail_sensorloopdrive.dir/C_/Program_Files/Raspberry_Pi/Pico_SDK_v1.5.1/pico-sdk/src/rp2_common/pico_stdio/stdio.c.obj
                0x10004ac4                __wrap_printf
 .text.stdio_init_all
                0x10004adc        0x8 CMakeFiles/orcawhaletail_sensorloopdrive.dir/C_/Program_Files/Raspberry_Pi/Pico_SDK_v1.5.1/pico-sdk/src/rp2_common/pico_stdio/stdio.c.obj
                0x10004adc                stdio_init_all
 .text.resetd_init
                0x10004ae4        0x2 CMakeFiles/orcawhaletail_sensorloopdrive.dir/C_/Program_Files/Raspberry_Pi/Pico_SDK_v1.5.1/pico-sdk/src/rp2_common/pico_stdio_usb/reset_interface.c.obj
 *fill*         0x10004ae6        0x2 
 .text.resetd_reset
                0x10004ae8        0xc CMakeFiles/orcawhaletail_sensorloopdrive.dir/C_/Program_Files/Raspberry_Pi/Pico_SDK_v1.5.1/pico-sdk/src/rp2_common/pico_stdio_usb/reset_interface.c.obj
 .text.resetd_open
                0x10004af4       0x34 CMakeFiles/orcawhaletail_sensorloopdrive.dir/C_/Program_Files/Raspberry_Pi/Pico_SDK_v1.5.1/pico-sdk/src/rp2_common/pico_stdio_usb/reset_interface.c.obj
 .text.resetd_xfer_cb
                0x10004b28        0x4 CMakeFiles/orcawhaletail_sensorloopdrive.dir/C_/Program_Files/Raspberry_Pi/Pico_SDK_v1.5.1/pico-sdk/src/rp2_common/pico_stdio_usb/reset_interface.c.obj
 .text.reset_usb_boot
                0x10004b2c       0x18 CMakeFiles/orcawhaletail_sensorloopdrive.dir/C_/Program_Files/Raspberry_Pi/Pico_SDK_v1.5.1/pico-sdk/src/rp2_common/pico_stdio_usb/reset_interface.c.obj
 .text.resetd_control_xfer_cb
                0x10004b44       0x5c CMakeFiles/orcawhaletail_sensorloopdrive.dir/C_/Program_Files/Raspberry_Pi/Pico_SDK_v1.5.1/pico-sdk/src/rp2_common/pico_stdio_usb/reset_interface.c.obj
 .text.usbd_app_driver_get_cb
                0x10004ba0        0xc CMakeFiles/orcawhaletail_sensorloopdrive.dir/C_/Program_Files/Raspberry_Pi/Pico_SDK_v1.5.1/pico-sdk/src/rp2_common/pico_stdio_usb/reset_interface.c.obj
                0x10004ba0                usbd_app_driver_get_cb
 .text.tud_cdc_line_coding_cb
                0x10004bac       0x28 CMakeFiles/orcawhaletail_sensorloopdrive.dir/C_/Program_Files/Raspberry_Pi/Pico_SDK_v1.5.1/pico-sdk/src/rp2_common/pico_stdio_usb/reset_interface.c.obj
                0x10004bac                tud_cdc_line_coding_cb
 .text.stdio_usb_set_chars_available_callback
                0x10004bd4       0x14 CMakeFiles/orcawhaletail_sensorloopdrive.dir/C_/Program_Files/Raspberry_Pi/Pico_SDK_v1.5.1/pico-sdk/src/rp2_common/pico_stdio_usb/stdio_usb.c.obj
                0x10004bd4                stdio_usb_set_chars_available_callback
 .text.usb_irq  0x10004be8       0x10 CMakeFiles/orcawhaletail_sensorloopdrive.dir/C_/Program_Files/Raspberry_Pi/Pico_SDK_v1.5.1/pico-sdk/src/rp2_common/pico_stdio_usb/stdio_usb.c.obj
 .text.timer_task
                0x10004bf8       0x5c CMakeFiles/orcawhaletail_sensorloopdrive.dir/C_/Program_Files/Raspberry_Pi/Pico_SDK_v1.5.1/pico-sdk/src/rp2_common/pico_stdio_usb/stdio_usb.c.obj
 .text.low_priority_worker_irq
                0x10004c54       0xdc CMakeFiles/orcawhaletail_sensorloopdrive.dir/C_/Program_Files/Raspberry_Pi/Pico_SDK_v1.5.1/pico-sdk/src/rp2_common/pico_stdio_usb/stdio_usb.c.obj
 .text.tud_cdc_rx_cb
                0x10004d30       0x20 CMakeFiles/orcawhaletail_sensorloopdrive.dir/C_/Program_Files/Raspberry_Pi/Pico_SDK_v1.5.1/pico-sdk/src/rp2_common/pico_stdio_usb/stdio_usb.c.obj
                0x10004d30                tud_cdc_rx_cb
 .text.stdio_usb_init
                0x10004d50      0x11c CMakeFiles/orcawhaletail_sensorloopdrive.dir/C_/Program_Files/Raspberry_Pi/Pico_SDK_v1.5.1/pico-sdk/src/rp2_common/pico_stdio_usb/stdio_usb.c.obj
                0x10004d50                stdio_usb_init
 .text.stdio_usb_connected
                0x10004e6c        0xa CMakeFiles/orcawhaletail_sensorloopdrive.dir/C_/Program_Files/Raspberry_Pi/Pico_SDK_v1.5.1/pico-sdk/src/rp2_common/pico_stdio_usb/stdio_usb.c.obj
                0x10004e6c                stdio_usb_connected
 *fill*         0x10004e76        0x2 
 .text.stdio_usb_in_chars
                0x10004e78       0xc4 CMakeFiles/orcawhaletail_sensorloopdrive.dir/C_/Program_Files/Raspberry_Pi/Pico_SDK_v1.5.1/pico-sdk/src/rp2_common/pico_stdio_usb/stdio_usb.c.obj
                0x10004e78                stdio_usb_in_chars
 .text.stdio_usb_out_chars
                0x10004f3c      0x114 CMakeFiles/orcawhaletail_sensorloopdrive.dir/C_/Program_Files/Raspberry_Pi/Pico_SDK_v1.5.1/pico-sdk/src/rp2_common/pico_stdio_usb/stdio_usb.c.obj
 .text.tud_descriptor_device_cb
                0x10005050        0x8 CMakeFiles/orcawhaletail_sensorloopdrive.dir/C_/Program_Files/Raspberry_Pi/Pico_SDK_v1.5.1/pico-sdk/src/rp2_common/pico_stdio_usb/stdio_usb_descriptors.c.obj
                0x10005050                tud_descriptor_device_cb
 .text.tud_descriptor_configuration_cb
                0x10005058        0x8 CMakeFiles/orcawhaletail_sensorloopdrive.dir/C_/Program_Files/Raspberry_Pi/Pico_SDK_v1.5.1/pico-sdk/src/rp2_common/pico_stdio_usb/stdio_usb_descriptors.c.obj
                0x10005058                tud_descriptor_configuration_cb
 .text.tud_descriptor_string_cb
                0x10005060       0x6c CMakeFiles/orcawhaletail_sensorloopdrive.dir/C_/Program_Files/Raspberry_Pi/Pico_SDK_v1.5.1/pico-sdk/src/rp2_common/pico_stdio_usb/stdio_usb_descriptors.c.obj
                0x10005060                tud_descriptor_string_cb
 .text._retrieve_unique_id_on_boot
                0x100050cc       0x10 CMakeFiles/orcawhaletail_sensorloopdrive.dir/C_/Program_Files/Raspberry_Pi/Pico_SDK_v1.5.1/pico-sdk/src/rp2_common/pico_unique_id/unique_id.c.obj
 .text.pico_get_unique_board_id_string
                0x100050dc       0x60 CMakeFiles/orcawhaletail_sensorloopdrive.dir/C_/Program_Files/Raspberry_Pi/Pico_SDK_v1.5.1/pico-sdk/src/rp2_common/pico_unique_id/unique_id.c.obj
                0x100050dc                pico_get_unique_board_id_string
 .text.flash_get_unique_id
                0x1000513c       0x46 CMakeFiles/orcawhaletail_sensorloopdrive.dir/C_/Program_Files/Raspberry_Pi/Pico_SDK_v1.5.1/pico-sdk/src/rp2_common/hardware_flash/flash.c.obj
                0x1000513c                flash_get_unique_id
 *fill*         0x10005182        0x2 
 .text.hw_endpoint_get_by_addr
                0x10005184       0x18 CMakeFiles/orcawhaletail_sensorloopdrive.dir/C_/Program_Files/Raspberry_Pi/Pico_SDK_v1.5.1/pico-sdk/lib/tinyusb/src/portable/raspberrypi/rp2040/dcd_rp2040.c.obj
 .text._hw_endpoint_alloc
                0x1000519c       0x70 CMakeFiles/orcawhaletail_sensorloopdrive.dir/C_/Program_Files/Raspberry_Pi/Pico_SDK_v1.5.1/pico-sdk/lib/tinyusb/src/portable/raspberrypi/rp2040/dcd_rp2040.c.obj
 .text.hw_endpoint_init
                0x1000520c       0x88 CMakeFiles/orcawhaletail_sensorloopdrive.dir/C_/Program_Files/Raspberry_Pi/Pico_SDK_v1.5.1/pico-sdk/lib/tinyusb/src/portable/raspberrypi/rp2040/dcd_rp2040.c.obj
 .text.hw_endpoint_xfer
                0x10005294       0x14 CMakeFiles/orcawhaletail_sensorloopdrive.dir/C_/Program_Files/Raspberry_Pi/Pico_SDK_v1.5.1/pico-sdk/lib/tinyusb/src/portable/raspberrypi/rp2040/dcd_rp2040.c.obj
 .text.dcd_int_enable
                0x100052a8       0x2c CMakeFiles/orcawhaletail_sensorloopdrive.dir/C_/Program_Files/Raspberry_Pi/Pico_SDK_v1.5.1/pico-sdk/lib/tinyusb/src/portable/raspberrypi/rp2040/dcd_rp2040.c.obj
                0x100052a8                dcd_int_enable
 .text.dcd_set_address
                0x100052d4       0x2c CMakeFiles/orcawhaletail_sensorloopdrive.dir/C_/Program_Files/Raspberry_Pi/Pico_SDK_v1.5.1/pico-sdk/lib/tinyusb/src/portable/raspberrypi/rp2040/dcd_rp2040.c.obj
                0x100052d4                dcd_set_address
 .text.dcd_connect
                0x10005300       0x10 CMakeFiles/orcawhaletail_sensorloopdrive.dir/C_/Program_Files/Raspberry_Pi/Pico_SDK_v1.5.1/pico-sdk/lib/tinyusb/src/portable/raspberrypi/rp2040/dcd_rp2040.c.obj
                0x10005300                dcd_connect
 .text.dcd_init
                0x10005310       0x80 CMakeFiles/orcawhaletail_sensorloopdrive.dir/C_/Program_Files/Raspberry_Pi/Pico_SDK_v1.5.1/pico-sdk/lib/tinyusb/src/portable/raspberrypi/rp2040/dcd_rp2040.c.obj
                0x10005310                dcd_init
 .text.dcd_edpt0_status_complete
                0x10005390       0x1c CMakeFiles/orcawhaletail_sensorloopdrive.dir/C_/Program_Files/Raspberry_Pi/Pico_SDK_v1.5.1/pico-sdk/lib/tinyusb/src/portable/raspberrypi/rp2040/dcd_rp2040.c.obj
                0x10005390                dcd_edpt0_status_complete
 .text.dcd_edpt_open
                0x100053ac       0x40 CMakeFiles/orcawhaletail_sensorloopdrive.dir/C_/Program_Files/Raspberry_Pi/Pico_SDK_v1.5.1/pico-sdk/lib/tinyusb/src/portable/raspberrypi/rp2040/dcd_rp2040.c.obj
                0x100053ac                dcd_edpt_open
 .text.dcd_edpt_close_all
                0x100053ec        0x8 CMakeFiles/orcawhaletail_sensorloopdrive.dir/C_/Program_Files/Raspberry_Pi/Pico_SDK_v1.5.1/pico-sdk/lib/tinyusb/src/portable/raspberrypi/rp2040/dcd_rp2040.c.obj
                0x100053ec                dcd_edpt_close_all
 .text.dcd_edpt_xfer
                0x100053f4       0x34 CMakeFiles/orcawhaletail_sensorloopdrive.dir/C_/Program_Files/Raspberry_Pi/Pico_SDK_v1.5.1/pico-sdk/lib/tinyusb/src/portable/raspberrypi/rp2040/dcd_rp2040.c.obj
                0x100053f4                dcd_edpt_xfer
 .text.dcd_edpt_stall
                0x10005428       0x2c CMakeFiles/orcawhaletail_sensorloopdrive.dir/C_/Program_Files/Raspberry_Pi/Pico_SDK_v1.5.1/pico-sdk/lib/tinyusb/src/portable/raspberrypi/rp2040/dcd_rp2040.c.obj
                0x10005428                dcd_edpt_stall
 .text.dcd_edpt_clear_stall
                0x10005454       0x20 CMakeFiles/orcawhaletail_sensorloopdrive.dir/C_/Program_Files/Raspberry_Pi/Pico_SDK_v1.5.1/pico-sdk/lib/tinyusb/src/portable/raspberrypi/rp2040/dcd_rp2040.c.obj
                0x10005454                dcd_edpt_clear_stall
 .text.rp2040_usb_init
                0x10005474       0x4c CMakeFiles/orcawhaletail_sensorloopdrive.dir/C_/Program_Files/Raspberry_Pi/Pico_SDK_v1.5.1/pico-sdk/lib/tinyusb/src/portable/raspberrypi/rp2040/rp2040_usb.c.obj
                0x10005474                rp2040_usb_init
 .text.hw_endpoint_xfer_start
                0x100054c0       0x50 CMakeFiles/orcawhaletail_sensorloopdrive.dir/C_/Program_Files/Raspberry_Pi/Pico_SDK_v1.5.1/pico-sdk/lib/tinyusb/src/portable/raspberrypi/rp2040/rp2040_usb.c.obj
                0x100054c0                hw_endpoint_xfer_start
 .text.configuration_reset
                0x10005510       0x84 CMakeFiles/orcawhaletail_sensorloopdrive.dir/C_/Program_Files/Raspberry_Pi/Pico_SDK_v1.5.1/pico-sdk/lib/tinyusb/src/device/usbd.c.obj
 .text.usbd_reset
                0x10005594        0xc CMakeFiles/orcawhaletail_sensorloopdrive.dir/C_/Program_Files/Raspberry_Pi/Pico_SDK_v1.5.1/pico-sdk/lib/tinyusb/src/device/usbd.c.obj
 .text.invoke_class_control
                0x100055a0       0x1a CMakeFiles/orcawhaletail_sensorloopdrive.dir/C_/Program_Files/Raspberry_Pi/Pico_SDK_v1.5.1/pico-sdk/lib/tinyusb/src/device/usbd.c.obj
 *fill*         0x100055ba        0x2 
 .text.process_set_config
                0x100055bc      0x178 CMakeFiles/orcawhaletail_sensorloopdrive.dir/C_/Program_Files/Raspberry_Pi/Pico_SDK_v1.5.1/pico-sdk/lib/tinyusb/src/device/usbd.c.obj
 .text.process_get_descriptor
                0x10005734       0xdc CMakeFiles/orcawhaletail_sensorloopdrive.dir/C_/Program_Files/Raspberry_Pi/Pico_SDK_v1.5.1/pico-sdk/lib/tinyusb/src/device/usbd.c.obj
 .text.tud_mounted
                0x10005810       0x10 CMakeFiles/orcawhaletail_sensorloopdrive.dir/C_/Program_Files/Raspberry_Pi/Pico_SDK_v1.5.1/pico-sdk/lib/tinyusb/src/device/usbd.c.obj
                0x10005810                tud_mounted
 .text.tud_suspended
                0x10005820       0x10 CMakeFiles/orcawhaletail_sensorloopdrive.dir/C_/Program_Files/Raspberry_Pi/Pico_SDK_v1.5.1/pico-sdk/lib/tinyusb/src/device/usbd.c.obj
                0x10005820                tud_suspended
 .text.tud_inited
                0x10005830       0x14 CMakeFiles/orcawhaletail_sensorloopdrive.dir/C_/Program_Files/Raspberry_Pi/Pico_SDK_v1.5.1/pico-sdk/lib/tinyusb/src/device/usbd.c.obj
                0x10005830                tud_inited
 .text.tud_init
                0x10005844       0xcc CMakeFiles/orcawhaletail_sensorloopdrive.dir/C_/Program_Files/Raspberry_Pi/Pico_SDK_v1.5.1/pico-sdk/lib/tinyusb/src/device/usbd.c.obj
                0x10005844                tud_init
 .text.usbd_defer_func
                0x10005910       0x2a CMakeFiles/orcawhaletail_sensorloopdrive.dir/C_/Program_Files/Raspberry_Pi/Pico_SDK_v1.5.1/pico-sdk/lib/tinyusb/src/device/usbd.c.obj
                0x10005910                usbd_defer_func
 *fill*         0x1000593a        0x2 
 .text.usbd_edpt_open
                0x1000593c       0x34 CMakeFiles/orcawhaletail_sensorloopdrive.dir/C_/Program_Files/Raspberry_Pi/Pico_SDK_v1.5.1/pico-sdk/lib/tinyusb/src/device/usbd.c.obj
                0x1000593c                usbd_edpt_open
 .text.usbd_open_edpt_pair
                0x10005970       0x62 CMakeFiles/orcawhaletail_sensorloopdrive.dir/C_/Program_Files/Raspberry_Pi/Pico_SDK_v1.5.1/pico-sdk/lib/tinyusb/src/device/usbd.c.obj
                0x10005970                usbd_open_edpt_pair
 *fill*         0x100059d2        0x2 
 .text.usbd_edpt_claim
                0x100059d4       0x28 CMakeFiles/orcawhaletail_sensorloopdrive.dir/C_/Program_Files/Raspberry_Pi/Pico_SDK_v1.5.1/pico-sdk/lib/tinyusb/src/device/usbd.c.obj
                0x100059d4                usbd_edpt_claim
 .text.usbd_edpt_release
                0x100059fc       0x28 CMakeFiles/orcawhaletail_sensorloopdrive.dir/C_/Program_Files/Raspberry_Pi/Pico_SDK_v1.5.1/pico-sdk/lib/tinyusb/src/device/usbd.c.obj
                0x100059fc                usbd_edpt_release
 .text.usbd_edpt_xfer
                0x10005a24       0x78 CMakeFiles/orcawhaletail_sensorloopdrive.dir/C_/Program_Files/Raspberry_Pi/Pico_SDK_v1.5.1/pico-sdk/lib/tinyusb/src/device/usbd.c.obj
                0x10005a24                usbd_edpt_xfer
 .text.usbd_edpt_stall
                0x10005a9c       0x48 CMakeFiles/orcawhaletail_sensorloopdrive.dir/C_/Program_Files/Raspberry_Pi/Pico_SDK_v1.5.1/pico-sdk/lib/tinyusb/src/device/usbd.c.obj
                0x10005a9c                usbd_edpt_stall
 .text.usbd_edpt_clear_stall
                0x10005ae4       0x48 CMakeFiles/orcawhaletail_sensorloopdrive.dir/C_/Program_Files/Raspberry_Pi/Pico_SDK_v1.5.1/pico-sdk/lib/tinyusb/src/device/usbd.c.obj
                0x10005ae4                usbd_edpt_clear_stall
 .text.usbd_edpt_stalled
                0x10005b2c       0x1c CMakeFiles/orcawhaletail_sensorloopdrive.dir/C_/Program_Files/Raspberry_Pi/Pico_SDK_v1.5.1/pico-sdk/lib/tinyusb/src/device/usbd.c.obj
                0x10005b2c                usbd_edpt_stalled
 .text.process_control_request
                0x10005b48      0x37c CMakeFiles/orcawhaletail_sensorloopdrive.dir/C_/Program_Files/Raspberry_Pi/Pico_SDK_v1.5.1/pico-sdk/lib/tinyusb/src/device/usbd.c.obj
 .text.tud_task_ext
                0x10005ec4      0x1b8 CMakeFiles/orcawhaletail_sensorloopdrive.dir/C_/Program_Files/Raspberry_Pi/Pico_SDK_v1.5.1/pico-sdk/lib/tinyusb/src/device/usbd.c.obj
                0x10005ec4                tud_task_ext
 .text._data_stage_xact
                0x1000607c       0x58 CMakeFiles/orcawhaletail_sensorloopdrive.dir/C_/Program_Files/Raspberry_Pi/Pico_SDK_v1.5.1/pico-sdk/lib/tinyusb/src/device/usbd_control.c.obj
 .text.tud_control_status
                0x100060d4       0x38 CMakeFiles/orcawhaletail_sensorloopdrive.dir/C_/Program_Files/Raspberry_Pi/Pico_SDK_v1.5.1/pico-sdk/lib/tinyusb/src/device/usbd_control.c.obj
                0x100060d4                tud_control_status
 .text.tud_control_xfer
                0x1000610c       0x74 CMakeFiles/orcawhaletail_sensorloopdrive.dir/C_/Program_Files/Raspberry_Pi/Pico_SDK_v1.5.1/pico-sdk/lib/tinyusb/src/device/usbd_control.c.obj
                0x1000610c                tud_control_xfer
 .text.usbd_control_reset
                0x10006180       0x14 CMakeFiles/orcawhaletail_sensorloopdrive.dir/C_/Program_Files/Raspberry_Pi/Pico_SDK_v1.5.1/pico-sdk/lib/tinyusb/src/device/usbd_control.c.obj
                0x10006180                usbd_control_reset
 .text.usbd_control_set_complete_callback
                0x10006194        0xc CMakeFiles/orcawhaletail_sensorloopdrive.dir/C_/Program_Files/Raspberry_Pi/Pico_SDK_v1.5.1/pico-sdk/lib/tinyusb/src/device/usbd_control.c.obj
                0x10006194                usbd_control_set_complete_callback
 .text.usbd_control_set_request
                0x100061a0       0x1c CMakeFiles/orcawhaletail_sensorloopdrive.dir/C_/Program_Files/Raspberry_Pi/Pico_SDK_v1.5.1/pico-sdk/lib/tinyusb/src/device/usbd_control.c.obj
                0x100061a0                usbd_control_set_request
 .text.usbd_control_xfer_cb
                0x100061bc       0xcc CMakeFiles/orcawhaletail_sensorloopdrive.dir/C_/Program_Files/Raspberry_Pi/Pico_SDK_v1.5.1/pico-sdk/lib/tinyusb/src/device/usbd_control.c.obj
                0x100061bc                usbd_control_xfer_cb
 .text._prep_out_transaction
                0x10006288       0x4a CMakeFiles/orcawhaletail_sensorloopdrive.dir/C_/Program_Files/Raspberry_Pi/Pico_SDK_v1.5.1/pico-sdk/lib/tinyusb/src/class/cdc/cdc_device.c.obj
 *fill*         0x100062d2        0x2 
 .text.tud_cdc_n_connected
                0x100062d4       0x44 CMakeFiles/orcawhaletail_sensorloopdrive.dir/C_/Program_Files/Raspberry_Pi/Pico_SDK_v1.5.1/pico-sdk/lib/tinyusb/src/class/cdc/cdc_device.c.obj
                0x100062d4                tud_cdc_n_connected
 .text.tud_cdc_n_available
                0x10006318       0x18 CMakeFiles/orcawhaletail_sensorloopdrive.dir/C_/Program_Files/Raspberry_Pi/Pico_SDK_v1.5.1/pico-sdk/lib/tinyusb/src/class/cdc/cdc_device.c.obj
                0x10006318                tud_cdc_n_available
 .text.tud_cdc_n_read
                0x10006330       0x28 CMakeFiles/orcawhaletail_sensorloopdrive.dir/C_/Program_Files/Raspberry_Pi/Pico_SDK_v1.5.1/pico-sdk/lib/tinyusb/src/class/cdc/cdc_device.c.obj
                0x10006330                tud_cdc_n_read
 .text.tud_cdc_n_write_flush
                0x10006358       0xb8 CMakeFiles/orcawhaletail_sensorloopdrive.dir/C_/Program_Files/Raspberry_Pi/Pico_SDK_v1.5.1/pico-sdk/lib/tinyusb/src/class/cdc/cdc_device.c.obj
                0x10006358                tud_cdc_n_write_flush
 .text.tud_cdc_n_write
                0x10006410       0x38 CMakeFiles/orcawhaletail_sensorloopdrive.dir/C_/Program_Files/Raspberry_Pi/Pico_SDK_v1.5.1/pico-sdk/lib/tinyusb/src/class/cdc/cdc_device.c.obj
                0x10006410                tud_cdc_n_write
 .text.tud_cdc_n_write_available
                0x10006448       0x1c CMakeFiles/orcawhaletail_sensorloopdrive.dir/C_/Program_Files/Raspberry_Pi/Pico_SDK_v1.5.1/pico-sdk/lib/tinyusb/src/class/cdc/cdc_device.c.obj
                0x10006448                tud_cdc_n_write_available
 .text.cdcd_init
                0x10006464       0xbc CMakeFiles/orcawhaletail_sensorloopdrive.dir/C_/Program_Files/Raspberry_Pi/Pico_SDK_v1.5.1/pico-sdk/lib/tinyusb/src/class/cdc/cdc_device.c.obj
                0x10006464                cdcd_init
 .text.cdcd_reset
                0x10006520       0x44 CMakeFiles/orcawhaletail_sensorloopdrive.dir/C_/Program_Files/Raspberry_Pi/Pico_SDK_v1.5.1/pico-sdk/lib/tinyusb/src/class/cdc/cdc_device.c.obj
                0x10006520                cdcd_reset
 .text.cdcd_open
                0x10006564       0xcc CMakeFiles/orcawhaletail_sensorloopdrive.dir/C_/Program_Files/Raspberry_Pi/Pico_SDK_v1.5.1/pico-sdk/lib/tinyusb/src/class/cdc/cdc_device.c.obj
                0x10006564                cdcd_open
 .text.cdcd_control_xfer_cb
                0x10006630      0x134 CMakeFiles/orcawhaletail_sensorloopdrive.dir/C_/Program_Files/Raspberry_Pi/Pico_SDK_v1.5.1/pico-sdk/lib/tinyusb/src/class/cdc/cdc_device.c.obj
                0x10006630                cdcd_control_xfer_cb
 .text.cdcd_xfer_cb
                0x10006764      0x130 CMakeFiles/orcawhaletail_sensorloopdrive.dir/C_/Program_Files/Raspberry_Pi/Pico_SDK_v1.5.1/pico-sdk/lib/tinyusb/src/class/cdc/cdc_device.c.obj
                0x10006764                cdcd_xfer_cb
 .text.tusb_init
                0x10006894        0xa CMakeFiles/orcawhaletail_sensorloopdrive.dir/C_/Program_Files/Raspberry_Pi/Pico_SDK_v1.5.1/pico-sdk/lib/tinyusb/src/tusb.c.obj
                0x10006894                tusb_init
 .text.tusb_inited
                0x1000689e        0xe CMakeFiles/orcawhaletail_sensorloopdrive.dir/C_/Program_Files/Raspberry_Pi/Pico_SDK_v1.5.1/pico-sdk/lib/tinyusb/src/tusb.c.obj
                0x1000689e                tusb_inited
 .text.tu_edpt_claim
                0x100068ac       0x50 CMakeFiles/orcawhaletail_sensorloopdrive.dir/C_/Program_Files/Raspberry_Pi/Pico_SDK_v1.5.1/pico-sdk/lib/tinyusb/src/tusb.c.obj
                0x100068ac                tu_edpt_claim
 .text.tu_edpt_release
                0x100068fc       0x3c CMakeFiles/orcawhaletail_sensorloopdrive.dir/C_/Program_Files/Raspberry_Pi/Pico_SDK_v1.5.1/pico-sdk/lib/tinyusb/src/tusb.c.obj
                0x100068fc                tu_edpt_release
 .text.tu_edpt_validate
                0x10006938       0x78 CMakeFiles/orcawhaletail_sensorloopdrive.dir/C_/Program_Files/Raspberry_Pi/Pico_SDK_v1.5.1/pico-sdk/lib/tinyusb/src/tusb.c.obj
                0x10006938                tu_edpt_validate
 .text.tu_edpt_bind_driver
                0x100069b0       0x26 CMakeFiles/orcawhaletail_sensorloopdrive.dir/C_/Program_Files/Raspberry_Pi/Pico_SDK_v1.5.1/pico-sdk/lib/tinyusb/src/tusb.c.obj
                0x100069b0                tu_edpt_bind_driver
 .text.advance_index
                0x100069d6       0x1a CMakeFiles/orcawhaletail_sensorloopdrive.dir/C_/Program_Files/Raspberry_Pi/Pico_SDK_v1.5.1/pico-sdk/lib/tinyusb/src/common/tusb_fifo.c.obj
 .text._tu_fifo_peek
                0x100069f0       0x56 CMakeFiles/orcawhaletail_sensorloopdrive.dir/C_/Program_Files/Raspberry_Pi/Pico_SDK_v1.5.1/pico-sdk/lib/tinyusb/src/common/tusb_fifo.c.obj
 .text._ff_pull_const_addr
                0x10006a46       0x4c CMakeFiles/orcawhaletail_sensorloopdrive.dir/C_/Program_Files/Raspberry_Pi/Pico_SDK_v1.5.1/pico-sdk/lib/tinyusb/src/common/tusb_fifo.c.obj
 .text._ff_pull_n
                0x10006a92      0x110 CMakeFiles/orcawhaletail_sensorloopdrive.dir/C_/Program_Files/Raspberry_Pi/Pico_SDK_v1.5.1/pico-sdk/lib/tinyusb/src/common/tusb_fifo.c.obj
 .text._tu_fifo_peek_n
                0x10006ba2       0x6a CMakeFiles/orcawhaletail_sensorloopdrive.dir/C_/Program_Files/Raspberry_Pi/Pico_SDK_v1.5.1/pico-sdk/lib/tinyusb/src/common/tusb_fifo.c.obj
 .text._tu_fifo_read_n
                0x10006c0c       0x4e CMakeFiles/orcawhaletail_sensorloopdrive.dir/C_/Program_Files/Raspberry_Pi/Pico_SDK_v1.5.1/pico-sdk/lib/tinyusb/src/common/tusb_fifo.c.obj
 .text._ff_push_const_addr
                0x10006c5a       0x40 CMakeFiles/orcawhaletail_sensorloopdrive.dir/C_/Program_Files/Raspberry_Pi/Pico_SDK_v1.5.1/pico-sdk/lib/tinyusb/src/common/tusb_fifo.c.obj
 .text._ff_push_n
                0x10006c9a      0x10c CMakeFiles/orcawhaletail_sensorloopdrive.dir/C_/Program_Files/Raspberry_Pi/Pico_SDK_v1.5.1/pico-sdk/lib/tinyusb/src/common/tusb_fifo.c.obj
 .text._tu_fifo_write_n
                0x10006da6       0xf0 CMakeFiles/orcawhaletail_sensorloopdrive.dir/C_/Program_Files/Raspberry_Pi/Pico_SDK_v1.5.1/pico-sdk/lib/tinyusb/src/common/tusb_fifo.c.obj
 .text.tu_fifo_config
                0x10006e96       0x7c CMakeFiles/orcawhaletail_sensorloopdrive.dir/C_/Program_Files/Raspberry_Pi/Pico_SDK_v1.5.1/pico-sdk/lib/tinyusb/src/common/tusb_fifo.c.obj
                0x10006e96                tu_fifo_config
 .text.tu_fifo_count
                0x10006f12       0x2a CMakeFiles/orcawhaletail_sensorloopdrive.dir/C_/Program_Files/Raspberry_Pi/Pico_SDK_v1.5.1/pico-sdk/lib/tinyusb/src/common/tusb_fifo.c.obj
                0x10006f12                tu_fifo_count
 .text.tu_fifo_empty
                0x10006f3c       0x10 CMakeFiles/orcawhaletail_sensorloopdrive.dir/C_/Program_Files/Raspberry_Pi/Pico_SDK_v1.5.1/pico-sdk/lib/tinyusb/src/common/tusb_fifo.c.obj
                0x10006f3c                tu_fifo_empty
 .text.tu_fifo_full
                0x10006f4c       0x28 CMakeFiles/orcawhaletail_sensorloopdrive.dir/C_/Program_Files/Raspberry_Pi/Pico_SDK_v1.5.1/pico-sdk/lib/tinyusb/src/common/tusb_fifo.c.obj
                0x10006f4c                tu_fifo_full
 .text.tu_fifo_remaining
                0x10006f74       0x2c CMakeFiles/orcawhaletail_sensorloopdrive.dir/C_/Program_Files/Raspberry_Pi/Pico_SDK_v1.5.1/pico-sdk/lib/tinyusb/src/common/tusb_fifo.c.obj
                0x10006f74                tu_fifo_remaining
 .text.tu_fifo_read
                0x10006fa0       0x42 CMakeFiles/orcawhaletail_sensorloopdrive.dir/C_/Program_Files/Raspberry_Pi/Pico_SDK_v1.5.1/pico-sdk/lib/tinyusb/src/common/tusb_fifo.c.obj
                0x10006fa0                tu_fifo_read
 .text.tu_fifo_read_n
                0x10006fe2        0xa CMakeFiles/orcawhaletail_sensorloopdrive.dir/C_/Program_Files/Raspberry_Pi/Pico_SDK_v1.5.1/pico-sdk/lib/tinyusb/src/common/tusb_fifo.c.obj
                0x10006fe2                tu_fifo_read_n
 .text.tu_fifo_write
                0x10006fec       0x64 CMakeFiles/orcawhaletail_sensorloopdrive.dir/C_/Program_Files/Raspberry_Pi/Pico_SDK_v1.5.1/pico-sdk/lib/tinyusb/src/common/tusb_fifo.c.obj
                0x10006fec                tu_fifo_write
 .text.tu_fifo_write_n
                0x10007050        0xa CMakeFiles/orcawhaletail_sensorloopdrive.dir/C_/Program_Files/Raspberry_Pi/Pico_SDK_v1.5.1/pico-sdk/lib/tinyusb/src/common/tusb_fifo.c.obj
                0x10007050                tu_fifo_write_n
 .text.tu_fifo_clear
                0x1000705a       0x3e CMakeFiles/orcawhaletail_sensorloopdrive.dir/C_/Program_Files/Raspberry_Pi/Pico_SDK_v1.5.1/pico-sdk/lib/tinyusb/src/common/tusb_fifo.c.obj
                0x1000705a                tu_fifo_clear
 .text.tu_fifo_set_overwritable
                0x10007098       0x46 CMakeFiles/orcawhaletail_sensorloopdrive.dir/C_/Program_Files/Raspberry_Pi/Pico_SDK_v1.5.1/pico-sdk/lib/tinyusb/src/common/tusb_fifo.c.obj
                0x10007098                tu_fifo_set_overwritable
 .text.spi_set_baudrate
                0x100070de       0xcc CMakeFiles/orcawhaletail_sensorloopdrive.dir/C_/Program_Files/Raspberry_Pi/Pico_SDK_v1.5.1/pico-sdk/src/rp2_common/hardware_spi/spi.c.obj
                0x100070de                spi_set_baudrate
 *fill*         0x100071aa        0x2 
 .text.spi_init
                0x100071ac       0x74 CMakeFiles/orcawhaletail_sensorloopdrive.dir/C_/Program_Files/Raspberry_Pi/Pico_SDK_v1.5.1/pico-sdk/src/rp2_common/hardware_spi/spi.c.obj
                0x100071ac                spi_init
 .text.strlen   0x10007220       0x5c c:/progra~2/gnuarm~1/102021~1.10/bin/../lib/gcc/arm-none-eabi/10.3.1/../../../../arm-none-eabi/lib/thumb/v6-m/nofp\libg.a(lib_a-strlen-stub.o)
                0x10007220                strlen
 *(.fini)
 .fini          0x1000727c        0x4 c:/progra~2/gnuarm~1/102021~1.10/bin/../lib/gcc/arm-none-eabi/10.3.1/thumb/v6-m/nofp/crti.o
                0x1000727c                _fini
 .fini.__stub   0x10007280       0xf0 linker stubs
 *crtbegin.o(.ctors)
 *crtbegin?.o(.ctors)
 *(EXCLUDE_FILE(*crtend.o *crtend?.o) .ctors)
 *(SORT_BY_NAME(.ctors.*))
 *(.ctors)
 *crtbegin.o(.dtors)
 *crtbegin?.o(.dtors)
 *(EXCLUDE_FILE(*crtend.o *crtend?.o) .dtors)
 *(SORT_BY_NAME(.dtors.*))
 *(.dtors)
 *(.eh_frame*)
 .eh_frame      0x10007370        0x0 c:/progra~2/gnuarm~1/102021~1.10/bin/../lib/gcc/arm-none-eabi/10.3.1/thumb/v6-m/nofp/crtbegin.o
                0x10007370                . = ALIGN (0x4)

.glue_7         0x10007370        0x0
 .glue_7        0x10007370        0x0 linker stubs

.glue_7t        0x10007370        0x0
 .glue_7t       0x10007370        0x0 linker stubs

.vfp11_veneer   0x10007370        0x0
 .vfp11_veneer  0x10007370        0x0 linker stubs

.v4_bx          0x10007370        0x0
 .v4_bx         0x10007370        0x0 linker stubs

.iplt           0x10007370        0x0
 .iplt          0x10007370        0x0 c:/progra~2/gnuarm~1/102021~1.10/bin/../lib/gcc/arm-none-eabi/10.3.1/thumb/v6-m/nofp/crtbegin.o

.rodata         0x10007370     0x1abc
 *(EXCLUDE_FILE(*libm.a: *libc.a:*lib_a-mem*.o *libgcc.a:) .rodata*)
 .rodata.main.str1.4
                0x10007370      0x2c7 CMakeFiles/orcawhaletail_sensorloopdrive.dir/main.cpp.obj
 *fill*         0x10007637        0x1 
 .rodata._dac161s997_op_reg.str1.4
                0x10007638       0x9c CMakeFiles/orcawhaletail_sensorloopdrive.dir/src/dac161s997_regs.c.obj
 .rodata        0x100076d4        0x3 CMakeFiles/orcawhaletail_sensorloopdrive.dir/src/dac161s997_regs.c.obj
 *fill*         0x100076d7        0x1 
 .rodata.__func__.0
                0x100076d8       0x13 CMakeFiles/orcawhaletail_sensorloopdrive.dir/src/dac161s997_regs.c.obj
 *fill*         0x100076eb        0x1 
 .rodata.spin_lock_claim_unused.str1.4
                0x100076ec       0x1b CMakeFiles/orcawhaletail_sensorloopdrive.dir/C_/Program_Files/Raspberry_Pi/Pico_SDK_v1.5.1/pico-sdk/src/rp2_common/hardware_sync/sync.c.obj
 *fill*         0x10007707        0x1 
 .rodata.make_branch.str1.4
                0x10007708       0x89 CMakeFiles/orcawhaletail_sensorloopdrive.dir/C_/Program_Files/Raspberry_Pi/Pico_SDK_v1.5.1/pico-sdk/src/rp2_common/hardware_irq/irq.c.obj
 *fill*         0x10007791        0x3 
 .rodata.insert_branch_and_link.str1.4
                0x10007794       0x10 CMakeFiles/orcawhaletail_sensorloopdrive.dir/C_/Program_Files/Raspberry_Pi/Pico_SDK_v1.5.1/pico-sdk/src/rp2_common/hardware_irq/irq.c.obj
 .rodata.irq_set_exclusive_handler.str1.4
                0x100077a4       0x36 CMakeFiles/orcawhaletail_sensorloopdrive.dir/C_/Program_Files/Raspberry_Pi/Pico_SDK_v1.5.1/pico-sdk/src/rp2_common/hardware_irq/irq.c.obj
 *fill*         0x100077da        0x2 
 .rodata.irq_add_shared_handler.str1.4
                0x100077dc       0xd9 CMakeFiles/orcawhaletail_sensorloopdrive.dir/C_/Program_Files/Raspberry_Pi/Pico_SDK_v1.5.1/pico-sdk/src/rp2_common/hardware_irq/irq.c.obj
 *fill*         0x100078b5        0x3 
 .rodata.irq_remove_handler.str1.4
                0x100078b8       0x3a CMakeFiles/orcawhaletail_sensorloopdrive.dir/C_/Program_Files/Raspberry_Pi/Pico_SDK_v1.5.1/pico-sdk/src/rp2_common/hardware_irq/irq.c.obj
 *fill*         0x100078f2        0x2 
 .rodata.irq_add_tail_to_free_list.str1.4
                0x100078f4       0x3a CMakeFiles/orcawhaletail_sensorloopdrive.dir/C_/Program_Files/Raspberry_Pi/Pico_SDK_v1.5.1/pico-sdk/src/rp2_common/hardware_irq/irq.c.obj
 *fill*         0x1000792e        0x2 
 .rodata.user_irq_claim_unused.str1.4
                0x10007930       0x1b CMakeFiles/orcawhaletail_sensorloopdrive.dir/C_/Program_Files/Raspberry_Pi/Pico_SDK_v1.5.1/pico-sdk/src/rp2_common/hardware_irq/irq.c.obj
 *fill*         0x1000794b        0x1 
 .rodata.__func__.0
                0x1000794c       0x1a CMakeFiles/orcawhaletail_sensorloopdrive.dir/C_/Program_Files/Raspberry_Pi/Pico_SDK_v1.5.1/pico-sdk/src/rp2_common/hardware_irq/irq.c.obj
 *fill*         0x10007966        0x2 
 .rodata.__func__.1
                0x10007968       0x17 CMakeFiles/orcawhaletail_sensorloopdrive.dir/C_/Program_Files/Raspberry_Pi/Pico_SDK_v1.5.1/pico-sdk/src/rp2_common/hardware_irq/irq.c.obj
 *fill*         0x1000797f        0x1 
 .rodata.__func__.2
                0x10007980       0x13 CMakeFiles/orcawhaletail_sensorloopdrive.dir/C_/Program_Files/Raspberry_Pi/Pico_SDK_v1.5.1/pico-sdk/src/rp2_common/hardware_irq/irq.c.obj
 *fill*         0x10007993        0x1 
 .rodata.__func__.3
                0x10007994        0xc CMakeFiles/orcawhaletail_sensorloopdrive.dir/C_/Program_Files/Raspberry_Pi/Pico_SDK_v1.5.1/pico-sdk/src/rp2_common/hardware_irq/irq.c.obj
 .rodata.__func__.4
                0x100079a0        0xf CMakeFiles/orcawhaletail_sensorloopdrive.dir/C_/Program_Files/Raspberry_Pi/Pico_SDK_v1.5.1/pico-sdk/src/rp2_common/hardware_irq/irq.c.obj
 *fill*         0x100079af        0x1 
 .rodata.__func__.5
                0x100079b0       0x17 CMakeFiles/orcawhaletail_sensorloopdrive.dir/C_/Program_Files/Raspberry_Pi/Pico_SDK_v1.5.1/pico-sdk/src/rp2_common/hardware_irq/irq.c.obj
 *fill*         0x100079c7        0x1 
 .rodata.__func__.6
                0x100079c8       0x1a CMakeFiles/orcawhaletail_sensorloopdrive.dir/C_/Program_Files/Raspberry_Pi/Pico_SDK_v1.5.1/pico-sdk/src/rp2_common/hardware_irq/irq.c.obj
 *fill*         0x100079e2        0x2 
 .rodata.str1.4
                0x100079e4      0x125 CMakeFiles/orcawhaletail_sensorloopdrive.dir/C_/Program_Files/Raspberry_Pi/Pico_SDK_v1.5.1/pico-sdk/src/common/pico_sync/mutex.c.obj
 *fill*         0x10007b09        0x3 
 .rodata.__func__.1
                0x10007b0c        0xb CMakeFiles/orcawhaletail_sensorloopdrive.dir/C_/Program_Files/Raspberry_Pi/Pico_SDK_v1.5.1/pico-sdk/src/common/pico_sync/mutex.c.obj
 *fill*         0x10007b17        0x1 
 .rodata.__func__.3
                0x10007b18       0x18 CMakeFiles/orcawhaletail_sensorloopdrive.dir/C_/Program_Files/Raspberry_Pi/Pico_SDK_v1.5.1/pico-sdk/src/common/pico_sync/mutex.c.obj
 .rodata.__func__.4
                0x10007b30       0x15 CMakeFiles/orcawhaletail_sensorloopdrive.dir/C_/Program_Files/Raspberry_Pi/Pico_SDK_v1.5.1/pico-sdk/src/common/pico_sync/mutex.c.obj
 *fill*         0x10007b45        0x3 
 .rodata.repeating_timer_callback.str1.4
                0x10007b48       0x67 CMakeFiles/orcawhaletail_sensorloopdrive.dir/C_/Program_Files/Raspberry_Pi/Pico_SDK_v1.5.1/pico-sdk/src/common/pico_time/time.c.obj
 *fill*         0x10007baf        0x1 
 .rodata.timer_pool_entry_comparator.str1.4
                0x10007bb0       0x22 CMakeFiles/orcawhaletail_sensorloopdrive.dir/C_/Program_Files/Raspberry_Pi/Pico_SDK_v1.5.1/pico-sdk/src/common/pico_time/time.c.obj
 *fill*         0x10007bd2        0x2 
 .rodata.ph_add_child_node.str1.4
                0x10007bd4       0xb2 CMakeFiles/orcawhaletail_sensorloopdrive.dir/C_/Program_Files/Raspberry_Pi/Pico_SDK_v1.5.1/pico-sdk/src/common/pico_time/time.c.obj
 *fill*         0x10007c86        0x2 
 .rodata.add_alarm_under_lock.str1.4
                0x10007c88       0x28 CMakeFiles/orcawhaletail_sensorloopdrive.dir/C_/Program_Files/Raspberry_Pi/Pico_SDK_v1.5.1/pico-sdk/src/common/pico_time/time.c.obj
                                 0x2b (size before relaxing)
 .rodata.alarm_pool_alarm_callback.str1.4
                0x10007cb0       0x98 CMakeFiles/orcawhaletail_sensorloopdrive.dir/C_/Program_Files/Raspberry_Pi/Pico_SDK_v1.5.1/pico-sdk/src/common/pico_time/time.c.obj
                                0x118 (size before relaxing)
 .rodata.alarm_pool_get_default.str1.4
                0x10007d48       0x21 CMakeFiles/orcawhaletail_sensorloopdrive.dir/C_/Program_Files/Raspberry_Pi/Pico_SDK_v1.5.1/pico-sdk/src/common/pico_time/time.c.obj
 *fill*         0x10007d69        0x3 
 .rodata.alarm_pool_cancel_alarm.str1.4
                0x10007d6c       0x27 CMakeFiles/orcawhaletail_sensorloopdrive.dir/C_/Program_Files/Raspberry_Pi/Pico_SDK_v1.5.1/pico-sdk/src/common/pico_time/time.c.obj
 *fill*         0x10007d93        0x1 
 .rodata.sleep_until.str1.4
                0x10007d94       0x4d CMakeFiles/orcawhaletail_sensorloopdrive.dir/C_/Program_Files/Raspberry_Pi/Pico_SDK_v1.5.1/pico-sdk/src/common/pico_time/time.c.obj
 *fill*         0x10007de1        0x3 
 .rodata.__func__.1
                0x10007de4       0x18 CMakeFiles/orcawhaletail_sensorloopdrive.dir/C_/Program_Files/Raspberry_Pi/Pico_SDK_v1.5.1/pico-sdk/src/common/pico_time/time.c.obj
 .rodata.__func__.10
                0x10007dfc       0x15 CMakeFiles/orcawhaletail_sensorloopdrive.dir/C_/Program_Files/Raspberry_Pi/Pico_SDK_v1.5.1/pico-sdk/src/common/pico_time/time.c.obj
 *fill*         0x10007e11        0x3 
 .rodata.__func__.11
                0x10007e14       0x1a CMakeFiles/orcawhaletail_sensorloopdrive.dir/C_/Program_Files/Raspberry_Pi/Pico_SDK_v1.5.1/pico-sdk/src/common/pico_time/time.c.obj
 *fill*         0x10007e2e        0x2 
 .rodata.__func__.12
                0x10007e30        0xa CMakeFiles/orcawhaletail_sensorloopdrive.dir/C_/Program_Files/Raspberry_Pi/Pico_SDK_v1.5.1/pico-sdk/src/common/pico_time/time.c.obj
 *fill*         0x10007e3a        0x2 
 .rodata.__func__.3
                0x10007e3c       0x17 CMakeFiles/orcawhaletail_sensorloopdrive.dir/C_/Program_Files/Raspberry_Pi/Pico_SDK_v1.5.1/pico-sdk/src/common/pico_time/time.c.obj
 *fill*         0x10007e53        0x1 
 .rodata.__func__.4
                0x10007e54       0x12 CMakeFiles/orcawhaletail_sensorloopdrive.dir/C_/Program_Files/Raspberry_Pi/Pico_SDK_v1.5.1/pico-sdk/src/common/pico_time/time.c.obj
 *fill*         0x10007e66        0x2 
 .rodata.__func__.5
                0x10007e68        0xd CMakeFiles/orcawhaletail_sensorloopdrive.dir/C_/Program_Files/Raspberry_Pi/Pico_SDK_v1.5.1/pico-sdk/src/common/pico_time/time.c.obj
 *fill*         0x10007e75        0x3 
 .rodata.__func__.6
                0x10007e78       0x12 CMakeFiles/orcawhaletail_sensorloopdrive.dir/C_/Program_Files/Raspberry_Pi/Pico_SDK_v1.5.1/pico-sdk/src/common/pico_time/time.c.obj
 *fill*         0x10007e8a        0x2 
 .rodata.__func__.7
                0x10007e8c        0xf CMakeFiles/orcawhaletail_sensorloopdrive.dir/C_/Program_Files/Raspberry_Pi/Pico_SDK_v1.5.1/pico-sdk/src/common/pico_time/time.c.obj
 *fill*         0x10007e9b        0x1 
 .rodata.__func__.8
                0x10007e9c        0xc CMakeFiles/orcawhaletail_sensorloopdrive.dir/C_/Program_Files/Raspberry_Pi/Pico_SDK_v1.5.1/pico-sdk/src/common/pico_time/time.c.obj
 .rodata.__func__.9
                0x10007ea8       0x15 CMakeFiles/orcawhaletail_sensorloopdrive.dir/C_/Program_Files/Raspberry_Pi/Pico_SDK_v1.5.1/pico-sdk/src/common/pico_time/time.c.obj
 *fill*         0x10007ebd        0x3 
 .rodata.hardware_alarm_claim.str1.4
                0x10007ec0       0x22 CMakeFiles/orcawhaletail_sensorloopdrive.dir/C_/Program_Files/Raspberry_Pi/Pico_SDK_v1.5.1/pico-sdk/src/rp2_common/hardware_timer/timer.c.obj
 *fill*         0x10007ee2        0x2 
 .rodata.hardware_alarm_set_target.str1.4
                0x10007ee4       0x81 CMakeFiles/orcawhaletail_sensorloopdrive.dir/C_/Program_Files/Raspberry_Pi/Pico_SDK_v1.5.1/pico-sdk/src/rp2_common/hardware_timer/timer.c.obj
 *fill*         0x10007f65        0x3 
 .rodata.__func__.0
                0x10007f68       0x1a CMakeFiles/orcawhaletail_sensorloopdrive.dir/C_/Program_Files/Raspberry_Pi/Pico_SDK_v1.5.1/pico-sdk/src/rp2_common/hardware_timer/timer.c.obj
 .rodata.ph_add_child_node.str1.4
                0x10007f82       0xb2 CMakeFiles/orcawhaletail_sensorloopdrive.dir/C_/Program_Files/Raspberry_Pi/Pico_SDK_v1.5.1/pico-sdk/src/common/pico_util/pheap.c.obj
 *fill*         0x10007f82        0x2 
 .rodata.ph_remove_any_head.str1.4
                0x10007f84       0xa8 CMakeFiles/orcawhaletail_sensorloopdrive.dir/C_/Program_Files/Raspberry_Pi/Pico_SDK_v1.5.1/pico-sdk/src/common/pico_util/pheap.c.obj
                                 0xbc (size before relaxing)
 .rodata.ph_remove_and_free_node.str1.4
                0x1000802c       0x1e CMakeFiles/orcawhaletail_sensorloopdrive.dir/C_/Program_Files/Raspberry_Pi/Pico_SDK_v1.5.1/pico-sdk/src/common/pico_util/pheap.c.obj
                                 0x26 (size before relaxing)
 *fill*         0x1000804a        0x2 
 .rodata.__func__.0
                0x1000804c       0x18 CMakeFiles/orcawhaletail_sensorloopdrive.dir/C_/Program_Files/Raspberry_Pi/Pico_SDK_v1.5.1/pico-sdk/src/common/pico_util/pheap.c.obj
 .rodata.__func__.1
                0x10008064       0x13 CMakeFiles/orcawhaletail_sensorloopdrive.dir/C_/Program_Files/Raspberry_Pi/Pico_SDK_v1.5.1/pico-sdk/src/common/pico_util/pheap.c.obj
 *fill*         0x10008077        0x1 
 .rodata.__func__.2
                0x10008078       0x12 CMakeFiles/orcawhaletail_sensorloopdrive.dir/C_/Program_Files/Raspberry_Pi/Pico_SDK_v1.5.1/pico-sdk/src/common/pico_util/pheap.c.obj
 *fill*         0x1000808a        0x2 
 .rodata.__func__.3
                0x1000808c        0xc CMakeFiles/orcawhaletail_sensorloopdrive.dir/C_/Program_Files/Raspberry_Pi/Pico_SDK_v1.5.1/pico-sdk/src/common/pico_util/pheap.c.obj
 .rodata.clock_configure.str1.4
                0x10008098       0x73 CMakeFiles/orcawhaletail_sensorloopdrive.dir/C_/Program_Files/Raspberry_Pi/Pico_SDK_v1.5.1/pico-sdk/src/rp2_common/hardware_clocks/clocks.c.obj
 *fill*         0x1000810b        0x1 
 .rodata.__func__.1
                0x1000810c       0x10 CMakeFiles/orcawhaletail_sensorloopdrive.dir/C_/Program_Files/Raspberry_Pi/Pico_SDK_v1.5.1/pico-sdk/src/rp2_common/hardware_clocks/clocks.c.obj
 .rodata.pll_init.str1.4
                0x1000811c      0x140 CMakeFiles/orcawhaletail_sensorloopdrive.dir/C_/Program_Files/Raspberry_Pi/Pico_SDK_v1.5.1/pico-sdk/src/rp2_common/hardware_pll/pll.c.obj
 .rodata.__func__.0
                0x1000825c        0x9 CMakeFiles/orcawhaletail_sensorloopdrive.dir/C_/Program_Files/Raspberry_Pi/Pico_SDK_v1.5.1/pico-sdk/src/rp2_common/hardware_pll/pll.c.obj
 *fill*         0x10008265        0x3 
 .rodata.__assert_func.str1.4
                0x10008268       0x3f CMakeFiles/orcawhaletail_sensorloopdrive.dir/C_/Program_Files/Raspberry_Pi/Pico_SDK_v1.5.1/pico-sdk/src/rp2_common/pico_runtime/runtime.c.obj
                                 0x43 (size before relaxing)
 *fill*         0x100082a7        0x1 
 .rodata.runtime_init.str1.4
                0x100082a8       0x7d CMakeFiles/orcawhaletail_sensorloopdrive.dir/C_/Program_Files/Raspberry_Pi/Pico_SDK_v1.5.1/pico-sdk/src/rp2_common/pico_runtime/runtime.c.obj
 *fill*         0x10008325        0x3 
 .rodata.panic.str1.4
                0x10008328       0x10 CMakeFiles/orcawhaletail_sensorloopdrive.dir/C_/Program_Files/Raspberry_Pi/Pico_SDK_v1.5.1/pico-sdk/src/rp2_common/pico_runtime/runtime.c.obj
                                 0x12 (size before relaxing)
 .rodata.__func__.2
                0x10008338        0xd CMakeFiles/orcawhaletail_sensorloopdrive.dir/C_/Program_Files/Raspberry_Pi/Pico_SDK_v1.5.1/pico-sdk/src/rp2_common/pico_runtime/runtime.c.obj
 *fill*         0x10008345        0x3 
 .rodata._ftoa.str1.4
                0x10008348       0x15 CMakeFiles/orcawhaletail_sensorloopdrive.dir/C_/Program_Files/Raspberry_Pi/Pico_SDK_v1.5.1/pico-sdk/src/rp2_common/pico_printf/printf.c.obj
 *fill*         0x1000835d        0x3 
 .rodata._vsnprintf
                0x10008360      0x1e0 CMakeFiles/orcawhaletail_sensorloopdrive.dir/C_/Program_Files/Raspberry_Pi/Pico_SDK_v1.5.1/pico-sdk/src/rp2_common/pico_printf/printf.c.obj
 .rodata.pow10.0
                0x10008540       0x50 CMakeFiles/orcawhaletail_sensorloopdrive.dir/C_/Program_Files/Raspberry_Pi/Pico_SDK_v1.5.1/pico-sdk/src/rp2_common/pico_printf/printf.c.obj
 .rodata.__aeabi_double_init.str1.4
                0x10008590       0xb8 CMakeFiles/orcawhaletail_sensorloopdrive.dir/C_/Program_Files/Raspberry_Pi/Pico_SDK_v1.5.1/pico-sdk/src/rp2_common/pico_double/double_init_rom.c.obj
 .rodata.__func__.0
                0x10008648       0x14 CMakeFiles/orcawhaletail_sensorloopdrive.dir/C_/Program_Files/Raspberry_Pi/Pico_SDK_v1.5.1/pico-sdk/src/rp2_common/pico_double/double_init_rom.c.obj
 .rodata.__aeabi_float_init.str1.4
                0x1000865c       0x96 CMakeFiles/orcawhaletail_sensorloopdrive.dir/C_/Program_Files/Raspberry_Pi/Pico_SDK_v1.5.1/pico-sdk/src/rp2_common/pico_float/float_init_rom.c.obj
                                 0x9a (size before relaxing)
 *fill*         0x100086f2        0x2 
 .rodata.__func__.0
                0x100086f4       0x13 CMakeFiles/orcawhaletail_sensorloopdrive.dir/C_/Program_Files/Raspberry_Pi/Pico_SDK_v1.5.1/pico-sdk/src/rp2_common/pico_float/float_init_rom.c.obj
 *fill*         0x10008707        0x1 
 .rodata.str1.4
                0x10008708       0x54 CMakeFiles/orcawhaletail_sensorloopdrive.dir/C_/Program_Files/Raspberry_Pi/Pico_SDK_v1.5.1/pico-sdk/src/rp2_common/pico_standard_link/binary_info.c.obj
 .rodata.__bi_44
                0x1000875c        0xc CMakeFiles/orcawhaletail_sensorloopdrive.dir/C_/Program_Files/Raspberry_Pi/Pico_SDK_v1.5.1/pico-sdk/src/rp2_common/pico_standard_link/binary_info.c.obj
 .rodata.__bi_75
                0x10008768        0xc CMakeFiles/orcawhaletail_sensorloopdrive.dir/C_/Program_Files/Raspberry_Pi/Pico_SDK_v1.5.1/pico-sdk/src/rp2_common/pico_standard_link/binary_info.c.obj
 .rodata.__bi_81
                0x10008774        0xc CMakeFiles/orcawhaletail_sensorloopdrive.dir/C_/Program_Files/Raspberry_Pi/Pico_SDK_v1.5.1/pico-sdk/src/rp2_common/pico_standard_link/binary_info.c.obj
 .rodata.stdout_serialize_begin.str1.4
                0x10008780       0x7d CMakeFiles/orcawhaletail_sensorloopdrive.dir/C_/Program_Files/Raspberry_Pi/Pico_SDK_v1.5.1/pico-sdk/src/rp2_common/pico_stdio/stdio.c.obj
 .rodata.__func__.3
                0x10008780       0x15 CMakeFiles/orcawhaletail_sensorloopdrive.dir/C_/Program_Files/Raspberry_Pi/Pico_SDK_v1.5.1/pico-sdk/src/rp2_common/pico_stdio/stdio.c.obj
 *fill*         0x10008795        0x3 
 .rodata.crlf_str.2
                0x10008798        0x2 CMakeFiles/orcawhaletail_sensorloopdrive.dir/C_/Program_Files/Raspberry_Pi/Pico_SDK_v1.5.1/pico-sdk/src/rp2_common/pico_stdio/stdio.c.obj
 *fill*         0x1000879a        0x2 
 .rodata._resetd_driver
                0x1000879c       0x18 CMakeFiles/orcawhaletail_sensorloopdrive.dir/C_/Program_Files/Raspberry_Pi/Pico_SDK_v1.5.1/pico-sdk/src/rp2_common/pico_stdio_usb/reset_interface.c.obj
 .rodata.low_priority_worker_irq.str1.4
                0x100087b4       0x7d CMakeFiles/orcawhaletail_sensorloopdrive.dir/C_/Program_Files/Raspberry_Pi/Pico_SDK_v1.5.1/pico-sdk/src/rp2_common/pico_stdio_usb/stdio_usb.c.obj
 .rodata.stdio_usb_init.str1.4
                0x100087b4       0x61 CMakeFiles/orcawhaletail_sensorloopdrive.dir/C_/Program_Files/Raspberry_Pi/Pico_SDK_v1.5.1/pico-sdk/src/rp2_common/pico_stdio_usb/stdio_usb.c.obj
                                 0x69 (size before relaxing)
 *fill*         0x10008815        0x3 
 .rodata.str1.4
                0x10008818       0x13 CMakeFiles/orcawhaletail_sensorloopdrive.dir/C_/Program_Files/Raspberry_Pi/Pico_SDK_v1.5.1/pico-sdk/src/rp2_common/pico_stdio_usb/stdio_usb.c.obj
 *fill*         0x1000882b        0x1 
 .rodata.__bi_182.0
                0x1000882c        0xc CMakeFiles/orcawhaletail_sensorloopdrive.dir/C_/Program_Files/Raspberry_Pi/Pico_SDK_v1.5.1/pico-sdk/src/rp2_common/pico_stdio_usb/stdio_usb.c.obj
 .rodata.__func__.1
                0x10008838        0xf CMakeFiles/orcawhaletail_sensorloopdrive.dir/C_/Program_Files/Raspberry_Pi/Pico_SDK_v1.5.1/pico-sdk/src/rp2_common/pico_stdio_usb/stdio_usb.c.obj
 *fill*         0x10008847        0x1 
 .rodata.__func__.3
                0x10008848       0x15 CMakeFiles/orcawhaletail_sensorloopdrive.dir/C_/Program_Files/Raspberry_Pi/Pico_SDK_v1.5.1/pico-sdk/src/rp2_common/pico_stdio_usb/stdio_usb.c.obj
 *fill*         0x1000885d        0x3 
 .rodata.str1.4
                0x10008860       0x2a CMakeFiles/orcawhaletail_sensorloopdrive.dir/C_/Program_Files/Raspberry_Pi/Pico_SDK_v1.5.1/pico-sdk/src/rp2_common/pico_stdio_usb/stdio_usb_descriptors.c.obj
 *fill*         0x1000888a        0x2 
 .rodata.usbd_desc_cfg
                0x1000888c       0x54 CMakeFiles/orcawhaletail_sensorloopdrive.dir/C_/Program_Files/Raspberry_Pi/Pico_SDK_v1.5.1/pico-sdk/src/rp2_common/pico_stdio_usb/stdio_usb_descriptors.c.obj
 .rodata.usbd_desc_device
                0x100088e0       0x12 CMakeFiles/orcawhaletail_sensorloopdrive.dir/C_/Program_Files/Raspberry_Pi/Pico_SDK_v1.5.1/pico-sdk/src/rp2_common/pico_stdio_usb/stdio_usb_descriptors.c.obj
 *fill*         0x100088f2        0x2 
 .rodata.usbd_desc_str
                0x100088f4       0x18 CMakeFiles/orcawhaletail_sensorloopdrive.dir/C_/Program_Files/Raspberry_Pi/Pico_SDK_v1.5.1/pico-sdk/src/rp2_common/pico_stdio_usb/stdio_usb_descriptors.c.obj
 .rodata.pico_get_unique_board_id_string.str1.4
                0x1000890c       0x69 CMakeFiles/orcawhaletail_sensorloopdrive.dir/C_/Program_Files/Raspberry_Pi/Pico_SDK_v1.5.1/pico-sdk/src/rp2_common/pico_unique_id/unique_id.c.obj
 *fill*         0x10008975        0x3 
 .rodata.__func__.0
                0x10008978       0x20 CMakeFiles/orcawhaletail_sensorloopdrive.dir/C_/Program_Files/Raspberry_Pi/Pico_SDK_v1.5.1/pico-sdk/src/rp2_common/pico_unique_id/unique_id.c.obj
 .rodata.str1.4
                0x10008998      0x176 CMakeFiles/orcawhaletail_sensorloopdrive.dir/C_/Program_Files/Raspberry_Pi/Pico_SDK_v1.5.1/pico-sdk/src/rp2_common/hardware_flash/flash.c.obj
 *fill*         0x10008b0e        0x2 
 .rodata.__func__.0
                0x10008b10        0xd CMakeFiles/orcawhaletail_sensorloopdrive.dir/C_/Program_Files/Raspberry_Pi/Pico_SDK_v1.5.1/pico-sdk/src/rp2_common/hardware_flash/flash.c.obj
 *fill*         0x10008b1d        0x3 
 .rodata._hw_endpoint_alloc.str1.4
                0x10008b20       0xd1 CMakeFiles/orcawhaletail_sensorloopdrive.dir/C_/Program_Files/Raspberry_Pi/Pico_SDK_v1.5.1/pico-sdk/lib/tinyusb/src/portable/raspberrypi/rp2040/dcd_rp2040.c.obj
 *fill*         0x10008bf1        0x3 
 .rodata.str1.4
                0x10008bf4       0x14 CMakeFiles/orcawhaletail_sensorloopdrive.dir/C_/Program_Files/Raspberry_Pi/Pico_SDK_v1.5.1/pico-sdk/lib/tinyusb/src/portable/raspberrypi/rp2040/dcd_rp2040.c.obj
 .rodata.dcd_int_enable.str1.4
                0x10008c08        0xc CMakeFiles/orcawhaletail_sensorloopdrive.dir/C_/Program_Files/Raspberry_Pi/Pico_SDK_v1.5.1/pico-sdk/lib/tinyusb/src/portable/raspberrypi/rp2040/dcd_rp2040.c.obj
 .rodata.__func__.0
                0x10008c14        0xe CMakeFiles/orcawhaletail_sensorloopdrive.dir/C_/Program_Files/Raspberry_Pi/Pico_SDK_v1.5.1/pico-sdk/lib/tinyusb/src/portable/raspberrypi/rp2040/dcd_rp2040.c.obj
 *fill*         0x10008c22        0x2 
 .rodata.__func__.1
                0x10008c24        0xe CMakeFiles/orcawhaletail_sensorloopdrive.dir/C_/Program_Files/Raspberry_Pi/Pico_SDK_v1.5.1/pico-sdk/lib/tinyusb/src/portable/raspberrypi/rp2040/dcd_rp2040.c.obj
 *fill*         0x10008c32        0x2 
 .rodata.__func__.3
                0x10008c34       0x10 CMakeFiles/orcawhaletail_sensorloopdrive.dir/C_/Program_Files/Raspberry_Pi/Pico_SDK_v1.5.1/pico-sdk/lib/tinyusb/src/portable/raspberrypi/rp2040/dcd_rp2040.c.obj
 .rodata.__func__.5
                0x10008c44        0xf CMakeFiles/orcawhaletail_sensorloopdrive.dir/C_/Program_Files/Raspberry_Pi/Pico_SDK_v1.5.1/pico-sdk/lib/tinyusb/src/portable/raspberrypi/rp2040/dcd_rp2040.c.obj
 *fill*         0x10008c53        0x1 
 .rodata.__func__.6
                0x10008c54       0x13 CMakeFiles/orcawhaletail_sensorloopdrive.dir/C_/Program_Files/Raspberry_Pi/Pico_SDK_v1.5.1/pico-sdk/lib/tinyusb/src/portable/raspberrypi/rp2040/dcd_rp2040.c.obj
 *fill*         0x10008c67        0x1 
 .rodata.__func__.7
                0x10008c68        0x9 CMakeFiles/orcawhaletail_sensorloopdrive.dir/C_/Program_Files/Raspberry_Pi/Pico_SDK_v1.5.1/pico-sdk/lib/tinyusb/src/portable/raspberrypi/rp2040/dcd_rp2040.c.obj
 *fill*         0x10008c71        0x3 
 .rodata.str1.4
                0x10008c74      0x103 CMakeFiles/orcawhaletail_sensorloopdrive.dir/C_/Program_Files/Raspberry_Pi/Pico_SDK_v1.5.1/pico-sdk/lib/tinyusb/src/portable/raspberrypi/rp2040/rp2040_usb.c.obj
 *fill*         0x10008d77        0x1 
 .rodata.__func__.0
                0x10008d78        0xf CMakeFiles/orcawhaletail_sensorloopdrive.dir/C_/Program_Files/Raspberry_Pi/Pico_SDK_v1.5.1/pico-sdk/lib/tinyusb/src/portable/raspberrypi/rp2040/rp2040_usb.c.obj
 *fill*         0x10008d87        0x1 
 .rodata.process_get_descriptor
                0x10008d88       0x40 CMakeFiles/orcawhaletail_sensorloopdrive.dir/C_/Program_Files/Raspberry_Pi/Pico_SDK_v1.5.1/pico-sdk/lib/tinyusb/src/device/usbd.c.obj
 .rodata.process_control_request
                0x10008dc8       0x28 CMakeFiles/orcawhaletail_sensorloopdrive.dir/C_/Program_Files/Raspberry_Pi/Pico_SDK_v1.5.1/pico-sdk/lib/tinyusb/src/device/usbd.c.obj
 .rodata.tud_task_ext
                0x10008df0       0x24 CMakeFiles/orcawhaletail_sensorloopdrive.dir/C_/Program_Files/Raspberry_Pi/Pico_SDK_v1.5.1/pico-sdk/lib/tinyusb/src/device/usbd.c.obj