Archive member included to satisfy reference by file (symbol)

c:/progra~2/gnuarm~1/102021~1.10/bin/../lib/gcc/arm-none-eabi/10.3.1/thumb/v6-m/nofp\libgcc.a(_dvmd_tls.o)
                              CMakeFiles/whaletail_10baset1l.dir/C_/Program_Files/Raspberry_Pi/Pico_SDK_v1.5.1/pico-sdk/src/rp2_common/pico_divider/divider.S.obj (__aeabi_idiv0)
c:/progra~2/gnuarm~1/102021~1.10/bin/../lib/gcc/arm-none-eabi/10.3.1/../../../../arm-none-eabi/lib/thumb/v6-m/nofp\libg.a(lib_a-calloc.o)
                              CMakeFiles/whaletail_10baset1l.dir/C_/Program_Files/Raspberry_Pi/Pico_SDK_v1.5.1/pico-sdk/src/rp2_common/pico_malloc/pico_malloc.c.obj (calloc)
c:/progra~2/gnuarm~1/102021~1.10/bin/../lib/gcc/arm-none-eabi/10.3.1/../../../../arm-none-eabi/lib/thumb/v6-m/nofp\libg.a(lib_a-callocr.o)
                              c:/progra~2/gnuarm~1/102021~1.10/bin/../lib/gcc/arm-none-eabi/10.3.1/../../../../arm-none-eabi/lib/thumb/v6-m/nofp\libg.a(lib_a-calloc.o) (_calloc_r)
c:/progra~2/gnuarm~1/102021~1.10/bin/../lib/gcc/arm-none-eabi/10.3.1/../../../../arm-none-eabi/lib/thumb/v6-m/nofp\libg.a(lib_a-errno.o)
                              c:/progra~2/gnuarm~1/102021~1.10/bin/../lib/gcc/arm-none-eabi/10.3.1/../../../../arm-none-eabi/lib/thumb/v6-m/nofp\libg.a(lib_a-callocr.o) (__errno)
c:/progra~2/gnuarm~1/102021~1.10/bin/../lib/gcc/arm-none-eabi/10.3.1/../../../../arm-none-eabi/lib/thumb/v6-m/nofp\libg.a(lib_a-impure.o)
                              c:/progra~2/gnuarm~1/102021~1.10/bin/../lib/gcc/arm-none-eabi/10.3.1/../../../../arm-none-eabi/lib/thumb/v6-m/nofp\libg.a(lib_a-calloc.o) (_impure_ptr)
c:/progra~2/gnuarm~1/102021~1.10/bin/../lib/gcc/arm-none-eabi/10.3.1/../../../../arm-none-eabi/lib/thumb/v6-m/nofp\libg.a(lib_a-init.o)
                              c:/progra~2/gnuarm~1/102021~1.10/bin/../lib/gcc/arm-none-eabi/10.3.1/../../../../arm-none-eabi/lib/thumb/v6-m/nofp/crt0.o (__libc_init_array)
c:/progra~2/gnuarm~1/102021~1.10/bin/../lib/gcc/arm-none-eabi/10.3.1/../../../../arm-none-eabi/lib/thumb/v6-m/nofp\libg.a(lib_a-malloc.o)
                              CMakeFiles/whaletail_10baset1l.dir/C_/Program_Files/Raspberry_Pi/Pico_SDK_v1.5.1/pico-sdk/src/rp2_common/pico_malloc/pico_malloc.c.obj (malloc)
c:/progra~2/gnuarm~1/102021~1.10/bin/../lib/gcc/arm-none-eabi/10.3.1/../../../../arm-none-eabi/lib/thumb/v6-m/nofp\libg.a(lib_a-mallocr.o)
                              c:/progra~2/gnuarm~1/102021~1.10/bin/../lib/gcc/arm-none-eabi/10.3.1/../../../../arm-none-eabi/lib/thumb/v6-m/nofp\libg.a(lib_a-callocr.o) (_malloc_r)
c:/progra~2/gnuarm~1/102021~1.10/bin/../lib/gcc/arm-none-eabi/10.3.1/../../../../arm-none-eabi/lib/thumb/v6-m/nofp\libg.a(lib_a-mlock.o)
                              c:/progra~2/gnuarm~1/102021~1.10/bin/../lib/gcc/arm-none-eabi/10.3.1/../../../../arm-none-eabi/lib/thumb/v6-m/nofp\libg.a(lib_a-mallocr.o) (__malloc_lock)
c:/progra~2/gnuarm~1/102021~1.10/bin/../lib/gcc/arm-none-eabi/10.3.1/../../../../arm-none-eabi/lib/thumb/v6-m/nofp\libg.a(lib_a-realloc.o)
                              CMakeFiles/whaletail_10baset1l.dir/C_/Program_Files/Raspberry_Pi/Pico_SDK_v1.5.1/pico-sdk/src/rp2_common/pico_malloc/pico_malloc.c.obj (realloc)
c:/progra~2/gnuarm~1/102021~1.10/bin/../lib/gcc/arm-none-eabi/10.3.1/../../../../arm-none-eabi/lib/thumb/v6-m/nofp\libg.a(lib_a-reallocr.o)
                              c:/progra~2/gnuarm~1/102021~1.10/bin/../lib/gcc/arm-none-eabi/10.3.1/../../../../arm-none-eabi/lib/thumb/v6-m/nofp\libg.a(lib_a-realloc.o) (_realloc_r)
c:/progra~2/gnuarm~1/102021~1.10/bin/../lib/gcc/arm-none-eabi/10.3.1/../../../../arm-none-eabi/lib/thumb/v6-m/nofp\libg.a(lib_a-sbrkr.o)
                              c:/progra~2/gnuarm~1/102021~1.10/bin/../lib/gcc/arm-none-eabi/10.3.1/../../../../arm-none-eabi/lib/thumb/v6-m/nofp\libg.a(lib_a-mallocr.o) (_sbrk_r)
c:/progra~2/gnuarm~1/102021~1.10/bin/../lib/gcc/arm-none-eabi/10.3.1/../../../../arm-none-eabi/lib/thumb/v6-m/nofp\libg.a(lib_a-strlen-stub.o)
                              CMakeFiles/whaletail_10baset1l.dir/C_/Program_Files/Raspberry_Pi/Pico_SDK_v1.5.1/pico-sdk/src/rp2_common/pico_stdio/stdio.c.obj (strlen)
c:/progra~2/gnuarm~1/102021~1.10/bin/../lib/gcc/arm-none-eabi/10.3.1/../../../../arm-none-eabi/lib/thumb/v6-m/nofp\libg.a(lib_a-freer.o)
                              c:/progra~2/gnuarm~1/102021~1.10/bin/../lib/gcc/arm-none-eabi/10.3.1/../../../../arm-none-eabi/lib/thumb/v6-m/nofp\libg.a(lib_a-malloc.o) (_free_r)
c:/progra~2/gnuarm~1/102021~1.10/bin/../lib/gcc/arm-none-eabi/10.3.1/../../../../arm-none-eabi/lib/thumb/v6-m/nofp\libg.a(lib_a-lock.o)
                              c:/progra~2/gnuarm~1/102021~1.10/bin/../lib/gcc/arm-none-eabi/10.3.1/../../../../arm-none-eabi/lib/thumb/v6-m/nofp\libg.a(lib_a-mlock.o) (__retarget_lock_acquire_recursive)
c:/progra~2/gnuarm~1/102021~1.10/bin/../lib/gcc/arm-none-eabi/10.3.1/../../../../arm-none-eabi/lib/thumb/v6-m/nofp\libg.a(lib_a-memmove.o)
[...]
Memory Configuration

Name             Origin             Length             Attributes
FLASH            0x10000000         0x00200000         xr
RAM              0x20000000         0x00040000         xrw
SCRATCH_X        0x20040000         0x00001000         xrw
SCRATCH_Y        0x20041000         0x00001000         xrw
*default*        0x00000000         0xffffffff

Linker script and memory map

LOAD c:/progra~2/gnuarm~1/102021~1.10/bin/../lib/gcc/arm-none-eabi/10.3.1/thumb/v6-m/nofp/crti.o
LOAD c:/progra~2/gnuarm~1/102021~1.10/bin/../lib/gcc/arm-none-eabi/10.3.1/thumb/v6-m/nofp/crtbegin.o
LOAD c:/progra~2/gnuarm~1/102021~1.10/bin/../lib/gcc/arm-none-eabi/10.3.1/../../../../arm-none-eabi/lib/thumb/v6-m/nofp/crt0.o

.flash_begin    0x10000000        0x0
                0x10000000                __flash_binary_start = .

.boot2          0x10000000      0x100
                0x10000000                __boot2_start__ = .
 *(.boot2)
 .boot2         0x10000000      0x100 C:\Users\mvsmo\AppData\Local\Temp\ccihFte0.o
                0x10000100                __boot2_end__ = .
                0x00000001                ASSERT (((__boot2_end__ - __boot2_start__) == 0x100), ERROR: Pico second stage bootloader must be 256 bytes in size)

.text           0x10000100     0xab30
                0x10000100                __logical_binary_start = .
 *(.vectors)
 .vectors       0x10000100       0xd4 CMakeFiles/whaletail_10baset1l.dir/C_/Program_Files/Raspberry_Pi/Pico_SDK_v1.5.1/pico-sdk/src/rp2_common/pico_standard_link/crt0.S.obj
                0x10000100                __VECTOR_TABLE
                0x10000100                __vectors
                0x100001c0                isr_invalid
                0x100001c0                __default_isrs_start
                0x100001c2                isr_nmi
                0x100001c4                isr_hardfault
                0x100001c6                isr_svcall
                0x100001c8                isr_pendsv
                0x100001ca                isr_systick
                0x100001cc                isr_irq23
                0x100001cc                isr_irq18
                0x100001cc                isr_irq11
                0x100001cc                isr_irq28
                0x100001cc                isr_irq19
                0x100001cc                isr_irq0
                0x100001cc                isr_irq6
                0x100001cc                isr_irq5
                0x100001cc                isr_irq12
                0x100001cc                isr_irq22
                0x100001cc                isr_irq31
                0x100001cc                isr_irq17
                0x100001cc                isr_irq27
                0x100001cc                isr_irq30
                0x100001cc                isr_irq2
                0x100001cc                isr_irq10
                0x100001cc                isr_irq8
                0x100001cc                isr_irq24
                0x100001cc                isr_irq1
                0x100001cc                isr_irq7
                0x100001cc                isr_irq21
                0x100001cc                isr_irq20
                0x100001cc                isr_irq15
                0x100001cc                isr_irq25
                0x100001cc                isr_irq13
                0x100001cc                __unhandled_user_irq
                0x100001cc                isr_irq4
                0x100001cc                isr_irq16
                0x100001cc                isr_irq29
                0x100001cc                isr_irq26
                0x100001cc                __default_isrs_end
                0x100001cc                isr_irq3
                0x100001cc                isr_irq14
                0x100001cc                isr_irq9
                0x100001d2                unhandled_user_irq_num_in_r0
 *(.binary_info_header)
 .binary_info_header
                0x100001d4       0x14 CMakeFiles/whaletail_10baset1l.dir/C_/Program_Files/Raspberry_Pi/Pico_SDK_v1.5.1/pico-sdk/src/rp2_common/pico_standard_link/crt0.S.obj
                0x100001e8                __binary_info_header_end = .
 *(.reset)
 .reset         0x100001e8       0xa0 CMakeFiles/whaletail_10baset1l.dir/C_/Program_Files/Raspberry_Pi/Pico_SDK_v1.5.1/pico-sdk/src/rp2_common/pico_standard_link/crt0.S.obj
                0x100001e8                _entry_point
 .reset         0x10000288       0x30 CMakeFiles/whaletail_10baset1l.dir/C_/Program_Files/Raspberry_Pi/Pico_SDK_v1.5.1/pico-sdk/src/rp2_common/pico_standard_link/binary_info.c.obj
 *(.init)
 .init          0x100002b8        0x4 c:/progra~2/gnuarm~1/102021~1.10/bin/../lib/gcc/arm-none-eabi/10.3.1/thumb/v6-m/nofp/crti.o
                0x100002b8                _init
 *(EXCLUDE_FILE(*libm.a: *libc.a:*lib_a-mem*.o *libgcc.a:) .text*)
 .text          0x100002bc       0x48 c:/progra~2/gnuarm~1/102021~1.10/bin/../lib/gcc/arm-none-eabi/10.3.1/thumb/v6-m/nofp/crtbegin.o
 .text._Z12linkCallbackb
                0x10000304        0xc CMakeFiles/whaletail_10baset1l.dir/main.cpp.obj
                0x10000304                linkCallback(bool)
 .text._Z41__static_initialization_and_destruction_0ii
                0x10000310       0x60 CMakeFiles/whaletail_10baset1l.dir/main.cpp.obj
 .text._ZL10rxCallbackPhiS_
                0x10000370       0x8c CMakeFiles/whaletail_10baset1l.dir/main.cpp.obj
 .text.main     0x100003fc       0xac CMakeFiles/whaletail_10baset1l.dir/main.cpp.obj
                0x100003fc                main
 .text._GLOBAL__sub_I_deviceMAC
                0x100004a8       0x10 CMakeFiles/whaletail_10baset1l.dir/main.cpp.obj
 .text.MAC_TsConvert
                0x100004b8       0x84 CMakeFiles/whaletail_10baset1l.dir/SparkFun_ADIN1110_Arduino_Library/src/adi_mac.c.obj
                0x100004b8                MAC_TsConvert
 .text.MAC_TsSubtract
                0x1000053c       0x3c CMakeFiles/whaletail_10baset1l.dir/SparkFun_ADIN1110_Arduino_Library/src/adi_mac.c.obj
                0x1000053c                MAC_TsSubtract
 .text.MAC_UnInit
                0x10000578       0x16 CMakeFiles/whaletail_10baset1l.dir/SparkFun_ADIN1110_Arduino_Library/src/adi_mac.c.obj
 *fill*         0x1000058e        0x2 
 .text.MAC_ReadRegister
                0x10000590       0xa4 CMakeFiles/whaletail_10baset1l.dir/SparkFun_ADIN1110_Arduino_Library/src/adi_mac.c.obj
                0x10000590                MAC_ReadRegister
 .text.MAC_GetChunkSize
                0x10000634       0x2e CMakeFiles/whaletail_10baset1l.dir/SparkFun_ADIN1110_Arduino_Library/src/adi_mac.c.obj
                0x10000634                MAC_GetChunkSize
 .text.MAC_GetCutThroughMode
                0x10000662       0x32 CMakeFiles/whaletail_10baset1l.dir/SparkFun_ADIN1110_Arduino_Library/src/adi_mac.c.obj
                0x10000662                MAC_GetCutThroughMode
 .text.MAC_GetFifoSizes
                0x10000694        0xc CMakeFiles/whaletail_10baset1l.dir/SparkFun_ADIN1110_Arduino_Library/src/adi_mac.c.obj
                0x10000694                MAC_GetFifoSizes
 .text.MAC_TsGetExtCaptTimestamp
                0x100006a0       0x66 CMakeFiles/whaletail_10baset1l.dir/SparkFun_ADIN1110_Arduino_Library/src/adi_mac.c.obj
                0x100006a0                MAC_TsGetExtCaptTimestamp
 .text.MAC_TsGetEgressTimestamp
                0x10000706       0x62 CMakeFiles/whaletail_10baset1l.dir/SparkFun_ADIN1110_Arduino_Library/src/adi_mac.c.obj
                0x10000706                MAC_TsGetEgressTimestamp
 .text.waitMdioReady
                0x10000768       0x50 CMakeFiles/whaletail_10baset1l.dir/SparkFun_ADIN1110_Arduino_Library/src/adi_mac.c.obj
 .text.MAC_GetPromiscuousMode
                0x100007b8       0x22 CMakeFiles/whaletail_10baset1l.dir/SparkFun_ADIN1110_Arduino_Library/src/adi_mac.c.obj
 .text.MAC_GetStatCounters
                0x100007da       0xee CMakeFiles/whaletail_10baset1l.dir/SparkFun_ADIN1110_Arduino_Library/src/adi_mac.c.obj
 .text.MAC_GetLinkStatus
                0x100008c8       0x1e CMakeFiles/whaletail_10baset1l.dir/SparkFun_ADIN1110_Arduino_Library/src/adi_mac.c.obj
 *fill*         0x100008e6        0x2 
 .text.MAC_WriteRegister
                0x100008e8       0xa8 CMakeFiles/whaletail_10baset1l.dir/SparkFun_ADIN1110_Arduino_Library/src/adi_mac.c.obj
                0x100008e8                MAC_WriteRegister
 .text.MAC_SetChunkSize
                0x10000990       0x4e CMakeFiles/whaletail_10baset1l.dir/SparkFun_ADIN1110_Arduino_Library/src/adi_mac.c.obj
                0x10000990                MAC_SetChunkSize
 *fill*         0x100009de        0x2 
 .text.MAC_SetCutThroughMode
                0x100009e0       0x40 CMakeFiles/whaletail_10baset1l.dir/SparkFun_ADIN1110_Arduino_Library/src/adi_mac.c.obj
                0x100009e0                MAC_SetCutThroughMode
 .text.MAC_SetFifoSizes
                0x10000a20       0x18 CMakeFiles/whaletail_10baset1l.dir/SparkFun_ADIN1110_Arduino_Library/src/adi_mac.c.obj
                0x10000a20                MAC_SetFifoSizes
 .text.MAC_ClearFifos
                0x10000a38        0xc CMakeFiles/whaletail_10baset1l.dir/SparkFun_ADIN1110_Arduino_Library/src/adi_mac.c.obj
                0x10000a38                MAC_ClearFifos
 .text.MAC_TsEnable
                0x10000a44       0xb8 CMakeFiles/whaletail_10baset1l.dir/SparkFun_ADIN1110_Arduino_Library/src/adi_mac.c.obj
                0x10000a44                MAC_TsEnable
 .text.MAC_TsClear
                0x10000afc       0x28 CMakeFiles/whaletail_10baset1l.dir/SparkFun_ADIN1110_Arduino_Library/src/adi_mac.c.obj
                0x10000afc                MAC_TsClear
 .text.MAC_TsTimerStart
                0x10000b24       0xb8 CMakeFiles/whaletail_10baset1l.dir/SparkFun_ADIN1110_Arduino_Library/src/adi_mac.c.obj
                0x10000b24                MAC_TsTimerStart
 .text.MAC_TsTimerStop
                0x10000bdc       0x28 CMakeFiles/whaletail_10baset1l.dir/SparkFun_ADIN1110_Arduino_Library/src/adi_mac.c.obj
                0x10000bdc                MAC_TsTimerStop
 .text.MAC_TsSetTimerAbsolute
                0x10000c04       0x68 CMakeFiles/whaletail_10baset1l.dir/SparkFun_ADIN1110_Arduino_Library/src/adi_mac.c.obj
                0x10000c04                MAC_TsSetTimerAbsolute
 .text.MAC_TsSyncClock
                0x10000c6c       0x82 CMakeFiles/whaletail_10baset1l.dir/SparkFun_ADIN1110_Arduino_Library/src/adi_mac.c.obj
                0x10000c6c                MAC_TsSyncClock
 .text.MAC_PhyWrite
                0x10000cee       0x4c CMakeFiles/whaletail_10baset1l.dir/SparkFun_ADIN1110_Arduino_Library/src/adi_mac.c.obj
 *fill*         0x10000d3a        0x2 
 .text.MAC_PhyRead
                0x10000d3c       0xa4 CMakeFiles/whaletail_10baset1l.dir/SparkFun_ADIN1110_Arduino_Library/src/adi_mac.c.obj
 .text.MAC_SetPromiscuousMode
                0x10000de0       0x38 CMakeFiles/whaletail_10baset1l.dir/SparkFun_ADIN1110_Arduino_Library/src/adi_mac.c.obj
 .text.MAC_ClearAddressFilter
                0x10000e18       0x3e CMakeFiles/whaletail_10baset1l.dir/SparkFun_ADIN1110_Arduino_Library/src/adi_mac.c.obj
 *fill*         0x10000e56        0x2 
 .text.MAC_AddAddressFilter
                0x10000e58       0xf4 CMakeFiles/whaletail_10baset1l.dir/SparkFun_ADIN1110_Arduino_Library/src/adi_mac.c.obj
 .text.MAC_RegisterCallback
                0x10000f4c       0x70 CMakeFiles/whaletail_10baset1l.dir/SparkFun_ADIN1110_Arduino_Library/src/adi_mac.c.obj
 .text.waitDeviceReady
                0x10000fbc       0x88 CMakeFiles/whaletail_10baset1l.dir/SparkFun_ADIN1110_Arduino_Library/src/adi_mac.c.obj
 .text.MAC_SyncConfig
                0x10001044       0x3a CMakeFiles/whaletail_10baset1l.dir/SparkFun_ADIN1110_Arduino_Library/src/adi_mac.c.obj
 *fill*         0x1000107e        0x2 
 .text.macInit  0x10001080       0xe4 CMakeFiles/whaletail_10baset1l.dir/SparkFun_ADIN1110_Arduino_Library/src/adi_mac.c.obj
 .text.MAC_Reset
                0x10001164       0xa4 CMakeFiles/whaletail_10baset1l.dir/SparkFun_ADIN1110_Arduino_Library/src/adi_mac.c.obj
 .text.macCallback
                0x10001208        0x8 CMakeFiles/whaletail_10baset1l.dir/SparkFun_ADIN1110_Arduino_Library/src/adi_mac.c.obj
 .text.queueInit
                0x10001210       0x28 CMakeFiles/whaletail_10baset1l.dir/SparkFun_ADIN1110_Arduino_Library/src/adi_mac.c.obj
                0x10001210                queueInit
 .text.MAC_Init
                0x10001238      0x138 CMakeFiles/whaletail_10baset1l.dir/SparkFun_ADIN1110_Arduino_Library/src/adi_mac.c.obj
 .text.queueIsFull
                0x10001370       0x1e CMakeFiles/whaletail_10baset1l.dir/SparkFun_ADIN1110_Arduino_Library/src/adi_mac.c.obj
                0x10001370                queueIsFull
 .text.queueIsEmpty
                0x1000138e       0x10 CMakeFiles/whaletail_10baset1l.dir/SparkFun_ADIN1110_Arduino_Library/src/adi_mac.c.obj
                0x1000138e                queueIsEmpty
 .text.MAC_ProcessTxQueue
                0x1000139e       0x58 CMakeFiles/whaletail_10baset1l.dir/SparkFun_ADIN1110_Arduino_Library/src/adi_mac.c.obj
 .text.queueAdd
                0x100013f6       0x10 CMakeFiles/whaletail_10baset1l.dir/SparkFun_ADIN1110_Arduino_Library/src/adi_mac.c.obj
                0x100013f6                queueAdd
 .text.MAC_SubmitRxBuffer
                0x10001406       0x6c CMakeFiles/whaletail_10baset1l.dir/SparkFun_ADIN1110_Arduino_Library/src/adi_mac.c.obj
 *fill*         0x10001472        0x2 
 .text.MAC_SubmitTxBuffer
                0x10001474       0xcc CMakeFiles/whaletail_10baset1l.dir/SparkFun_ADIN1110_Arduino_Library/src/adi_mac.c.obj
 .text.queueRemove
                0x10001540       0x10 CMakeFiles/whaletail_10baset1l.dir/SparkFun_ADIN1110_Arduino_Library/src/adi_mac.c.obj
                0x10001540                queueRemove
 .text.MAC_CalculateParity
                0x10001550       0x2c CMakeFiles/whaletail_10baset1l.dir/SparkFun_ADIN1110_Arduino_Library/src/adi_mac.c.obj
                0x10001550                MAC_CalculateParity
 .text.irqCb    0x1000157c       0x18 CMakeFiles/whaletail_10baset1l.dir/SparkFun_ADIN1110_Arduino_Library/src/adi_phy.c.obj
 .text.PHY_UnInit
                0x10001594       0x16 CMakeFiles/whaletail_10baset1l.dir/SparkFun_ADIN1110_Arduino_Library/src/adi_phy.c.obj
 .text.PHY_Write
                0x100015aa       0x34 CMakeFiles/whaletail_10baset1l.dir/SparkFun_ADIN1110_Arduino_Library/src/adi_phy.c.obj
 *fill*         0x100015de        0x2 
 .text.PHY_FrameChkSourceSelect
                0x100015e0       0x10 CMakeFiles/whaletail_10baset1l.dir/SparkFun_ADIN1110_Arduino_Library/src/adi_phy.c.obj
 .text.PHY_FrameChkEn
                0x100015f0       0x18 CMakeFiles/whaletail_10baset1l.dir/SparkFun_ADIN1110_Arduino_Library/src/adi_phy.c.obj
 .text.PHY_FrameGenSetIfgLen
                0x10001608       0x10 CMakeFiles/whaletail_10baset1l.dir/SparkFun_ADIN1110_Arduino_Library/src/adi_phy.c.obj
 .text.PHY_FrameGenSetFrameLen
                0x10001618       0x10 CMakeFiles/whaletail_10baset1l.dir/SparkFun_ADIN1110_Arduino_Library/src/adi_phy.c.obj
 .text.PHY_FrameGenSetFramePayload
                0x10001628       0x10 CMakeFiles/whaletail_10baset1l.dir/SparkFun_ADIN1110_Arduino_Library/src/adi_phy.c.obj
 .text.PHY_FrameGenSetFrameCnt
                0x10001638       0x28 CMakeFiles/whaletail_10baset1l.dir/SparkFun_ADIN1110_Arduino_Library/src/adi_phy.c.obj
 .text.PHY_FrameGenSetMode
                0x10001660       0x10 CMakeFiles/whaletail_10baset1l.dir/SparkFun_ADIN1110_Arduino_Library/src/adi_phy.c.obj
 .text.PHY_LedBlinkTime
                0x10001670       0x50 CMakeFiles/whaletail_10baset1l.dir/SparkFun_ADIN1110_Arduino_Library/src/adi_phy.c.obj
 .text.phyStaticConfig
                0x100016c0      0x1ac CMakeFiles/whaletail_10baset1l.dir/SparkFun_ADIN1110_Arduino_Library/src/adi_phy.c.obj
 .text.PHY_Renegotiate
                0x1000186c       0x20 CMakeFiles/whaletail_10baset1l.dir/SparkFun_ADIN1110_Arduino_Library/src/adi_phy.c.obj
 .text.PHY_AnEnable
                0x1000188c       0x28 CMakeFiles/whaletail_10baset1l.dir/SparkFun_ADIN1110_Arduino_Library/src/adi_phy.c.obj
 .text.PHY_RegisterCallback
                0x100018b4       0x34 CMakeFiles/whaletail_10baset1l.dir/SparkFun_ADIN1110_Arduino_Library/src/adi_phy.c.obj
 .text.PHY_Read
                0x100018e8       0x34 CMakeFiles/whaletail_10baset1l.dir/SparkFun_ADIN1110_Arduino_Library/src/adi_phy.c.obj
 .text.PHY_FrameChkReadErrorCnt
                0x1000191c       0x9c CMakeFiles/whaletail_10baset1l.dir/SparkFun_ADIN1110_Arduino_Library/src/adi_phy.c.obj
 .text.PHY_FrameChkReadRxErrCnt
                0x100019b8       0x10 CMakeFiles/whaletail_10baset1l.dir/SparkFun_ADIN1110_Arduino_Library/src/adi_phy.c.obj
 .text.PHY_FrameChkReadFrameCnt
                0x100019c8       0x48 CMakeFiles/whaletail_10baset1l.dir/SparkFun_ADIN1110_Arduino_Library/src/adi_phy.c.obj
 .text.PHY_FrameGenDone
                0x10001a10       0x28 CMakeFiles/whaletail_10baset1l.dir/SparkFun_ADIN1110_Arduino_Library/src/adi_phy.c.obj
 .text.PHY_FrameGenRestart
                0x10001a38       0x40 CMakeFiles/whaletail_10baset1l.dir/SparkFun_ADIN1110_Arduino_Library/src/adi_phy.c.obj
 .text.PHY_FrameGenEn
                0x10001a78       0x64 CMakeFiles/whaletail_10baset1l.dir/SparkFun_ADIN1110_Arduino_Library/src/adi_phy.c.obj
 .text.PHY_GetMseLinkQuality
                0x10001adc       0x5c CMakeFiles/whaletail_10baset1l.dir/SparkFun_ADIN1110_Arduino_Library/src/adi_phy.c.obj
 .text.PHY_GetCapabilities
                0x10001b38       0x50 CMakeFiles/whaletail_10baset1l.dir/SparkFun_ADIN1110_Arduino_Library/src/adi_phy.c.obj
 .text.PHY_LedEn
                0x10001b88       0x58 CMakeFiles/whaletail_10baset1l.dir/SparkFun_ADIN1110_Arduino_Library/src/adi_phy.c.obj
 .text.checkIdentity
                0x10001be0       0x6c CMakeFiles/whaletail_10baset1l.dir/SparkFun_ADIN1110_Arduino_Library/src/adi_phy.c.obj
 .text.PHY_GetAnStatus
                0x10001c4c       0xb0 CMakeFiles/whaletail_10baset1l.dir/SparkFun_ADIN1110_Arduino_Library/src/adi_phy.c.obj
 .text.PHY_AnAdvMstSlvCfg
                0x10001cfc       0x98 CMakeFiles/whaletail_10baset1l.dir/SparkFun_ADIN1110_Arduino_Library/src/adi_phy.c.obj
 .text.PHY_AnAdvTxMode
                0x10001d94       0x70 CMakeFiles/whaletail_10baset1l.dir/SparkFun_ADIN1110_Arduino_Library/src/adi_phy.c.obj
 .text.PHY_GetLinkStatus
                0x10001e04       0x60 CMakeFiles/whaletail_10baset1l.dir/SparkFun_ADIN1110_Arduino_Library/src/adi_phy.c.obj
 .text.PHY_GetSoftwarePowerdown
                0x10001e64       0x3c CMakeFiles/whaletail_10baset1l.dir/SparkFun_ADIN1110_Arduino_Library/src/adi_phy.c.obj
 .text.setSoftwarePowerdown
                0x10001ea0       0x58 CMakeFiles/whaletail_10baset1l.dir/SparkFun_ADIN1110_Arduino_Library/src/adi_phy.c.obj
 .text.PHY_ExitSoftwarePowerdown
                0x10001ef8        0xa CMakeFiles/whaletail_10baset1l.dir/SparkFun_ADIN1110_Arduino_Library/src/adi_phy.c.obj
 .text.PHY_EnterSoftwarePowerdown
                0x10001f02        0xa CMakeFiles/whaletail_10baset1l.dir/SparkFun_ADIN1110_Arduino_Library/src/adi_phy.c.obj
 .text.phyInit  0x10001f0c       0xec CMakeFiles/whaletail_10baset1l.dir/SparkFun_ADIN1110_Arduino_Library/src/adi_phy.c.obj
 .text.PHY_Reset
                0x10001ff8       0x34 CMakeFiles/whaletail_10baset1l.dir/SparkFun_ADIN1110_Arduino_Library/src/adi_phy.c.obj
 .text.PHY_ReInitPhy
                0x1000202c        0x8 CMakeFiles/whaletail_10baset1l.dir/SparkFun_ADIN1110_Arduino_Library/src/adi_phy.c.obj
 .text.PHY_SetTestMode
                0x10002034       0xf0 CMakeFiles/whaletail_10baset1l.dir/SparkFun_ADIN1110_Arduino_Library/src/adi_phy.c.obj
 .text.PHY_SetLoopbackMode
                0x10002124      0x194 CMakeFiles/whaletail_10baset1l.dir/SparkFun_ADIN1110_Arduino_Library/src/adi_phy.c.obj
 .text.PHY_ReadIrqStatus
                0x100022b8       0x54 CMakeFiles/whaletail_10baset1l.dir/SparkFun_ADIN1110_Arduino_Library/src/adi_phy.c.obj
 .text.PHY_Init
                0x1000230c       0x78 CMakeFiles/whaletail_10baset1l.dir/SparkFun_ADIN1110_Arduino_Library/src/adi_phy.c.obj
 .text.oaCtrlCmdWriteData
                0x10002384       0x26 CMakeFiles/whaletail_10baset1l.dir/SparkFun_ADIN1110_Arduino_Library/src/adi_spi_oa.c.obj
 .text.oaCtrlCmdReadData
                0x100023aa       0x30 CMakeFiles/whaletail_10baset1l.dir/SparkFun_ADIN1110_Arduino_Library/src/adi_spi_oa.c.obj
 *fill*         0x100023da        0x2 
 .text.oaCtrlCmdHeader
                0x100023dc       0xa8 CMakeFiles/whaletail_10baset1l.dir/SparkFun_ADIN1110_Arduino_Library/src/adi_spi_oa.c.obj
 .text.oaCtrlSetup
                0x10002484       0x3c CMakeFiles/whaletail_10baset1l.dir/SparkFun_ADIN1110_Arduino_Library/src/adi_spi_oa.c.obj
 .text.oaPhyRegReadStart
                0x100024c0       0x8c CMakeFiles/whaletail_10baset1l.dir/SparkFun_ADIN1110_Arduino_Library/src/adi_spi_oa.c.obj
 .text.oaSpiIntHandle
                0x1000254c       0xe0 CMakeFiles/whaletail_10baset1l.dir/SparkFun_ADIN1110_Arduino_Library/src/adi_spi_oa.c.obj
 .text.oaPhyRegReadStep
                0x1000262c       0x78 CMakeFiles/whaletail_10baset1l.dir/SparkFun_ADIN1110_Arduino_Library/src/adi_spi_oa.c.obj
 .text.oaCreateNextChunk
                0x100026a4      0x226 CMakeFiles/whaletail_10baset1l.dir/SparkFun_ADIN1110_Arduino_Library/src/adi_spi_oa.c.obj
 *fill*         0x100028ca        0x2 
 .text.oaSpiProcess
                0x100028cc      0x100 CMakeFiles/whaletail_10baset1l.dir/SparkFun_ADIN1110_Arduino_Library/src/adi_spi_oa.c.obj
 .text.oaStateMachine
                0x100029cc      0x994 CMakeFiles/whaletail_10baset1l.dir/SparkFun_ADIN1110_Arduino_Library/src/adi_spi_oa.c.obj
                0x100029cc                oaStateMachine
 .text.oaIrqHandler
                0x10003360       0x1c CMakeFiles/whaletail_10baset1l.dir/SparkFun_ADIN1110_Arduino_Library/src/adi_spi_oa.c.obj
                0x10003360                oaIrqHandler
 .text.spiCallback
                0x1000337c        0x8 CMakeFiles/whaletail_10baset1l.dir/SparkFun_ADIN1110_Arduino_Library/src/adi_spi_oa.c.obj
                0x1000337c                spiCallback
 .text.MAC_SendFrame
                0x10003384        0xc CMakeFiles/whaletail_10baset1l.dir/SparkFun_ADIN1110_Arduino_Library/src/adi_spi_oa.c.obj
                0x10003384                MAC_SendFrame
 .text.PhyWrite
                0x10003390       0x24 CMakeFiles/whaletail_10baset1l.dir/SparkFun_ADIN1110_Arduino_Library/src/adin1110.c.obj
 .text.PhyRead  0x100033b4       0x24 CMakeFiles/whaletail_10baset1l.dir/SparkFun_ADIN1110_Arduino_Library/src/adin1110.c.obj
 .text.adin1110_Init
                0x100033d8       0xb0 CMakeFiles/whaletail_10baset1l.dir/SparkFun_ADIN1110_Arduino_Library/src/adin1110.c.obj
                0x100033d8                adin1110_Init
 .text.adin1110_Enable
                0x10003488       0x10 CMakeFiles/whaletail_10baset1l.dir/SparkFun_ADIN1110_Arduino_Library/src/adin1110.c.obj
                0x10003488                adin1110_Enable
 .text.adin1110_SyncConfig
                0x10003498       0x10 CMakeFiles/whaletail_10baset1l.dir/SparkFun_ADIN1110_Arduino_Library/src/adin1110.c.obj
                0x10003498                adin1110_SyncConfig
 .text.adin1110_AddAddressFilter
                0x100034a8       0x24 CMakeFiles/whaletail_10baset1l.dir/SparkFun_ADIN1110_Arduino_Library/src/adin1110.c.obj
                0x100034a8                adin1110_AddAddressFilter
 .text.adin1110_SubmitTxBuffer
                0x100034cc       0x20 CMakeFiles/whaletail_10baset1l.dir/SparkFun_ADIN1110_Arduino_Library/src/adin1110.c.obj
                0x100034cc                adin1110_SubmitTxBuffer
 .text.adin1110_SubmitRxBuffer
                0x100034ec       0x10 CMakeFiles/whaletail_10baset1l.dir/SparkFun_ADIN1110_Arduino_Library/src/adin1110.c.obj
                0x100034ec                adin1110_SubmitRxBuffer
 .text.adin1110_RegisterCallback
                0x100034fc       0x14 CMakeFiles/whaletail_10baset1l.dir/SparkFun_ADIN1110_Arduino_Library/src/adin1110.c.obj
                0x100034fc                adin1110_RegisterCallback
 .text.adin1110_SetUserContext
                0x10003510       0x36 CMakeFiles/whaletail_10baset1l.dir/SparkFun_ADIN1110_Arduino_Library/src/adin1110.c.obj
                0x10003510                adin1110_SetUserContext
 .text.adin1110_GetUserContext
                0x10003546       0x28 CMakeFiles/whaletail_10baset1l.dir/SparkFun_ADIN1110_Arduino_Library/src/adin1110.c.obj
                0x10003546                adin1110_GetUserContext
 .text.HAL_FcsInit
                0x1000356e        0x4 CMakeFiles/whaletail_10baset1l.dir/SparkFun_ADIN1110_Arduino_Library/src/fcs.c.obj
                0x1000356e                HAL_FcsInit
 *fill*         0x10003572        0x2 
 .text.HAL_FcsCalculate
                0x10003574       0x2c CMakeFiles/whaletail_10baset1l.dir/SparkFun_ADIN1110_Arduino_Library/src/fcs.c.obj
                0x10003574                HAL_FcsCalculate
 .text.HAL_DisableIrq
                0x100035a0        0x4 CMakeFiles/whaletail_10baset1l.dir/SparkFun_ADIN1110_Arduino_Library/src/hal.c.obj
                0x100035a0                HAL_DisableIrq
 .text.HAL_EnableIrq
                0x100035a4        0x4 CMakeFiles/whaletail_10baset1l.dir/SparkFun_ADIN1110_Arduino_Library/src/hal.c.obj
                0x100035a4                HAL_EnableIrq
 .text.HAL_GetEnableIrq
                0x100035a8        0x4 CMakeFiles/whaletail_10baset1l.dir/SparkFun_ADIN1110_Arduino_Library/src/hal.c.obj
                0x100035a8                HAL_GetEnableIrq
 .text.HAL_RegisterCallback
                0x100035ac        0x8 CMakeFiles/whaletail_10baset1l.dir/SparkFun_ADIN1110_Arduino_Library/src/hal.c.obj
                0x100035ac                HAL_RegisterCallback
 .text.HAL_SpiReadWrite
                0x100035b4        0x8 CMakeFiles/whaletail_10baset1l.dir/SparkFun_ADIN1110_Arduino_Library/src/hal.c.obj
                0x100035b4                HAL_SpiReadWrite
 .text.HAL_SpiRegisterCallback
                0x100035bc        0x8 CMakeFiles/whaletail_10baset1l.dir/SparkFun_ADIN1110_Arduino_Library/src/hal.c.obj
                0x100035bc                HAL_SpiRegisterCallback
 .text.HAL_Init_Hook
                0x100035c4        0x4 CMakeFiles/whaletail_10baset1l.dir/SparkFun_ADIN1110_Arduino_Library/src/hal.c.obj
                0x100035c4                HAL_Init_Hook
 .text._ZN16sfe_spe_advanced4initEP23adin1110_DriverConfig_t
                0x100035c8        0xe CMakeFiles/whaletail_10baset1l.dir/SparkFun_ADIN1110_Arduino_Library/src/sfe_spe_advanced.cpp.obj
                0x100035c8                sfe_spe_advanced::init(adin1110_DriverConfig_t*)
 .text._ZN16sfe_spe_advanced5beginEh
                0x100035d6       0x36 CMakeFiles/whaletail_10baset1l.dir/SparkFun_ADIN1110_Arduino_Library/src/sfe_spe_advanced.cpp.obj
                0x100035d6                sfe_spe_advanced::begin(unsigned char)
 .text._ZN16sfe_spe_advanced6enableEv
                0x1000360c        0xe CMakeFiles/whaletail_10baset1l.dir/SparkFun_ADIN1110_Arduino_Library/src/sfe_spe_advanced.cpp.obj
                0x1000360c                sfe_spe_advanced::enable()
 .text._ZN16sfe_spe_advanced10syncConfigEv
                0x1000361a        0xe CMakeFiles/whaletail_10baset1l.dir/SparkFun_ADIN1110_Arduino_Library/src/sfe_spe_advanced.cpp.obj
                0x1000361a                sfe_spe_advanced::syncConfig()
 .text._ZN16sfe_spe_advanced16addAddressFilterEPhS0_m
                0x10003628        0xe CMakeFiles/whaletail_10baset1l.dir/SparkFun_ADIN1110_Arduino_Library/src/sfe_spe_advanced.cpp.obj
                0x10003628                sfe_spe_advanced::addAddressFilter(unsigned char*, unsigned char*, unsigned long)
 .text._ZN16sfe_spe_advanced14submitTxBufferEP17adi_eth_BufDesc_t
                0x10003636        0xe CMakeFiles/whaletail_10baset1l.dir/SparkFun_ADIN1110_Arduino_Library/src/sfe_spe_advanced.cpp.obj
                0x10003636                sfe_spe_advanced::submitTxBuffer(adi_eth_BufDesc_t*)
 .text._ZN16sfe_spe_advanced14submitRxBufferEP17adi_eth_BufDesc_t
                0x10003644        0xe CMakeFiles/whaletail_10baset1l.dir/SparkFun_ADIN1110_Arduino_Library/src/sfe_spe_advanced.cpp.obj
                0x10003644                sfe_spe_advanced::submitRxBuffer(adi_eth_BufDesc_t*)
 .text._ZN16sfe_spe_advanced16registerCallbackEPFvPvmS0_E22adi_mac_InterruptEvt_e
                0x10003652        0xe CMakeFiles/whaletail_10baset1l.dir/SparkFun_ADIN1110_Arduino_Library/src/sfe_spe_advanced.cpp.obj
                0x10003652                sfe_spe_advanced::registerCallback(void (*)(void*, unsigned long, void*), adi_mac_InterruptEvt_e)
 .text._ZN16sfe_spe_advanced14setUserContextEPv
                0x10003660        0xe CMakeFiles/whaletail_10baset1l.dir/SparkFun_ADIN1110_Arduino_Library/src/sfe_spe_advanced.cpp.obj
                0x10003660                sfe_spe_advanced::setUserContext(void*)
 .text._ZL9bspLedSettb
                0x1000366e       0x1c CMakeFiles/whaletail_10baset1l.dir/SparkFun_ADIN1110_Arduino_Library/src/boardsupport_ard.cpp.obj
 *fill*         0x1000368a        0x2 
 .text._Z6millisv
                0x1000368c       0x3c CMakeFiles/whaletail_10baset1l.dir/SparkFun_ADIN1110_Arduino_Library/src/boardsupport_ard.cpp.obj
                0x1000368c                millis()
 .text.BSP_disableInterrupts
                0x100036c8        0xc CMakeFiles/whaletail_10baset1l.dir/SparkFun_ADIN1110_Arduino_Library/src/boardsupport_ard.cpp.obj
                0x100036c8                BSP_disableInterrupts
 .text.BSP_enableInterrupts
                0x100036d4        0xc CMakeFiles/whaletail_10baset1l.dir/SparkFun_ADIN1110_Arduino_Library/src/boardsupport_ard.cpp.obj
                0x100036d4                BSP_enableInterrupts
 .text._Z20SPI_TxRxCpltCallbackv
                0x100036e0       0x28 CMakeFiles/whaletail_10baset1l.dir/SparkFun_ADIN1110_Arduino_Library/src/boardsupport_ard.cpp.obj
                0x100036e0                SPI_TxRxCpltCallback()
 .text.BSP_spi2_write_and_read
                0x10003708       0xbc CMakeFiles/whaletail_10baset1l.dir/SparkFun_ADIN1110_Arduino_Library/src/boardsupport_ard.cpp.obj
                0x10003708                BSP_spi2_write_and_read
 .text.BSP_spi2_register_callback
                0x100037c4       0x14 CMakeFiles/whaletail_10baset1l.dir/SparkFun_ADIN1110_Arduino_Library/src/boardsupport_ard.cpp.obj
                0x100037c4                BSP_spi2_register_callback
 .text.BSP_RegisterIRQCallback
                0x100037d8       0x14 CMakeFiles/whaletail_10baset1l.dir/SparkFun_ADIN1110_Arduino_Library/src/boardsupport_ard.cpp.obj
                0x100037d8                BSP_RegisterIRQCallback
 .text._Z15BSP_IRQCallbackv
                0x100037ec       0x20 CMakeFiles/whaletail_10baset1l.dir/SparkFun_ADIN1110_Arduino_Library/src/boardsupport_ard.cpp.obj
                0x100037ec                BSP_IRQCallback()
 .text._Z14timer_callbackP15repeating_timer
                0x1000380c       0x18 CMakeFiles/whaletail_10baset1l.dir/SparkFun_ADIN1110_Arduino_Library/src/boardsupport_ard.cpp.obj
                0x1000380c                timer_callback(repeating_timer*)
 .text.BSP_SysNow
                0x10003824        0x8 CMakeFiles/whaletail_10baset1l.dir/SparkFun_ADIN1110_Arduino_Library/src/boardsupport_ard.cpp.obj
                0x10003824                BSP_SysNow
 .text.BSP_delayMs
                0x1000382c       0x1e CMakeFiles/whaletail_10baset1l.dir/SparkFun_ADIN1110_Arduino_Library/src/boardsupport_ard.cpp.obj
                0x1000382c                BSP_delayMs
 *fill*         0x1000384a        0x2 
 .text.BSP_HWReset
                0x1000384c       0x2c CMakeFiles/whaletail_10baset1l.dir/SparkFun_ADIN1110_Arduino_Library/src/boardsupport_ard.cpp.obj
                0x1000384c                BSP_HWReset
 .text.BSP_InitSystem
                0x10003878       0xa8 CMakeFiles/whaletail_10baset1l.dir/SparkFun_ADIN1110_Arduino_Library/src/boardsupport_ard.cpp.obj
                0x10003878                BSP_InitSystem
 .text.BSP_ConfigSystemCS
                0x10003920        0xc CMakeFiles/whaletail_10baset1l.dir/SparkFun_ADIN1110_Arduino_Library/src/boardsupport_ard.cpp.obj
                0x10003920                BSP_ConfigSystemCS
 .text.msgWrite
                0x1000392c       0x14 CMakeFiles/whaletail_10baset1l.dir/SparkFun_ADIN1110_Arduino_Library/src/boardsupport_ard.cpp.obj
                0x1000392c                msgWrite
 .text.common_Perf
                0x10003940       0x24 CMakeFiles/whaletail_10baset1l.dir/SparkFun_ADIN1110_Arduino_Library/src/boardsupport_ard.cpp.obj
                0x10003940                common_Perf
 .text._ZN18SinglePairEthernet10txCallbackEPvmS0_
                0x10003964       0x3c CMakeFiles/whaletail_10baset1l.dir/SparkFun_ADIN1110_Arduino_Library/src/SparkFun_SinglePairEthernet.cpp.obj
                0x10003964                SinglePairEthernet::txCallback(void*, unsigned long, void*)
 .text._ZN18SinglePairEthernet23txCallback_C_CompatibleEPvmS0_
                0x100039a0       0x1c CMakeFiles/whaletail_10baset1l.dir/SparkFun_ADIN1110_Arduino_Library/src/SparkFun_SinglePairEthernet.cpp.obj
                0x100039a0                SinglePairEthernet::txCallback_C_Compatible(void*, unsigned long, void*)
 .text._ZN18SinglePairEthernet10rxCallbackEPvmS0_
                0x100039bc       0x78 CMakeFiles/whaletail_10baset1l.dir/SparkFun_ADIN1110_Arduino_Library/src/SparkFun_SinglePairEthernet.cpp.obj
                0x100039bc                SinglePairEthernet::rxCallback(void*, unsigned long, void*)
 .text._ZN18SinglePairEthernet23rxCallback_C_CompatibleEPvmS0_
                0x10003a34       0x1c CMakeFiles/whaletail_10baset1l.dir/SparkFun_ADIN1110_Arduino_Library/src/SparkFun_SinglePairEthernet.cpp.obj
                0x10003a34                SinglePairEthernet::rxCallback_C_Compatible(void*, unsigned long, void*)
 .text._ZN18SinglePairEthernet12linkCallbackEPvmS0_
                0x10003a50       0x28 CMakeFiles/whaletail_10baset1l.dir/SparkFun_ADIN1110_Arduino_Library/src/SparkFun_SinglePairEthernet.cpp.obj
                0x10003a50                SinglePairEthernet::linkCallback(void*, unsigned long, void*)
 .text._ZN18SinglePairEthernet25linkCallback_C_CompatibleEPvmS0_
                0x10003a78       0x1c CMakeFiles/whaletail_10baset1l.dir/SparkFun_ADIN1110_Arduino_Library/src/SparkFun_SinglePairEthernet.cpp.obj
                0x10003a78                SinglePairEthernet::linkCallback_C_Compatible(void*, unsigned long, void*)
 .text._ZN18SinglePairEthernet21enableDefaultBehaviorEv
                0x10003a94       0xd0 CMakeFiles/whaletail_10baset1l.dir/SparkFun_ADIN1110_Arduino_Library/src/SparkFun_SinglePairEthernet.cpp.obj
                0x10003a94                SinglePairEthernet::enableDefaultBehavior()
 .text._ZN18SinglePairEthernet6setMacEPh
                0x10003b64       0x18 CMakeFiles/whaletail_10baset1l.dir/SparkFun_ADIN1110_Arduino_Library/src/SparkFun_SinglePairEthernet.cpp.obj
                0x10003b64                SinglePairEthernet::setMac(unsigned char*)
 .text._ZN18SinglePairEthernet5beginEPhh
                0x10003b7c       0x36 CMakeFiles/whaletail_10baset1l.dir/SparkFun_ADIN1110_Arduino_Library/src/SparkFun_SinglePairEthernet.cpp.obj
                0x10003b7c                SinglePairEthernet::begin(unsigned char*, unsigned char)
 *fill*         0x10003bb2        0x2 
 .text._ZN18SinglePairEthernet10setDestMacEPh
                0x10003bb4       0x18 CMakeFiles/whaletail_10baset1l.dir/SparkFun_ADIN1110_Arduino_Library/src/SparkFun_SinglePairEthernet.cpp.obj
                0x10003bb4                SinglePairEthernet::setDestMac(unsigned char*)
 .text._ZN18SinglePairEthernet8sendDataEPhiS0_
                0x10003bcc      0x19c CMakeFiles/whaletail_10baset1l.dir/SparkFun_ADIN1110_Arduino_Library/src/SparkFun_SinglePairEthernet.cpp.obj
                0x10003bcc                SinglePairEthernet::sendData(unsigned char*, int, unsigned char*)
 .text._ZN18SinglePairEthernet14indenticalMacsEPhS0_
                0x10003d68       0x5c CMakeFiles/whaletail_10baset1l.dir/SparkFun_ADIN1110_Arduino_Library/src/SparkFun_SinglePairEthernet.cpp.obj
                0x10003d68                SinglePairEthernet::indenticalMacs(unsigned char*, unsigned char*)
 .text._ZN18SinglePairEthernet13setRxCallbackEPFvPhiS0_E
                0x10003dc4        0xc CMakeFiles/whaletail_10baset1l.dir/SparkFun_ADIN1110_Arduino_Library/src/SparkFun_SinglePairEthernet.cpp.obj
                0x10003dc4                SinglePairEthernet::setRxCallback(void (*)(unsigned char*, int, unsigned char*))
 .text._ZN18SinglePairEthernet15setLinkCallbackEPFvbE
                0x10003dd0        0xc CMakeFiles/whaletail_10baset1l.dir/SparkFun_ADIN1110_Arduino_Library/src/SparkFun_SinglePairEthernet.cpp.obj
                0x10003dd0                SinglePairEthernet::setLinkCallback(void (*)(bool))
 .text._ZN18SinglePairEthernet13getLinkStatusEv
                0x10003ddc       0x14 CMakeFiles/whaletail_10baset1l.dir/SparkFun_ADIN1110_Arduino_Library/src/SparkFun_SinglePairEthernet.cpp.obj
                0x10003ddc                SinglePairEthernet::getLinkStatus()
 .text.gpio_set_function
                0x10003df0       0x30 CMakeFiles/whaletail_10baset1l.dir/C_/Program_Files/Raspberry_Pi/Pico_SDK_v1.5.1/pico-sdk/src/rp2_common/hardware_gpio/gpio.c.obj
                0x10003df0                gpio_set_function
 .text.gpio_init
                0x10003e20       0x16 CMakeFiles/whaletail_10baset1l.dir/C_/Program_Files/Raspberry_Pi/Pico_SDK_v1.5.1/pico-sdk/src/rp2_common/hardware_gpio/gpio.c.obj
                0x10003e20                gpio_init
 *fill*         0x10003e36        0x2 
 .text.running_on_fpga
                0x10003e38       0x14 CMakeFiles/whaletail_10baset1l.dir/C_/Program_Files/Raspberry_Pi/Pico_SDK_v1.5.1/pico-sdk/src/rp2_common/pico_platform/platform.c.obj
                0x10003e38                running_on_fpga
 .text.hw_claim_lock
                0x10003e4c       0x18 CMakeFiles/whaletail_10baset1l.dir/C_/Program_Files/Raspberry_Pi/Pico_SDK_v1.5.1/pico-sdk/src/rp2_common/hardware_claim/claim.c.obj
                0x10003e4c                hw_claim_lock
 .text.hw_claim_unlock
                0x10003e64       0x14 CMakeFiles/whaletail_10baset1l.dir/C_/Program_Files/Raspberry_Pi/Pico_SDK_v1.5.1/pico-sdk/src/rp2_common/hardware_claim/claim.c.obj
                0x10003e64                hw_claim_unlock
 .text.hw_claim_or_assert
                0x10003e78       0x32 CMakeFiles/whaletail_10baset1l.dir/C_/Program_Files/Raspberry_Pi/Pico_SDK_v1.5.1/pico-sdk/src/rp2_common/hardware_claim/claim.c.obj
                0x10003e78                hw_claim_or_assert
 .text.hw_claim_unused_from_range
                0x10003eaa       0x50 CMakeFiles/whaletail_10baset1l.dir/C_/Program_Files/Raspberry_Pi/Pico_SDK_v1.5.1/pico-sdk/src/rp2_common/hardware_claim/claim.c.obj
                0x10003eaa                hw_claim_unused_from_range
 *fill*         0x10003efa        0x2 
 .text.spin_locks_reset
                0x10003efc       0x20 CMakeFiles/whaletail_10baset1l.dir/C_/Program_Files/Raspberry_Pi/Pico_SDK_v1.5.1/pico-sdk/src/rp2_common/hardware_sync/sync.c.obj
                0x10003efc                spin_locks_reset
 .text.next_striped_spin_lock_num
                0x10003f1c       0x1c CMakeFiles/whaletail_10baset1l.dir/C_/Program_Files/Raspberry_Pi/Pico_SDK_v1.5.1/pico-sdk/src/rp2_common/hardware_sync/sync.c.obj
                0x10003f1c                next_striped_spin_lock_num
 .text.spin_lock_claim_unused
                0x10003f38       0x20 CMakeFiles/whaletail_10baset1l.dir/C_/Program_Files/Raspberry_Pi/Pico_SDK_v1.5.1/pico-sdk/src/rp2_common/hardware_sync/sync.c.obj
                0x10003f38                spin_lock_claim_unused
 .text.set_raw_irq_handler_and_unlock
                0x10003f58       0x28 CMakeFiles/whaletail_10baset1l.dir/C_/Program_Files/Raspberry_Pi/Pico_SDK_v1.5.1/pico-sdk/src/rp2_common/hardware_irq/irq.c.obj
 .text.make_branch
                0x10003f80       0x48 CMakeFiles/whaletail_10baset1l.dir/C_/Program_Files/Raspberry_Pi/Pico_SDK_v1.5.1/pico-sdk/src/rp2_common/hardware_irq/irq.c.obj
 .text.insert_branch_and_link
                0x10003fc8       0x40 CMakeFiles/whaletail_10baset1l.dir/C_/Program_Files/Raspberry_Pi/Pico_SDK_v1.5.1/pico-sdk/src/rp2_common/hardware_irq/irq.c.obj
 .text.irq_is_enabled
                0x10004008       0x18 CMakeFiles/whaletail_10baset1l.dir/C_/Program_Files/Raspberry_Pi/Pico_SDK_v1.5.1/pico-sdk/src/rp2_common/hardware_irq/irq.c.obj
                0x10004008                irq_is_enabled
 .text.irq_set_mask_enabled
                0x10004020       0x20 CMakeFiles/whaletail_10baset1l.dir/C_/Program_Files/Raspberry_Pi/Pico_SDK_v1.5.1/pico-sdk/src/rp2_common/hardware_irq/irq.c.obj
                0x10004020                irq_set_mask_enabled
 .text.irq_set_enabled
                0x10004040        0xe CMakeFiles/whaletail_10baset1l.dir/C_/Program_Files/Raspberry_Pi/Pico_SDK_v1.5.1/pico-sdk/src/rp2_common/hardware_irq/irq.c.obj
                0x10004040                irq_set_enabled
 *fill*         0x1000404e        0x2 
 .text.irq_set_pending
                0x10004050       0x10 CMakeFiles/whaletail_10baset1l.dir/C_/Program_Files/Raspberry_Pi/Pico_SDK_v1.5.1/pico-sdk/src/rp2_common/hardware_irq/irq.c.obj
                0x10004050                irq_set_pending
 .text.irq_get_vtable_handler
                0x10004060       0x10 CMakeFiles/whaletail_10baset1l.dir/C_/Program_Files/Raspberry_Pi/Pico_SDK_v1.5.1/pico-sdk/src/rp2_common/hardware_irq/irq.c.obj
                0x10004060                irq_get_vtable_handler
 .text.irq_has_shared_handler
                0x10004070       0x24 CMakeFiles/whaletail_10baset1l.dir/C_/Program_Files/Raspberry_Pi/Pico_SDK_v1.5.1/pico-sdk/src/rp2_common/hardware_irq/irq.c.obj
                0x10004070                irq_has_shared_handler
 .text.irq_set_exclusive_handler
                0x10004094       0x54 CMakeFiles/whaletail_10baset1l.dir/C_/Program_Files/Raspberry_Pi/Pico_SDK_v1.5.1/pico-sdk/src/rp2_common/hardware_irq/irq.c.obj
                0x10004094                irq_set_exclusive_handler
 .text.irq_add_shared_handler
                0x100040e8      0x234 CMakeFiles/whaletail_10baset1l.dir/C_/Program_Files/Raspberry_Pi/Pico_SDK_v1.5.1/pico-sdk/src/rp2_common/hardware_irq/irq.c.obj
                0x100040e8                irq_add_shared_handler
 .text.irq_remove_handler
                0x1000431c      0x1ac CMakeFiles/whaletail_10baset1l.dir/C_/Program_Files/Raspberry_Pi/Pico_SDK_v1.5.1/pico-sdk/src/rp2_common/hardware_irq/irq.c.obj
                0x1000431c                irq_remove_handler
 .text.irq_add_tail_to_free_list
                0x100044c8       0xf0 CMakeFiles/whaletail_10baset1l.dir/C_/Program_Files/Raspberry_Pi/Pico_SDK_v1.5.1/pico-sdk/src/rp2_common/hardware_irq/irq.c.obj
                0x100044c8                irq_add_tail_to_free_list
 .text.irq_init_priorities
                0x100045b8       0x1c CMakeFiles/whaletail_10baset1l.dir/C_/Program_Files/Raspberry_Pi/Pico_SDK_v1.5.1/pico-sdk/src/rp2_common/hardware_irq/irq.c.obj
                0x100045b8                irq_init_priorities
 .text.user_irq_claim_unused
                0x100045d4       0x28 CMakeFiles/whaletail_10baset1l.dir/C_/Program_Files/Raspberry_Pi/Pico_SDK_v1.5.1/pico-sdk/src/rp2_common/hardware_irq/irq.c.obj
                0x100045d4                user_irq_claim_unused
 .text.lock_init
                0x100045fc       0x10 CMakeFiles/whaletail_10baset1l.dir/C_/Program_Files/Raspberry_Pi/Pico_SDK_v1.5.1/pico-sdk/src/common/pico_sync/lock_core.c.obj
                0x100045fc                lock_init
 .text.mutex_init
                0x1000460c       0x1a CMakeFiles/whaletail_10baset1l.dir/C_/Program_Files/Raspberry_Pi/Pico_SDK_v1.5.1/pico-sdk/src/common/pico_sync/mutex.c.obj
                0x1000460c                mutex_init
 .text.recursive_mutex_init
                0x10004626       0x1e CMakeFiles/whaletail_10baset1l.dir/C_/Program_Files/Raspberry_Pi/Pico_SDK_v1.5.1/pico-sdk/src/common/pico_sync/mutex.c.obj
                0x10004626                recursive_mutex_init
 .text.critical_section_init_with_lock_num
                0x10004644       0x14 CMakeFiles/whaletail_10baset1l.dir/C_/Program_Files/Raspberry_Pi/Pico_SDK_v1.5.1/pico-sdk/src/common/pico_sync/critical_section.c.obj
                0x10004644                critical_section_init_with_lock_num
 .text.critical_section_init
                0x10004658       0x14 CMakeFiles/whaletail_10baset1l.dir/C_/Program_Files/Raspberry_Pi/Pico_SDK_v1.5.1/pico-sdk/src/common/pico_sync/critical_section.c.obj
                0x10004658                critical_section_init
 .text.repeating_timer_callback
                0x1000466c       0x40 CMakeFiles/whaletail_10baset1l.dir/C_/Program_Files/Raspberry_Pi/Pico_SDK_v1.5.1/pico-sdk/src/common/pico_time/time.c.obj
 .text.alarm_pool_post_alloc_init
                0x100046ac       0x40 CMakeFiles/whaletail_10baset1l.dir/C_/Program_Files/Raspberry_Pi/Pico_SDK_v1.5.1/pico-sdk/src/common/pico_time/time.c.obj
 .text.sleep_until_callback
                0x100046ec       0x30 CMakeFiles/whaletail_10baset1l.dir/C_/Program_Files/Raspberry_Pi/Pico_SDK_v1.5.1/pico-sdk/src/common/pico_time/time.c.obj
 .text.timer_pool_entry_comparator
                0x1000471c       0x7c CMakeFiles/whaletail_10baset1l.dir/C_/Program_Files/Raspberry_Pi/Pico_SDK_v1.5.1/pico-sdk/src/common/pico_time/time.c.obj
                0x1000471c                timer_pool_entry_comparator
 .text.ph_add_child_node
                0x10004798       0xa4 CMakeFiles/whaletail_10baset1l.dir/C_/Program_Files/Raspberry_Pi/Pico_SDK_v1.5.1/pico-sdk/src/common/pico_time/time.c.obj
 .text.ph_merge_nodes
                0x1000483c       0x3e CMakeFiles/whaletail_10baset1l.dir/C_/Program_Files/Raspberry_Pi/Pico_SDK_v1.5.1/pico-sdk/src/common/pico_time/time.c.obj
 *fill*         0x1000487a        0x2 
 .text.add_alarm_under_lock
                0x1000487c      0x174 CMakeFiles/whaletail_10baset1l.dir/C_/Program_Files/Raspberry_Pi/Pico_SDK_v1.5.1/pico-sdk/src/common/pico_time/time.c.obj
 .text.alarm_pool_alarm_callback
                0x100049f0      0x33c CMakeFiles/whaletail_10baset1l.dir/C_/Program_Files/Raspberry_Pi/Pico_SDK_v1.5.1/pico-sdk/src/common/pico_time/time.c.obj
 .text.alarm_pool_init_default
                0x10004d2c       0x40 CMakeFiles/whaletail_10baset1l.dir/C_/Program_Files/Raspberry_Pi/Pico_SDK_v1.5.1/pico-sdk/src/common/pico_time/time.c.obj
                0x10004d2c                alarm_pool_init_default
 .text.alarm_pool_get_default
                0x10004d6c       0x2c CMakeFiles/whaletail_10baset1l.dir/C_/Program_Files/Raspberry_Pi/Pico_SDK_v1.5.1/pico-sdk/src/common/pico_time/time.c.obj
                0x10004d6c                alarm_pool_get_default
 .text.alarm_pool_add_alarm_at
                0x10004d98      0x168 CMakeFiles/whaletail_10baset1l.dir/C_/Program_Files/Raspberry_Pi/Pico_SDK_v1.5.1/pico-sdk/src/common/pico_time/time.c.obj
                0x10004d98                alarm_pool_add_alarm_at
 .text.alarm_pool_cancel_alarm
                0x10004f00       0xf8 CMakeFiles/whaletail_10baset1l.dir/C_/Program_Files/Raspberry_Pi/Pico_SDK_v1.5.1/pico-sdk/src/common/pico_time/time.c.obj
                0x10004f00                alarm_pool_cancel_alarm
 .text.alarm_pool_core_num
                0x10004ff8        0x4 CMakeFiles/whaletail_10baset1l.dir/C_/Program_Files/Raspberry_Pi/Pico_SDK_v1.5.1/pico-sdk/src/common/pico_time/time.c.obj
                0x10004ff8                alarm_pool_core_num
 .text.alarm_pool_add_repeating_timer_us
                0x10004ffc       0x98 CMakeFiles/whaletail_10baset1l.dir/C_/Program_Files/Raspberry_Pi/Pico_SDK_v1.5.1/pico-sdk/src/common/pico_time/time.c.obj
                0x10004ffc                alarm_pool_add_repeating_timer_us
 .text.sleep_until
                0x10005094       0xfc CMakeFiles/whaletail_10baset1l.dir/C_/Program_Files/Raspberry_Pi/Pico_SDK_v1.5.1/pico-sdk/src/common/pico_time/time.c.obj
                0x10005094                sleep_until
 .text.sleep_us
                0x10005190       0x58 CMakeFiles/whaletail_10baset1l.dir/C_/Program_Files/Raspberry_Pi/Pico_SDK_v1.5.1/pico-sdk/src/common/pico_time/time.c.obj
                0x10005190                sleep_us
 .text.sleep_ms
                0x100051e8       0x14 CMakeFiles/whaletail_10baset1l.dir/C_/Program_Files/Raspberry_Pi/Pico_SDK_v1.5.1/pico-sdk/src/common/pico_time/time.c.obj
                0x100051e8                sleep_ms
 .text.best_effort_wfe_or_timeout
                0x100051fc       0xac CMakeFiles/whaletail_10baset1l.dir/C_/Program_Files/Raspberry_Pi/Pico_SDK_v1.5.1/pico-sdk/src/common/pico_time/time.c.obj
                0x100051fc                best_effort_wfe_or_timeout
 .text.hardware_alarm_irq_handler
                0x100052a8       0x90 CMakeFiles/whaletail_10baset1l.dir/C_/Program_Files/Raspberry_Pi/Pico_SDK_v1.5.1/pico-sdk/src/rp2_common/hardware_timer/timer.c.obj
 .text.hardware_alarm_claim
                0x10005338       0x18 CMakeFiles/whaletail_10baset1l.dir/C_/Program_Files/Raspberry_Pi/Pico_SDK_v1.5.1/pico-sdk/src/rp2_common/hardware_timer/timer.c.obj
                0x10005338                hardware_alarm_claim
 .text.time_us_64
                0x10005350       0x18 CMakeFiles/whaletail_10baset1l.dir/C_/Program_Files/Raspberry_Pi/Pico_SDK_v1.5.1/pico-sdk/src/rp2_common/hardware_timer/timer.c.obj
                0x10005350                time_us_64
 .text.busy_wait_until
                0x10005368       0x28 CMakeFiles/whaletail_10baset1l.dir/C_/Program_Files/Raspberry_Pi/Pico_SDK_v1.5.1/pico-sdk/src/rp2_common/hardware_timer/timer.c.obj
                0x10005368                busy_wait_until
 .text.hardware_alarm_set_callback
                0x10005390       0x90 CMakeFiles/whaletail_10baset1l.dir/C_/Program_Files/Raspberry_Pi/Pico_SDK_v1.5.1/pico-sdk/src/rp2_common/hardware_timer/timer.c.obj
                0x10005390                hardware_alarm_set_callback
 .text.hardware_alarm_set_target
                0x10005420       0xe8 CMakeFiles/whaletail_10baset1l.dir/C_/Program_Files/Raspberry_Pi/Pico_SDK_v1.5.1/pico-sdk/src/rp2_common/hardware_timer/timer.c.obj
                0x10005420                hardware_alarm_set_target
 .text.hardware_alarm_cancel
                0x10005508       0x40 CMakeFiles/whaletail_10baset1l.dir/C_/Program_Files/Raspberry_Pi/Pico_SDK_v1.5.1/pico-sdk/src/rp2_common/hardware_timer/timer.c.obj
                0x10005508                hardware_alarm_cancel
 .text.ph_add_child_node
                0x10005548       0xa4 CMakeFiles/whaletail_10baset1l.dir/C_/Program_Files/Raspberry_Pi/Pico_SDK_v1.5.1/pico-sdk/src/common/pico_util/pheap.c.obj
 .text.ph_merge_nodes
                0x100055ec       0x3e CMakeFiles/whaletail_10baset1l.dir/C_/Program_Files/Raspberry_Pi/Pico_SDK_v1.5.1/pico-sdk/src/common/pico_util/pheap.c.obj
 *fill*         0x1000562a        0x2 
 .text.ph_clear
                0x1000562c       0x70 CMakeFiles/whaletail_10baset1l.dir/C_/Program_Files/Raspberry_Pi/Pico_SDK_v1.5.1/pico-sdk/src/common/pico_util/pheap.c.obj
                0x1000562c                ph_clear
 .text.ph_post_alloc_init
                0x1000569c        0xe CMakeFiles/whaletail_10baset1l.dir/C_/Program_Files/Raspberry_Pi/Pico_SDK_v1.5.1/pico-sdk/src/common/pico_util/pheap.c.obj
                0x1000569c                ph_post_alloc_init
 *fill*         0x100056aa        0x2 
 .text.ph_merge_two_pass
                0x100056ac       0xa8 CMakeFiles/whaletail_10baset1l.dir/C_/Program_Files/Raspberry_Pi/Pico_SDK_v1.5.1/pico-sdk/src/common/pico_util/pheap.c.obj
                0x100056ac                ph_merge_two_pass
 .text.ph_remove_any_head
                0x10005754      0x128 CMakeFiles/whaletail_10baset1l.dir/C_/Program_Files/Raspberry_Pi/Pico_SDK_v1.5.1/pico-sdk/src/common/pico_util/pheap.c.obj
 .text.ph_remove_head
                0x1000587c       0x14 CMakeFiles/whaletail_10baset1l.dir/C_/Program_Files/Raspberry_Pi/Pico_SDK_v1.5.1/pico-sdk/src/common/pico_util/pheap.c.obj
                0x1000587c                ph_remove_head
 .text.ph_remove_and_free_node
                0x10005890       0xf8 CMakeFiles/whaletail_10baset1l.dir/C_/Program_Files/Raspberry_Pi/Pico_SDK_v1.5.1/pico-sdk/src/common/pico_util/pheap.c.obj
                0x10005890                ph_remove_and_free_node
 .text.clock_configure
                0x10005988      0x108 CMakeFiles/whaletail_10baset1l.dir/C_/Program_Files/Raspberry_Pi/Pico_SDK_v1.5.1/pico-sdk/src/rp2_common/hardware_clocks/clocks.c.obj
                0x10005988                clock_configure
 .text.clocks_init
                0x10005a90      0x100 CMakeFiles/whaletail_10baset1l.dir/C_/Program_Files/Raspberry_Pi/Pico_SDK_v1.5.1/pico-sdk/src/rp2_common/hardware_clocks/clocks.c.obj
                0x10005a90                clocks_init
 .text.clock_get_hz
                0x10005b90        0xc CMakeFiles/whaletail_10baset1l.dir/C_/Program_Files/Raspberry_Pi/Pico_SDK_v1.5.1/pico-sdk/src/rp2_common/hardware_clocks/clocks.c.obj
                0x10005b90                clock_get_hz
 .text.pll_init
                0x10005b9c      0x120 CMakeFiles/whaletail_10baset1l.dir/C_/Program_Files/Raspberry_Pi/Pico_SDK_v1.5.1/pico-sdk/src/rp2_common/hardware_pll/pll.c.obj
                0x10005b9c                pll_init
 .text.watchdog_start_tick
                0x10005cbc       0x10 CMakeFiles/whaletail_10baset1l.dir/C_/Program_Files/Raspberry_Pi/Pico_SDK_v1.5.1/pico-sdk/src/rp2_common/hardware_watchdog/watchdog.c.obj
                0x10005cbc                watchdog_start_tick
 .text.watchdog_update
                0x10005ccc       0x14 CMakeFiles/whaletail_10baset1l.dir/C_/Program_Files/Raspberry_Pi/Pico_SDK_v1.5.1/pico-sdk/src/rp2_common/hardware_watchdog/watchdog.c.obj
                0x10005ccc                watchdog_update
 .text._watchdog_enable
                0x10005ce0       0x78 CMakeFiles/whaletail_10baset1l.dir/C_/Program_Files/Raspberry_Pi/Pico_SDK_v1.5.1/pico-sdk/src/rp2_common/hardware_watchdog/watchdog.c.obj
                0x10005ce0                _watchdog_enable
 .text.watchdog_reboot
                0x10005d58       0x48 CMakeFiles/whaletail_10baset1l.dir/C_/Program_Files/Raspberry_Pi/Pico_SDK_v1.5.1/pico-sdk/src/rp2_common/hardware_watchdog/watchdog.c.obj
                0x10005d58                watchdog_reboot
 .text.xosc_init
                0x10005da0       0x28 CMakeFiles/whaletail_10baset1l.dir/C_/Program_Files/Raspberry_Pi/Pico_SDK_v1.5.1/pico-sdk/src/rp2_common/hardware_xosc/xosc.c.obj
                0x10005da0                xosc_init
 .text._exit    0x10005dc8        0x4 CMakeFiles/whaletail_10baset1l.dir/C_/Program_Files/Raspberry_Pi/Pico_SDK_v1.5.1/pico-sdk/src/rp2_common/pico_runtime/runtime.c.obj
                0x10005dc8                _exit
 .text.exit     0x10005dcc        0x6 CMakeFiles/whaletail_10baset1l.dir/C_/Program_Files/Raspberry_Pi/Pico_SDK_v1.5.1/pico-sdk/src/rp2_common/pico_runtime/runtime.c.obj
                0x10005dcc                exit
 *fill*         0x10005dd2        0x2 
 .text.__assert_func
                0x10005dd4       0x3c CMakeFiles/whaletail_10baset1l.dir/C_/Program_Files/Raspberry_Pi/Pico_SDK_v1.5.1/pico-sdk/src/rp2_common/pico_runtime/runtime.c.obj
                0x10005dd4                __assert_func
 .text.runtime_init
                0x10005e10       0xf8 CMakeFiles/whaletail_10baset1l.dir/C_/Program_Files/Raspberry_Pi/Pico_SDK_v1.5.1/pico-sdk/src/rp2_common/pico_runtime/runtime.c.obj
                0x10005e10                runtime_init
 .text.panic    0x10005f08       0x30 CMakeFiles/whaletail_10baset1l.dir/C_/Program_Files/Raspberry_Pi/Pico_SDK_v1.5.1/pico-sdk/src/rp2_common/pico_runtime/runtime.c.obj
                0x10005f08                panic
 .text._out_buffer
                0x10005f38        0x8 CMakeFiles/whaletail_10baset1l.dir/C_/Program_Files/Raspberry_Pi/Pico_SDK_v1.5.1/pico-sdk/src/rp2_common/pico_printf/printf.c.obj
 .text._out_null
                0x10005f40        0x2 CMakeFiles/whaletail_10baset1l.dir/C_/Program_Files/Raspberry_Pi/Pico_SDK_v1.5.1/pico-sdk/src/rp2_common/pico_printf/printf.c.obj
 .text._out_fct
                0x10005f42        0xe CMakeFiles/whaletail_10baset1l.dir/C_/Program_Files/Raspberry_Pi/Pico_SDK_v1.5.1/pico-sdk/src/rp2_common/pico_printf/printf.c.obj
 .text._atoi    0x10005f50       0x24 CMakeFiles/whaletail_10baset1l.dir/C_/Program_Files/Raspberry_Pi/Pico_SDK_v1.5.1/pico-sdk/src/rp2_common/pico_printf/printf.c.obj
 .text._out_rev
                0x10005f74       0xae CMakeFiles/whaletail_10baset1l.dir/C_/Program_Files/Raspberry_Pi/Pico_SDK_v1.5.1/pico-sdk/src/rp2_common/pico_printf/printf.c.obj
 .text._ntoa_format
                0x10006022      0x112 CMakeFiles/whaletail_10baset1l.dir/C_/Program_Files/Raspberry_Pi/Pico_SDK_v1.5.1/pico-sdk/src/rp2_common/pico_printf/printf.c.obj
 .text._ntoa_long
                0x10006134       0xbc CMakeFiles/whaletail_10baset1l.dir/C_/Program_Files/Raspberry_Pi/Pico_SDK_v1.5.1/pico-sdk/src/rp2_common/pico_printf/printf.c.obj
 .text._ntoa_long_long
                0x100061f0       0xe2 CMakeFiles/whaletail_10baset1l.dir/C_/Program_Files/Raspberry_Pi/Pico_SDK_v1.5.1/pico-sdk/src/rp2_common/pico_printf/printf.c.obj
 *fill*         0x100062d2        0x2 
 .text._etoa    0x100062d4      0x414 CMakeFiles/whaletail_10baset1l.dir/C_/Program_Files/Raspberry_Pi/Pico_SDK_v1.5.1/pico-sdk/src/rp2_common/pico_printf/printf.c.obj
 .text._ftoa    0x100066e8      0x354 CMakeFiles/whaletail_10baset1l.dir/C_/Program_Files/Raspberry_Pi/Pico_SDK_v1.5.1/pico-sdk/src/rp2_common/pico_printf/printf.c.obj
 .text._vsnprintf
                0x10006a3c      0x624 CMakeFiles/whaletail_10baset1l.dir/C_/Program_Files/Raspberry_Pi/Pico_SDK_v1.5.1/pico-sdk/src/rp2_common/pico_printf/printf.c.obj
 .text.__wrap_sprintf
                0x10007060       0x28 CMakeFiles/whaletail_10baset1l.dir/C_/Program_Files/Raspberry_Pi/Pico_SDK_v1.5.1/pico-sdk/src/rp2_common/pico_printf/printf.c.obj
                0x10007060                __wrap_sprintf
 .text.vfctprintf
                0x10007088       0x20 CMakeFiles/whaletail_10baset1l.dir/C_/Program_Files/Raspberry_Pi/Pico_SDK_v1.5.1/pico-sdk/src/rp2_common/pico_printf/printf.c.obj
                0x10007088                vfctprintf
 .text          0x100070a8       0x10 CMakeFiles/whaletail_10baset1l.dir/C_/Program_Files/Raspberry_Pi/Pico_SDK_v1.5.1/pico-sdk/src/rp2_common/pico_bit_ops/bit_ops_aeabi.S.obj
 .text.rom_func_lookup
                0x100070b8       0x10 CMakeFiles/whaletail_10baset1l.dir/C_/Program_Files/Raspberry_Pi/Pico_SDK_v1.5.1/pico-sdk/src/rp2_common/pico_bootrom/bootrom.c.obj
                0x100070b8                rom_func_lookup
 .text.rom_data_lookup
                0x100070c8       0x10 CMakeFiles/whaletail_10baset1l.dir/C_/Program_Files/Raspberry_Pi/Pico_SDK_v1.5.1/pico-sdk/src/rp2_common/pico_bootrom/bootrom.c.obj
                0x100070c8                rom_data_lookup
 .text.rom_funcs_lookup
                0x100070d8       0x36 CMakeFiles/whaletail_10baset1l.dir/C_/Program_Files/Raspberry_Pi/Pico_SDK_v1.5.1/pico-sdk/src/rp2_common/pico_bootrom/bootrom.c.obj
                0x100070d8                rom_funcs_lookup
 *fill*         0x1000710e        0x2 
 .text.__wrap___aeabi_idiv
                0x10007110       0x50 CMakeFiles/whaletail_10baset1l.dir/C_/Program_Files/Raspberry_Pi/Pico_SDK_v1.5.1/pico-sdk/src/rp2_common/pico_divider/divider.S.obj
                0x10007110                __wrap___aeabi_idivmod
                0x10007110                divmod_s32s32
                0x10007110                div_s32s32
                0x10007110                __wrap___aeabi_idiv
                0x10007118                divmod_s32s32_unsafe
                0x10007144                divmod_s32s32_savestate
 .text.__wrap___aeabi_uidiv
                0x10007160       0x4c CMakeFiles/whaletail_10baset1l.dir/C_/Program_Files/Raspberry_Pi/Pico_SDK_v1.5.1/pico-sdk/src/rp2_common/pico_divider/divider.S.obj
                0x10007160                __wrap___aeabi_uidiv
                0x10007160                __wrap___aeabi_uidivmod
                0x10007160                div_u32u32
                0x10007160                divmod_u32u32
                0x10007168                divmod_u32u32_unsafe
                0x10007190                divmod_u32u32_savestate
 .text.__wrap___aeabi_ldiv
                0x100071ac      0x424 CMakeFiles/whaletail_10baset1l.dir/C_/Program_Files/Raspberry_Pi/Pico_SDK_v1.5.1/pico-sdk/src/rp2_common/pico_divider/divider.S.obj
                0x100071ac                div_s64s64
                0x100071ac                divmod_s64s64
                0x100071ac                __wrap___aeabi_ldivmod
                0x100071dc                divmod_u64u64
                0x100071dc                div_u64u64
                0x100071dc                __wrap___aeabi_uldivmod
                0x100071ec                divmod_u64u64_savestate
                0x1000720c                divmod_s64s64_unsafe
                0x10007294                divmod_u64u64_unsafe
 .text.__wrap___aeabi_darithmetic
                0x100075d0       0x80 CMakeFiles/whaletail_10baset1l.dir/C_/Program_Files/Raspberry_Pi/Pico_SDK_v1.5.1/pico-sdk/src/rp2_common/pico_double/double_aeabi.S.obj
                0x100075d0                __wrap___aeabi_drsub
                0x100075d6                __wrap___aeabi_dsub
                0x100075e8                __wrap___aeabi_dadd
                0x100075fa                __wrap___aeabi_ddiv
                0x10007636                __wrap___aeabi_dmul
 .text.__wrap___aeabi_cdcmple
                0x10007650       0x6c CMakeFiles/whaletail_10baset1l.dir/C_/Program_Files/Raspberry_Pi/Pico_SDK_v1.5.1/pico-sdk/src/rp2_common/pico_double/double_aeabi.S.obj
                0x10007650                __wrap___aeabi_cdrcmple
                0x10007660                __wrap___aeabi_cdcmpeq
                0x10007660                __wrap___aeabi_cdcmple
 .text.__wrap___aeabi_dcmplt
                0x100076bc        0xc CMakeFiles/whaletail_10baset1l.dir/C_/Program_Files/Raspberry_Pi/Pico_SDK_v1.5.1/pico-sdk/src/rp2_common/pico_double/double_aeabi.S.obj
                0x100076bc                __wrap___aeabi_dcmplt
 .text.__wrap___aeabi_dcmple
                0x100076c8       0x10 CMakeFiles/whaletail_10baset1l.dir/C_/Program_Files/Raspberry_Pi/Pico_SDK_v1.5.1/pico-sdk/src/rp2_common/pico_double/double_aeabi.S.obj
                0x100076c8                __wrap___aeabi_dcmple
 .text.__wrap___aeabi_dcmpge
                0x100076d8       0x10 CMakeFiles/whaletail_10baset1l.dir/C_/Program_Files/Raspberry_Pi/Pico_SDK_v1.5.1/pico-sdk/src/rp2_common/pico_double/double_aeabi.S.obj
                0x100076d8                __wrap___aeabi_dcmpge
 .text.__wrap___aeabi_dcmpgt
                0x100076e8        0xa CMakeFiles/whaletail_10baset1l.dir/C_/Program_Files/Raspberry_Pi/Pico_SDK_v1.5.1/pico-sdk/src/rp2_common/pico_double/double_aeabi.S.obj
                0x100076e8                __wrap___aeabi_dcmpgt
 .text.__wrap___aeabi_dcmpun
                0x100076f2       0x1c CMakeFiles/whaletail_10baset1l.dir/C_/Program_Files/Raspberry_Pi/Pico_SDK_v1.5.1/pico-sdk/src/rp2_common/pico_double/double_aeabi.S.obj
                0x100076f2                __wrap___aeabi_dcmpun
 *fill*         0x1000770e        0x2 
 .text.__wrap___aeabi_i2d
                0x10007710       0x38 CMakeFiles/whaletail_10baset1l.dir/C_/Program_Files/Raspberry_Pi/Pico_SDK_v1.5.1/pico-sdk/src/rp2_common/pico_double/double_aeabi.S.obj
                0x10007710                __wrap___aeabi_ui2d
                0x10007718                __wrap___aeabi_i2d
 .text.__wrap___aeabi_d2iz
                0x10007748       0x48 CMakeFiles/whaletail_10baset1l.dir/C_/Program_Files/Raspberry_Pi/Pico_SDK_v1.5.1/pico-sdk/src/rp2_common/pico_double/double_aeabi.S.obj
                0x10007748                double2int_z
                0x10007748                __wrap___aeabi_d2iz
 .text.__wrap___aeabi_d2uiz
                0x10007790       0x18 CMakeFiles/whaletail_10baset1l.dir/C_/Program_Files/Raspberry_Pi/Pico_SDK_v1.5.1/pico-sdk/src/rp2_common/pico_double/double_aeabi.S.obj
                0x10007790                __wrap___aeabi_d2uiz
                0x10007790                double2uint
 .text.__wrap___aeabi_ul2d
                0x100077a8       0x18 CMakeFiles/whaletail_10baset1l.dir/C_/Program_Files/Raspberry_Pi/Pico_SDK_v1.5.1/pico-sdk/src/rp2_common/pico_double/double_aeabi.S.obj
                0x100077a8                __wrap___aeabi_ul2d
 .text.__aeabi_double_init
                0x100077c0       0xc8 CMakeFiles/whaletail_10baset1l.dir/C_/Program_Files/Raspberry_Pi/Pico_SDK_v1.5.1/pico-sdk/src/rp2_common/pico_double/double_init_rom.c.obj
                0x100077c0                __aeabi_double_init
 .text.double_table_shim_on_use_helper
                0x10007888       0x34 CMakeFiles/whaletail_10baset1l.dir/C_/Program_Files/Raspberry_Pi/Pico_SDK_v1.5.1/pico-sdk/src/rp2_common/pico_double/double_v1_rom_shim.S.obj
                0x10007888                double_table_shim_on_use_helper
 .text.__wrap___aeabi_dsub
                0x100078bc       0x10 CMakeFiles/whaletail_10baset1l.dir/C_/Program_Files/Raspberry_Pi/Pico_SDK_v1.5.1/pico-sdk/src/rp2_common/pico_double/double_v1_rom_shim.S.obj
                0x100078bc                drsub_shim
                0x100078c2                dsub_shim
 .text.dadd_shim
                0x100078cc      0x15c CMakeFiles/whaletail_10baset1l.dir/C_/Program_Files/Raspberry_Pi/Pico_SDK_v1.5.1/pico-sdk/src/rp2_common/pico_double/double_v1_rom_shim.S.obj
                0x100078cc                dadd_shim
 .text.dmul_shim
                0x10007a28      0x15c CMakeFiles/whaletail_10baset1l.dir/C_/Program_Files/Raspberry_Pi/Pico_SDK_v1.5.1/pico-sdk/src/rp2_common/pico_double/double_v1_rom_shim.S.obj
                0x10007a28                dmul_shim
 .text.ddiv_shim
                0x10007b84      0x1b0 CMakeFiles/whaletail_10baset1l.dir/C_/Program_Files/Raspberry_Pi/Pico_SDK_v1.5.1/pico-sdk/src/rp2_common/pico_double/double_v1_rom_shim.S.obj
                0x10007b84                ddiv_shim
 .text.double2uint_shim
                0x10007d34        0xe CMakeFiles/whaletail_10baset1l.dir/C_/Program_Files/Raspberry_Pi/Pico_SDK_v1.5.1/pico-sdk/src/rp2_common/pico_double/double_v1_rom_shim.S.obj
                0x10007d34                double2uint_shim
                0x10007d36                double2ufix_shim
 *fill*         0x10007d42        0x2 
 .text.double2uint64_shim
                0x10007d44       0x70 CMakeFiles/whaletail_10baset1l.dir/C_/Program_Files/Raspberry_Pi/Pico_SDK_v1.5.1/pico-sdk/src/rp2_common/pico_double/double_v1_rom_shim.S.obj
                0x10007d44                double2uint64_shim
                0x10007d46                double2ufix64_shim
                0x10007d66                d2fix_a
 .text.x2double_shims
                0x10007db4       0x90 CMakeFiles/whaletail_10baset1l.dir/C_/Program_Files/Raspberry_Pi/Pico_SDK_v1.5.1/pico-sdk/src/rp2_common/pico_double/double_v1_rom_shim.S.obj
                0x10007db4                uint2double_shim
                0x10007db6                ufix2double_shim
                0x10007dbc                int2double_shim
                0x10007dbe                fix2double_shim
                0x10007dc4                uint642double_shim
                0x10007dc6                ufix642double_shim
                0x10007dcc                int642double_shim
                0x10007dce                fix642double_shim
 .text.dunpacks
                0x10007e44       0x3c CMakeFiles/whaletail_10baset1l.dir/C_/Program_Files/Raspberry_Pi/Pico_SDK_v1.5.1/pico-sdk/src/rp2_common/pico_double/double_v1_rom_shim.S.obj
                0x10007e44                dunpacks
 .text.__aeabi_lmul
                0x10007e80       0x32 CMakeFiles/whaletail_10baset1l.dir/C_/Program_Files/Raspberry_Pi/Pico_SDK_v1.5.1/pico-sdk/src/rp2_common/pico_int64_ops/pico_int64_ops_aeabi.S.obj
                0x10007e80                __wrap___aeabi_lmul
 *fill*         0x10007eb2        0x2 
 .text.__wrap___aeabi_farithmetic
                0x10007eb4       0x58 CMakeFiles/whaletail_10baset1l.dir/C_/Program_Files/Raspberry_Pi/Pico_SDK_v1.5.1/pico-sdk/src/rp2_common/pico_float/float_aeabi.S.obj
                0x10007eb4                __wrap___aeabi_frsub
                0x10007eba                __wrap___aeabi_fsub
                0x10007ec4                __wrap___aeabi_fadd
                0x10007ece                __wrap___aeabi_fdiv
                0x10007efa                __wrap___aeabi_fmul
 .text.__wrap___aeabi_ui2f
                0x10007f0c        0xa CMakeFiles/whaletail_10baset1l.dir/C_/Program_Files/Raspberry_Pi/Pico_SDK_v1.5.1/pico-sdk/src/rp2_common/pico_float/float_aeabi.S.obj
                0x10007f0c                __wrap___aeabi_ui2f
 *fill*         0x10007f16        0x2 
 .text.__wrap___aeabi_i2f
                0x10007f18       0x44 CMakeFiles/whaletail_10baset1l.dir/C_/Program_Files/Raspberry_Pi/Pico_SDK_v1.5.1/pico-sdk/src/rp2_common/pico_float/float_aeabi.S.obj
                0x10007f18                __wrap___aeabi_i2f
 .text.__wrap___aeabi_f2uiz
                0x10007f5c       0x10 CMakeFiles/whaletail_10baset1l.dir/C_/Program_Files/Raspberry_Pi/Pico_SDK_v1.5.1/pico-sdk/src/rp2_common/pico_float/float_aeabi.S.obj
                0x10007f5c                __wrap___aeabi_f2uiz
 .text.__aeabi_float_init
                0x10007f6c       0xfc CMakeFiles/whaletail_10baset1l.dir/C_/Program_Files/Raspberry_Pi/Pico_SDK_v1.5.1/pico-sdk/src/rp2_common/pico_float/float_init_rom.c.obj
                0x10007f6c                __aeabi_float_init
 .text.float_table_shim_on_use_helper
                0x10008068       0x34 CMakeFiles/whaletail_10baset1l.dir/C_/Program_Files/Raspberry_Pi/Pico_SDK_v1.5.1/pico-sdk/src/rp2_common/pico_float/float_v1_rom_shim.S.obj
                0x10008068                float_table_shim_on_use_helper
 .text          0x1000809c       0x10 CMakeFiles/whaletail_10baset1l.dir/C_/Program_Files/Raspberry_Pi/Pico_SDK_v1.5.1/pico-sdk/src/rp2_common/pico_mem_ops/mem_ops_aeabi.S.obj
                0x1000809c                __aeabi_mem_init
 .text.memset   0x100080ac        0xc CMakeFiles/whaletail_10baset1l.dir/C_/Program_Files/Raspberry_Pi/Pico_SDK_v1.5.1/pico-sdk/src/rp2_common/pico_mem_ops/mem_ops_aeabi.S.obj
                0x100080ac                __wrap_memset
 .text.memcpy   0x100080b8        0xc CMakeFiles/whaletail_10baset1l.dir/C_/Program_Files/Raspberry_Pi/Pico_SDK_v1.5.1/pico-sdk/src/rp2_common/pico_mem_ops/mem_ops_aeabi.S.obj
                0x100080b8                __wrap_memcpy
                0x100080b8                __wrap___aeabi_memcpy
 .text.stdio_out_chars_no_crlf
                0x100080c4        0xe CMakeFiles/whaletail_10baset1l.dir/C_/Program_Files/Raspberry_Pi/Pico_SDK_v1.5.1/pico-sdk/src/rp2_common/pico_stdio/stdio.c.obj
 *fill*         0x100080d2        0x2 
 .text.stdio_out_chars_crlf
                0x100080d4       0x80 CMakeFiles/whaletail_10baset1l.dir/C_/Program_Files/Raspberry_Pi/Pico_SDK_v1.5.1/pico-sdk/src/rp2_common/pico_stdio/stdio.c.obj
 .text.stdio_stack_buffer_flush
                0x10008154       0x44 CMakeFiles/whaletail_10baset1l.dir/C_/Program_Files/Raspberry_Pi/Pico_SDK_v1.5.1/pico-sdk/src/rp2_common/pico_stdio/stdio.c.obj
 .text.stdio_buffered_printer
                0x10008198       0x20 CMakeFiles/whaletail_10baset1l.dir/C_/Program_Files/Raspberry_Pi/Pico_SDK_v1.5.1/pico-sdk/src/rp2_common/pico_stdio/stdio.c.obj
 .text.stdout_serialize_begin
                0x100081b8       0x5c CMakeFiles/whaletail_10baset1l.dir/C_/Program_Files/Raspberry_Pi/Pico_SDK_v1.5.1/pico-sdk/src/rp2_common/pico_stdio/stdio.c.obj
                0x100081b8                stdout_serialize_begin
 .text.stdout_serialize_end
                0x10008214       0x10 CMakeFiles/whaletail_10baset1l.dir/C_/Program_Files/Raspberry_Pi/Pico_SDK_v1.5.1/pico-sdk/src/rp2_common/pico_stdio/stdio.c.obj
                0x10008214                stdout_serialize_end
 .text.stdio_put_string
                0x10008224       0x98 CMakeFiles/whaletail_10baset1l.dir/C_/Program_Files/Raspberry_Pi/Pico_SDK_v1.5.1/pico-sdk/src/rp2_common/pico_stdio/stdio.c.obj
 .text.__wrap_putchar
                0x100082bc       0x1c CMakeFiles/whaletail_10baset1l.dir/C_/Program_Files/Raspberry_Pi/Pico_SDK_v1.5.1/pico-sdk/src/rp2_common/pico_stdio/stdio.c.obj
                0x100082bc                __wrap_putchar
 .text.stdio_set_driver_enabled
                0x100082d8       0x2c CMakeFiles/whaletail_10baset1l.dir/C_/Program_Files/Raspberry_Pi/Pico_SDK_v1.5.1/pico-sdk/src/rp2_common/pico_stdio/stdio.c.obj
                0x100082d8                stdio_set_driver_enabled
 .text.stdio_flush
                0x10008304       0x20 CMakeFiles/whaletail_10baset1l.dir/C_/Program_Files/Raspberry_Pi/Pico_SDK_v1.5.1/pico-sdk/src/rp2_common/pico_stdio/stdio.c.obj
                0x10008304                stdio_flush
 .text.__wrap_puts
                0x10008324       0x1e CMakeFiles/whaletail_10baset1l.dir/C_/Program_Files/Raspberry_Pi/Pico_SDK_v1.5.1/pico-sdk/src/rp2_common/pico_stdio/stdio.c.obj
                0x10008324                __wrap_puts
 *fill*         0x10008342        0x2 
 .text.__wrap_vprintf
                0x10008344       0x40 CMakeFiles/whaletail_10baset1l.dir/C_/Program_Files/Raspberry_Pi/Pico_SDK_v1.5.1/pico-sdk/src/rp2_common/pico_stdio/stdio.c.obj
                0x10008344                __wrap_vprintf
 .text.__wrap_printf
                0x10008384       0x18 CMakeFiles/whaletail_10baset1l.dir/C_/Program_Files/Raspberry_Pi/Pico_SDK_v1.5.1/pico-sdk/src/rp2_common/pico_stdio/stdio.c.obj
                0x10008384                __wrap_printf
 .text.stdio_init_all
                0x1000839c        0x8 CMakeFiles/whaletail_10baset1l.dir/C_/Program_Files/Raspberry_Pi/Pico_SDK_v1.5.1/pico-sdk/src/rp2_common/pico_stdio/stdio.c.obj
                0x1000839c                stdio_init_all
 .text.resetd_init
                0x100083a4        0x2 CMakeFiles/whaletail_10baset1l.dir/C_/Program_Files/Raspberry_Pi/Pico_SDK_v1.5.1/pico-sdk/src/rp2_common/pico_stdio_usb/reset_interface.c.obj
 *fill*         0x100083a6        0x2 
 .text.resetd_reset
                0x100083a8        0xc CMakeFiles/whaletail_10baset1l.dir/C_/Program_Files/Raspberry_Pi/Pico_SDK_v1.5.1/pico-sdk/src/rp2_common/pico_stdio_usb/reset_interface.c.obj
 .text.resetd_open
                0x100083b4       0x34 CMakeFiles/whaletail_10baset1l.dir/C_/Program_Files/Raspberry_Pi/Pico_SDK_v1.5.1/pico-sdk/src/rp2_common/pico_stdio_usb/reset_interface.c.obj
 .text.resetd_xfer_cb
                0x100083e8        0x4 CMakeFiles/whaletail_10baset1l.dir/C_/Program_Files/Raspberry_Pi/Pico_SDK_v1.5.1/pico-sdk/src/rp2_common/pico_stdio_usb/reset_interface.c.obj
 .text.reset_usb_boot
                0x100083ec       0x18 CMakeFiles/whaletail_10baset1l.dir/C_/Program_Files/Raspberry_Pi/Pico_SDK_v1.5.1/pico-sdk/src/rp2_common/pico_stdio_usb/reset_interface.c.obj
 .text.resetd_control_xfer_cb
                0x10008404       0x5c CMakeFiles/whaletail_10baset1l.dir/C_/Program_Files/Raspberry_Pi/Pico_SDK_v1.5.1/pico-sdk/src/rp2_common/pico_stdio_usb/reset_interface.c.obj
 .text.usbd_app_driver_get_cb
                0x10008460        0xc CMakeFiles/whaletail_10baset1l.dir/C_/Program_Files/Raspberry_Pi/Pico_SDK_v1.5.1/pico-sdk/src/rp2_common/pico_stdio_usb/reset_interface.c.obj
                0x10008460                usbd_app_driver_get_cb
 .text.tud_cdc_line_coding_cb
                0x1000846c       0x28 CMakeFiles/whaletail_10baset1l.dir/C_/Program_Files/Raspberry_Pi/Pico_SDK_v1.5.1/pico-sdk/src/rp2_common/pico_stdio_usb/reset_interface.c.obj
                0x1000846c                tud_cdc_line_coding_cb
 .text.stdio_usb_set_chars_available_callback
                0x10008494       0x14 CMakeFiles/whaletail_10baset1l.dir/C_/Program_Files/Raspberry_Pi/Pico_SDK_v1.5.1/pico-sdk/src/rp2_common/pico_stdio_usb/stdio_usb.c.obj
                0x10008494                stdio_usb_set_chars_available_callback
 .text.usb_irq  0x100084a8       0x10 CMakeFiles/whaletail_10baset1l.dir/C_/Program_Files/Raspberry_Pi/Pico_SDK_v1.5.1/pico-sdk/src/rp2_common/pico_stdio_usb/stdio_usb.c.obj
 .text.timer_task
                0x100084b8       0x5c CMakeFiles/whaletail_10baset1l.dir/C_/Program_Files/Raspberry_Pi/Pico_SDK_v1.5.1/pico-sdk/src/rp2_common/pico_stdio_usb/stdio_usb.c.obj
 .text.low_priority_worker_irq
                0x10008514       0xdc CMakeFiles/whaletail_10baset1l.dir/C_/Program_Files/Raspberry_Pi/Pico_SDK_v1.5.1/pico-sdk/src/rp2_common/pico_stdio_usb/stdio_usb.c.obj
 .text.tud_cdc_rx_cb
                0x100085f0       0x20 CMakeFiles/whaletail_10baset1l.dir/C_/Program_Files/Raspberry_Pi/Pico_SDK_v1.5.1/pico-sdk/src/rp2_common/pico_stdio_usb/stdio_usb.c.obj
                0x100085f0                tud_cdc_rx_cb
 .text.stdio_usb_init
                0x10008610      0x11c CMakeFiles/whaletail_10baset1l.dir/C_/Program_Files/Raspberry_Pi/Pico_SDK_v1.5.1/pico-sdk/src/rp2_common/pico_stdio_usb/stdio_usb.c.obj
                0x10008610                stdio_usb_init
 .text.stdio_usb_connected
                0x1000872c        0xa CMakeFiles/whaletail_10baset1l.dir/C_/Program_Files/Raspberry_Pi/Pico_SDK_v1.5.1/pico-sdk/src/rp2_common/pico_stdio_usb/stdio_usb.c.obj
                0x1000872c                stdio_usb_connected
 *fill*         0x10008736        0x2 
 .text.stdio_usb_in_chars
                0x10008738       0xc4 CMakeFiles/whaletail_10baset1l.dir/C_/Program_Files/Raspberry_Pi/Pico_SDK_v1.5.1/pico-sdk/src/rp2_common/pico_stdio_usb/stdio_usb.c.obj
                0x10008738                stdio_usb_in_chars
 .text.stdio_usb_out_chars
                0x100087fc      0x114 CMakeFiles/whaletail_10baset1l.dir/C_/Program_Files/Raspberry_Pi/Pico_SDK_v1.5.1/pico-sdk/src/rp2_common/pico_stdio_usb/stdio_usb.c.obj
 .text.tud_descriptor_device_cb
                0x10008910        0x8 CMakeFiles/whaletail_10baset1l.dir/C_/Program_Files/Raspberry_Pi/Pico_SDK_v1.5.1/pico-sdk/src/rp2_common/pico_stdio_usb/stdio_usb_descriptors.c.obj
                0x10008910                tud_descriptor_device_cb
 .text.tud_descriptor_configuration_cb
                0x10008918        0x8 CMakeFiles/whaletail_10baset1l.dir/C_/Program_Files/Raspberry_Pi/Pico_SDK_v1.5.1/pico-sdk/src/rp2_common/pico_stdio_usb/stdio_usb_descriptors.c.obj
                0x10008918                tud_descriptor_configuration_cb
 .text.tud_descriptor_string_cb
                0x10008920       0x6c CMakeFiles/whaletail_10baset1l.dir/C_/Program_Files/Raspberry_Pi/Pico_SDK_v1.5.1/pico-sdk/src/rp2_common/pico_stdio_usb/stdio_usb_descriptors.c.obj
                0x10008920                tud_descriptor_string_cb
 .text._retrieve_unique_id_on_boot
                0x1000898c       0x10 CMakeFiles/whaletail_10baset1l.dir/C_/Program_Files/Raspberry_Pi/Pico_SDK_v1.5.1/pico-sdk/src/rp2_common/pico_unique_id/unique_id.c.obj
 .text.pico_get_unique_board_id_string
                0x1000899c       0x60 CMakeFiles/whaletail_10baset1l.dir/C_/Program_Files/Raspberry_Pi/Pico_SDK_v1.5.1/pico-sdk/src/rp2_common/pico_unique_id/unique_id.c.obj
                0x1000899c                pico_get_unique_board_id_string
 .text.flash_get_unique_id
                0x100089fc       0x46 CMakeFiles/whaletail_10baset1l.dir/C_/Program_Files/Raspberry_Pi/Pico_SDK_v1.5.1/pico-sdk/src/rp2_common/hardware_flash/flash.c.obj
                0x100089fc                flash_get_unique_id
 *fill*         0x10008a42        0x2 
 .text.hw_endpoint_get_by_addr
                0x10008a44       0x18 CMakeFiles/whaletail_10baset1l.dir/C_/Program_Files/Raspberry_Pi/Pico_SDK_v1.5.1/pico-sdk/lib/tinyusb/src/portable/raspberrypi/rp2040/dcd_rp2040.c.obj
 .text._hw_endpoint_alloc
                0x10008a5c       0x70 CMakeFiles/whaletail_10baset1l.dir/C_/Program_Files/Raspberry_Pi/Pico_SDK_v1.5.1/pico-sdk/lib/tinyusb/src/portable/raspberrypi/rp2040/dcd_rp2040.c.obj
 .text.hw_endpoint_init
                0x10008acc       0x88 CMakeFiles/whaletail_10baset1l.dir/C_/Program_Files/Raspberry_Pi/Pico_SDK_v1.5.1/pico-sdk/lib/tinyusb/src/portable/raspberrypi/rp2040/dcd_rp2040.c.obj
 .text.hw_endpoint_xfer
                0x10008b54       0x14 CMakeFiles/whaletail_10baset1l.dir/C_/Program_Files/Raspberry_Pi/Pico_SDK_v1.5.1/pico-sdk/lib/tinyusb/src/portable/raspberrypi/rp2040/dcd_rp2040.c.obj
 .text.dcd_int_enable
                0x10008b68       0x2c CMakeFiles/whaletail_10baset1l.dir/C_/Program_Files/Raspberry_Pi/Pico_SDK_v1.5.1/pico-sdk/lib/tinyusb/src/portable/raspberrypi/rp2040/dcd_rp2040.c.obj
                0x10008b68                dcd_int_enable
 .text.dcd_set_address
                0x10008b94       0x2c CMakeFiles/whaletail_10baset1l.dir/C_/Program_Files/Raspberry_Pi/Pico_SDK_v1.5.1/pico-sdk/lib/tinyusb/src/portable/raspberrypi/rp2040/dcd_rp2040.c.obj
                0x10008b94                dcd_set_address
 .text.dcd_connect
                0x10008bc0       0x10 CMakeFiles/whaletail_10baset1l.dir/C_/Program_Files/Raspberry_Pi/Pico_SDK_v1.5.1/pico-sdk/lib/tinyusb/src/portable/raspberrypi/rp2040/dcd_rp2040.c.obj
                0x10008bc0                dcd_connect
 .text.dcd_init
                0x10008bd0       0x80 CMakeFiles/whaletail_10baset1l.dir/C_/Program_Files/Raspberry_Pi/Pico_SDK_v1.5.1/pico-sdk/lib/tinyusb/src/portable/raspberrypi/rp2040/dcd_rp2040.c.obj
                0x10008bd0                dcd_init
 .text.dcd_edpt0_status_complete
                0x10008c50       0x1c CMakeFiles/whaletail_10baset1l.dir/C_/Program_Files/Raspberry_Pi/Pico_SDK_v1.5.1/pico-sdk/lib/tinyusb/src/portable/raspberrypi/rp2040/dcd_rp2040.c.obj
                0x10008c50                dcd_edpt0_status_complete
 .text.dcd_edpt_open
                0x10008c6c       0x40 CMakeFiles/whaletail_10baset1l.dir/C_/Program_Files/Raspberry_Pi/Pico_SDK_v1.5.1/pico-sdk/lib/tinyusb/src/portable/raspberrypi/rp2040/dcd_rp2040.c.obj
                0x10008c6c                dcd_edpt_open
 .text.dcd_edpt_close_all
                0x10008cac        0x8 CMakeFiles/whaletail_10baset1l.dir/C_/Program_Files/Raspberry_Pi/Pico_SDK_v1.5.1/pico-sdk/lib/tinyusb/src/portable/raspberrypi/rp2040/dcd_rp2040.c.obj
                0x10008cac                dcd_edpt_close_all
 .text.dcd_edpt_xfer
                0x10008cb4       0x34 CMakeFiles/whaletail_10baset1l.dir/C_/Program_Files/Raspberry_Pi/Pico_SDK_v1.5.1/pico-sdk/lib/tinyusb/src/portable/raspberrypi/rp2040/dcd_rp2040.c.obj
                0x10008cb4                dcd_edpt_xfer
 .text.dcd_edpt_stall
                0x10008ce8       0x2c CMakeFiles/whaletail_10baset1l.dir/C_/Program_Files/Raspberry_Pi/Pico_SDK_v1.5.1/pico-sdk/lib/tinyusb/src/portable/raspberrypi/rp2040/dcd_rp2040.c.obj
                0x10008ce8                dcd_edpt_stall
 .text.dcd_edpt_clear_stall
                0x10008d14       0x20 CMakeFiles/whaletail_10baset1l.dir/C_/Program_Files/Raspberry_Pi/Pico_SDK_v1.5.1/pico-sdk/lib/tinyusb/src/portable/raspberrypi/rp2040/dcd_rp2040.c.obj
                0x10008d14                dcd_edpt_clear_stall
 .text.rp2040_usb_init
                0x10008d34       0x4c CMakeFiles/whaletail_10baset1l.dir/C_/Program_Files/Raspberry_Pi/Pico_SDK_v1.5.1/pico-sdk/lib/tinyusb/src/portable/raspberrypi/rp2040/rp2040_usb.c.obj
                0x10008d34                rp2040_usb_init
 .text.hw_endpoint_xfer_start
                0x10008d80       0x50 CMakeFiles/whaletail_10baset1l.dir/C_/Program_Files/Raspberry_Pi/Pico_SDK_v1.5.1/pico-sdk/lib/tinyusb/src/portable/raspberrypi/rp2040/rp2040_usb.c.obj
                0x10008d80                hw_endpoint_xfer_start
 .text.configuration_reset
                0x10008dd0       0x84 CMakeFiles/whaletail_10baset1l.dir/C_/Program_Files/Raspberry_Pi/Pico_SDK_v1.5.1/pico-sdk/lib/tinyusb/src/device/usbd.c.obj
 .text.usbd_reset
                0x10008e54        0xc CMakeFiles/whaletail_10baset1l.dir/C_/Program_Files/Raspberry_Pi/Pico_SDK_v1.5.1/pico-sdk/lib/tinyusb/src/device/usbd.c.obj
 .text.invoke_class_control
                0x10008e60       0x1a CMakeFiles/whaletail_10baset1l.dir/C_/Program_Files/Raspberry_Pi/Pico_SDK_v1.5.1/pico-sdk/lib/tinyusb/src/device/usbd.c.obj
 *fill*         0x10008e7a        0x2 
 .text.process_set_config
                0x10008e7c      0x178 CMakeFiles/whaletail_10baset1l.dir/C_/Program_Files/Raspberry_Pi/Pico_SDK_v1.5.1/pico-sdk/lib/tinyusb/src/device/usbd.c.obj
 .text.process_get_descriptor
                0x10008ff4       0xdc CMakeFiles/whaletail_10baset1l.dir/C_/Program_Files/Raspberry_Pi/Pico_SDK_v1.5.1/pico-sdk/lib/tinyusb/src/device/usbd.c.obj
 .text.tud_mounted
                0x100090d0       0x10 CMakeFiles/whaletail_10baset1l.dir/C_/Program_Files/Raspberry_Pi/Pico_SDK_v1.5.1/pico-sdk/lib/tinyusb/src/device/usbd.c.obj
                0x100090d0                tud_mounted
 .text.tud_suspended
                0x100090e0       0x10 CMakeFiles/whaletail_10baset1l.dir/C_/Program_Files/Raspberry_Pi/Pico_SDK_v1.5.1/pico-sdk/lib/tinyusb/src/device/usbd.c.obj
                0x100090e0                tud_suspended
 .text.tud_inited
                0x100090f0       0x14 CMakeFiles/whaletail_10baset1l.dir/C_/Program_Files/Raspberry_Pi/Pico_SDK_v1.5.1/pico-sdk/lib/tinyusb/src/device/usbd.c.obj
                0x100090f0                tud_inited
 .text.tud_init
                0x10009104       0xcc CMakeFiles/whaletail_10baset1l.dir/C_/Program_Files/Raspberry_Pi/Pico_SDK_v1.5.1/pico-sdk/lib/tinyusb/src/device/usbd.c.obj
                0x10009104                tud_init
 .text.usbd_defer_func
                0x100091d0       0x2a CMakeFiles/whaletail_10baset1l.dir/C_/Program_Files/Raspberry_Pi/Pico_SDK_v1.5.1/pico-sdk/lib/tinyusb/src/device/usbd.c.obj
                0x100091d0                usbd_defer_func
 *fill*         0x100091fa        0x2 
 .text.usbd_edpt_open
                0x100091fc       0x34 CMakeFiles/whaletail_10baset1l.dir/C_/Program_Files/Raspberry_Pi/Pico_SDK_v1.5.1/pico-sdk/lib/tinyusb/src/device/usbd.c.obj
                0x100091fc                usbd_edpt_open
 .text.usbd_open_edpt_pair
                0x10009230       0x62 CMakeFiles/whaletail_10baset1l.dir/C_/Program_Files/Raspberry_Pi/Pico_SDK_v1.5.1/pico-sdk/lib/tinyusb/src/device/usbd.c.obj
                0x10009230                usbd_open_edpt_pair
 *fill*         0x10009292        0x2 
 .text.usbd_edpt_claim
                0x10009294       0x28 CMakeFiles/whaletail_10baset1l.dir/C_/Program_Files/Raspberry_Pi/Pico_SDK_v1.5.1/pico-sdk/lib/tinyusb/src/device/usbd.c.obj
                0x10009294                usbd_edpt_claim
 .text.usbd_edpt_release
                0x100092bc       0x28 CMakeFiles/whaletail_10baset1l.dir/C_/Program_Files/Raspberry_Pi/Pico_SDK_v1.5.1/pico-sdk/lib/tinyusb/src/device/usbd.c.obj
                0x100092bc                usbd_edpt_release
 .text.usbd_edpt_xfer
                0x100092e4       0x78 CMakeFiles/whaletail_10baset1l.dir/C_/Program_Files/Raspberry_Pi/Pico_SDK_v1.5.1/pico-sdk/lib/tinyusb/src/device/usbd.c.obj
                0x100092e4                usbd_edpt_xfer
 .text.usbd_edpt_stall
                0x1000935c       0x48 CMakeFiles/whaletail_10baset1l.dir/C_/Program_Files/Raspberry_Pi/Pico_SDK_v1.5.1/pico-sdk/lib/tinyusb/src/device/usbd.c.obj
                0x1000935c                usbd_edpt_stall
 .text.usbd_edpt_clear_stall
                0x100093a4       0x48 CMakeFiles/whaletail_10baset1l.dir/C_/Program_Files/Raspberry_Pi/Pico_SDK_v1.5.1/pico-sdk/lib/tinyusb/src/device/usbd.c.obj
                0x100093a4                usbd_edpt_clear_stall
 .text.usbd_edpt_stalled
                0x100093ec       0x1c CMakeFiles/whaletail_10baset1l.dir/C_/Program_Files/Raspberry_Pi/Pico_SDK_v1.5.1/pico-sdk/lib/tinyusb/src/device/usbd.c.obj
                0x100093ec                usbd_edpt_stalled
 .text.process_control_request
                0x10009408      0x37c CMakeFiles/whaletail_10baset1l.dir/C_/Program_Files/Raspberry_Pi/Pico_SDK_v1.5.1/pico-sdk/lib/tinyusb/src/device/usbd.c.obj
 .text.tud_task_ext
                0x10009784      0x1b8 CMakeFiles/whaletail_10baset1l.dir/C_/Program_Files/Raspberry_Pi/Pico_SDK_v1.5.1/pico-sdk/lib/tinyusb/src/device/usbd.c.obj
                0x10009784                tud_task_ext
 .text._data_stage_xact
                0x1000993c       0x58 CMakeFiles/whaletail_10baset1l.dir/C_/Program_Files/Raspberry_Pi/Pico_SDK_v1.5.1/pico-sdk/lib/tinyusb/src/device/usbd_control.c.obj
 .text.tud_control_status
                0x10009994       0x38 CMakeFiles/whaletail_10baset1l.dir/C_/Program_Files/Raspberry_Pi/Pico_SDK_v1.5.1/pico-sdk/lib/tinyusb/src/device/usbd_control.c.obj
                0x10009994                tud_control_status
 .text.tud_control_xfer
                0x100099cc       0x74 CMakeFiles/whaletail_10baset1l.dir/C_/Program_Files/Raspberry_Pi/Pico_SDK_v1.5.1/pico-sdk/lib/tinyusb/src/device/usbd_control.c.obj
                0x100099cc                tud_control_xfer
 .text.usbd_control_reset
                0x10009a40       0x14 CMakeFiles/whaletail_10baset1l.dir/C_/Program_Files/Raspberry_Pi/Pico_SDK_v1.5.1/pico-sdk/lib/tinyusb/src/device/usbd_control.c.obj
                0x10009a40                usbd_control_reset
 .text.usbd_control_set_complete_callback
                0x10009a54        0xc CMakeFiles/whaletail_10baset1l.dir/C_/Program_Files/Raspberry_Pi/Pico_SDK_v1.5.1/pico-sdk/lib/tinyusb/src/device/usbd_control.c.obj
                0x10009a54                usbd_control_set_complete_callback
 .text.usbd_control_set_request
                0x10009a60       0x1c CMakeFiles/whaletail_10baset1l.dir/C_/Program_Files/Raspberry_Pi/Pico_SDK_v1.5.1/pico-sdk/lib/tinyusb/src/device/usbd_control.c.obj
                0x10009a60                usbd_control_set_request
 .text.usbd_control_xfer_cb
                0x10009a7c       0xcc CMakeFiles/whaletail_10baset1l.dir/C_/Program_Files/Raspberry_Pi/Pico_SDK_v1.5.1/pico-sdk/lib/tinyusb/src/device/usbd_control.c.obj
                0x10009a7c                usbd_control_xfer_cb
 .text._prep_out_transaction
                0x10009b48       0x4a CMakeFiles/whaletail_10baset1l.dir/C_/Program_Files/Raspberry_Pi/Pico_SDK_v1.5.1/pico-sdk/lib/tinyusb/src/class/cdc/cdc_device.c.obj
 *fill*         0x10009b92        0x2 
 .text.tud_cdc_n_connected
                0x10009b94       0x44 CMakeFiles/whaletail_10baset1l.dir/C_/Program_Files/Raspberry_Pi/Pico_SDK_v1.5.1/pico-sdk/lib/tinyusb/src/class/cdc/cdc_device.c.obj
                0x10009b94                tud_cdc_n_connected
 .text.tud_cdc_n_available
                0x10009bd8       0x18 CMakeFiles/whaletail_10baset1l.dir/C_/Program_Files/Raspberry_Pi/Pico_SDK_v1.5.1/pico-sdk/lib/tinyusb/src/class/cdc/cdc_device.c.obj
                0x10009bd8                tud_cdc_n_available
 .text.tud_cdc_n_read
                0x10009bf0       0x28 CMakeFiles/whaletail_10baset1l.dir/C_/Program_Files/Raspberry_Pi/Pico_SDK_v1.5.1/pico-sdk/lib/tinyusb/src/class/cdc/cdc_device.c.obj
                0x10009bf0                tud_cdc_n_read
 .text.tud_cdc_n_write_flush
                0x10009c18       0xb8 CMakeFiles/whaletail_10baset1l.dir/C_/Program_Files/Raspberry_Pi/Pico_SDK_v1.5.1/pico-sdk/lib/tinyusb/src/class/cdc/cdc_device.c.obj
                0x10009c18                tud_cdc_n_write_flush
 .text.tud_cdc_n_write
                0x10009cd0       0x38 CMakeFiles/whaletail_10baset1l.dir/C_/Program_Files/Raspberry_Pi/Pico_SDK_v1.5.1/pico-sdk/lib/tinyusb/src/class/cdc/cdc_device.c.obj
                0x10009cd0                tud_cdc_n_write
 .text.tud_cdc_n_write_available
                0x10009d08       0x1c CMakeFiles/whaletail_10baset1l.dir/C_/Program_Files/Raspberry_Pi/Pico_SDK_v1.5.1/pico-sdk/lib/tinyusb/src/class/cdc/cdc_device.c.obj
                0x10009d08                tud_cdc_n_write_available
 .text.cdcd_init
                0x10009d24       0xbc CMakeFiles/whaletail_10baset1l.dir/C_/Program_Files/Raspberry_Pi/Pico_SDK_v1.5.1/pico-sdk/lib/tinyusb/src/class/cdc/cdc_device.c.obj
                0x10009d24                cdcd_init
 .text.cdcd_reset
                0x10009de0       0x44 CMakeFiles/whaletail_10baset1l.dir/C_/Program_Files/Raspberry_Pi/Pico_SDK_v1.5.1/pico-sdk/lib/tinyusb/src/class/cdc/cdc_device.c.obj
                0x10009de0                cdcd_reset
 .text.cdcd_open
                0x10009e24       0xcc CMakeFiles/whaletail_10baset1l.dir/C_/Program_Files/Raspberry_Pi/Pico_SDK_v1.5.1/pico-sdk/lib/tinyusb/src/class/cdc/cdc_device.c.obj
                0x10009e24                cdcd_open
 .text.cdcd_control_xfer_cb
                0x10009ef0      0x134 CMakeFiles/whaletail_10baset1l.dir/C_/Program_Files/Raspberry_Pi/Pico_SDK_v1.5.1/pico-sdk/lib/tinyusb/src/class/cdc/cdc_device.c.obj
                0x10009ef0                cdcd_control_xfer_cb
 .text.cdcd_xfer_cb
                0x1000a024      0x130 CMakeFiles/whaletail_10baset1l.dir/C_/Program_Files/Raspberry_Pi/Pico_SDK_v1.5.1/pico-sdk/lib/tinyusb/src/class/cdc/cdc_device.c.obj